Archive member included because of file (symbol)

c:/program files/yagarto/bin/../lib/gcc/arm-none-eabi/4.7.1/thumb/v7m\libgcc.a(_arm_addsubdf3.o)
                              build/obj/pid.o (__aeabi_f2d)
c:/program files/yagarto/bin/../lib/gcc/arm-none-eabi/4.7.1/thumb/v7m\libgcc.a(_arm_addsubsf3.o)
                              build/obj/pid.o (__aeabi_fsub)
c:/program files/yagarto/bin/../lib/gcc/arm-none-eabi/4.7.1/thumb/v7m\libgcc.a(_arm_muldivsf3.o)
                              build/obj/pid.o (__aeabi_fmul)
c:/program files/yagarto/bin/../lib/gcc/arm-none-eabi/4.7.1/thumb/v7m\libgcc.a(_arm_cmpsf2.o)
                              build/obj/pid.o (__aeabi_fcmple)
c:/program files/yagarto/bin/../lib/gcc/arm-none-eabi/4.7.1/thumb/v7m\libgcc.a(_arm_fixunssfsi.o)
                              build/obj/pid.o (__aeabi_f2uiz)
c:/program files/yagarto/bin/../lib/gcc/arm-none-eabi/4.7.1/../../../../arm-none-eabi/lib/thumb/v7m\libc.a(lib_a-memset.o)
                              build/obj/syscalls.o (memset)
c:/program files/yagarto/bin/../lib/gcc/arm-none-eabi/4.7.1/../../../../arm-none-eabi/lib/thumb/v7m\libc.a(lib_a-sprintf.o)
                              build/obj/pid.o (sprintf)
c:/program files/yagarto/bin/../lib/gcc/arm-none-eabi/4.7.1/../../../../arm-none-eabi/lib/thumb/v7m\libc.a(lib_a-svfprintf.o)
                              c:/program files/yagarto/bin/../lib/gcc/arm-none-eabi/4.7.1/../../../../arm-none-eabi/lib/thumb/v7m\libc.a(lib_a-sprintf.o) (_svfprintf_r)
c:/program files/yagarto/bin/../lib/gcc/arm-none-eabi/4.7.1/../../../../arm-none-eabi/lib/thumb/v7m\libc.a(lib_a-dtoa.o)
                              c:/program files/yagarto/bin/../lib/gcc/arm-none-eabi/4.7.1/../../../../arm-none-eabi/lib/thumb/v7m\libc.a(lib_a-svfprintf.o) (_dtoa_r)
c:/program files/yagarto/bin/../lib/gcc/arm-none-eabi/4.7.1/../../../../arm-none-eabi/lib/thumb/v7m\libc.a(lib_a-impure.o)
                              c:/program files/yagarto/bin/../lib/gcc/arm-none-eabi/4.7.1/../../../../arm-none-eabi/lib/thumb/v7m\libc.a(lib_a-sprintf.o) (_impure_ptr)
c:/program files/yagarto/bin/../lib/gcc/arm-none-eabi/4.7.1/../../../../arm-none-eabi/lib/thumb/v7m\libc.a(lib_a-locale.o)
                              c:/program files/yagarto/bin/../lib/gcc/arm-none-eabi/4.7.1/../../../../arm-none-eabi/lib/thumb/v7m\libc.a(lib_a-svfprintf.o) (_localeconv_r)
c:/program files/yagarto/bin/../lib/gcc/arm-none-eabi/4.7.1/../../../../arm-none-eabi/lib/thumb/v7m\libc.a(lib_a-mallocr.o)
                              c:/program files/yagarto/bin/../lib/gcc/arm-none-eabi/4.7.1/../../../../arm-none-eabi/lib/thumb/v7m\libc.a(lib_a-svfprintf.o) (_malloc_r)
c:/program files/yagarto/bin/../lib/gcc/arm-none-eabi/4.7.1/../../../../arm-none-eabi/lib/thumb/v7m\libc.a(lib_a-memchr-stub.o)
                              c:/program files/yagarto/bin/../lib/gcc/arm-none-eabi/4.7.1/../../../../arm-none-eabi/lib/thumb/v7m\libc.a(lib_a-svfprintf.o) (memchr)
c:/program files/yagarto/bin/../lib/gcc/arm-none-eabi/4.7.1/../../../../arm-none-eabi/lib/thumb/v7m\libc.a(lib_a-memcpy-stub.o)
                              c:/program files/yagarto/bin/../lib/gcc/arm-none-eabi/4.7.1/../../../../arm-none-eabi/lib/thumb/v7m\libc.a(lib_a-dtoa.o) (memcpy)
c:/program files/yagarto/bin/../lib/gcc/arm-none-eabi/4.7.1/../../../../arm-none-eabi/lib/thumb/v7m\libc.a(lib_a-mlock.o)
                              c:/program files/yagarto/bin/../lib/gcc/arm-none-eabi/4.7.1/../../../../arm-none-eabi/lib/thumb/v7m\libc.a(lib_a-mallocr.o) (__malloc_lock)
c:/program files/yagarto/bin/../lib/gcc/arm-none-eabi/4.7.1/../../../../arm-none-eabi/lib/thumb/v7m\libc.a(lib_a-mprec.o)
                              c:/program files/yagarto/bin/../lib/gcc/arm-none-eabi/4.7.1/../../../../arm-none-eabi/lib/thumb/v7m\libc.a(lib_a-dtoa.o) (_Balloc)
c:/program files/yagarto/bin/../lib/gcc/arm-none-eabi/4.7.1/../../../../arm-none-eabi/lib/thumb/v7m\libc.a(lib_a-s_fpclassify.o)
                              c:/program files/yagarto/bin/../lib/gcc/arm-none-eabi/4.7.1/../../../../arm-none-eabi/lib/thumb/v7m\libc.a(lib_a-svfprintf.o) (__fpclassifyd)
c:/program files/yagarto/bin/../lib/gcc/arm-none-eabi/4.7.1/../../../../arm-none-eabi/lib/thumb/v7m\libc.a(lib_a-strcmp.o)
                              c:/program files/yagarto/bin/../lib/gcc/arm-none-eabi/4.7.1/../../../../arm-none-eabi/lib/thumb/v7m\libc.a(lib_a-locale.o) (strcmp)
c:/program files/yagarto/bin/../lib/gcc/arm-none-eabi/4.7.1/../../../../arm-none-eabi/lib/thumb/v7m\libc.a(lib_a-strlen.o)
                              c:/program files/yagarto/bin/../lib/gcc/arm-none-eabi/4.7.1/../../../../arm-none-eabi/lib/thumb/v7m\libc.a(lib_a-svfprintf.o) (strlen)
c:/program files/yagarto/bin/../lib/gcc/arm-none-eabi/4.7.1/../../../../arm-none-eabi/lib/thumb/v7m\libc.a(lib_a-svfiprintf.o)
[...]
Memory Configuration

Name             Origin             Length             Attributes
flash            0x08000000         0x00020000
ram              0x20000000         0x00004000
*default*        0x00000000         0xffffffff

Linker script and memory map

LOAD build/obj/crt0.o
LOAD build/obj/vectors.o
LOAD build/obj/chcore.o
LOAD build/obj/chcore_v7m.o
LOAD build/obj/nvic.o
LOAD build/obj/chsys.o
LOAD build/obj/chdebug.o
LOAD build/obj/chlists.o
LOAD build/obj/chvt.o
LOAD build/obj/chschd.o
LOAD build/obj/chthreads.o
LOAD build/obj/chdynamic.o
LOAD build/obj/chregistry.o
LOAD build/obj/chsem.o
LOAD build/obj/chmtx.o
LOAD build/obj/chcond.o
LOAD build/obj/chevents.o
LOAD build/obj/chmsg.o
LOAD build/obj/chmboxes.o
LOAD build/obj/chqueues.o
LOAD build/obj/chmemcore.o
LOAD build/obj/chheap.o
LOAD build/obj/chmempools.o
LOAD build/obj/hal.o
LOAD build/obj/adc.o
LOAD build/obj/can.o
LOAD build/obj/ext.o
LOAD build/obj/gpt.o
LOAD build/obj/i2c.o
LOAD build/obj/icu.o
LOAD build/obj/mac.o
LOAD build/obj/pal.o
LOAD build/obj/pwm.o
LOAD build/obj/sdc.o
LOAD build/obj/serial.o
LOAD build/obj/spi.o
LOAD build/obj/uart.o
LOAD build/obj/usb.o
LOAD build/obj/tm.o
LOAD build/obj/mmc_spi.o
LOAD build/obj/serial_usb.o
LOAD build/obj/rtc.o
LOAD build/obj/stm32_dma.o
LOAD build/obj/hal_lld.o
LOAD build/obj/adc_lld.o
LOAD build/obj/ext_lld.o
LOAD build/obj/gpt_lld.o
LOAD build/obj/i2c_lld.o
LOAD build/obj/icu_lld.o
LOAD build/obj/pwm_lld.o
LOAD build/obj/serial_lld.o
LOAD build/obj/spi_lld.o
LOAD build/obj/uart_lld.o
LOAD build/obj/pal_lld.o
LOAD build/obj/usb_lld.o
LOAD build/obj/board.o
LOAD build/obj/evtimer.o
LOAD build/obj/syscalls.o
LOAD build/obj/chprintf.o
LOAD build/obj/pid.o
LOAD build/obj/main.o
START GROUP
LOAD c:/program files/yagarto/bin/../lib/gcc/arm-none-eabi/4.7.1/thumb/v7m\libgcc.a
LOAD c:/program files/yagarto/bin/../lib/gcc/arm-none-eabi/4.7.1/../../../../arm-none-eabi/lib/thumb/v7m\libc.a
END GROUP
                0x00000400                __main_stack_size__ = 0x400
                0x00000400                __process_stack_size__ = 0x400
                0x20000000                __ram_start__ = ORIGIN (ram)
                0x00004000                __ram_size__ = 0x4000
                0x20004000                __ram_end__ = (__ram_start__ + __ram_size__)
                0x00000000                . = 0x0
                0x00000000                _text = .

startup         0x08000000       0xf4
 *(vectors)
 vectors        0x08000000       0xf4 build/obj/vectors.o
                0x08000000                _vectors

constructors    0x080000f4        0x0
                0x080000f4                PROVIDE (__init_array_start, .)
 *(SORT(.init_array.*))
 *(.init_array)
                0x080000f4                PROVIDE (__init_array_end, .)

destructors     0x080000f4        0x0
                0x080000f4                PROVIDE (__fini_array_start, .)
 *(.fini_array)
 *(SORT(.fini_array.*))
                0x080000f4                PROVIDE (__fini_array_end, .)

.text           0x08000100     0x8a0c
 *(.text.startup.*)
 .text.startup.main
                0x08000100      0x47c build/obj/main.o
                0x08000100                main
 *(.text)
 *fill*         0x0800057c        0x4 00
 .text          0x08000580      0x370 c:/program files/yagarto/bin/../lib/gcc/arm-none-eabi/4.7.1/thumb/v7m\libgcc.a(_arm_addsubdf3.o)
                0x08000580                __aeabi_drsub
                0x08000588                __aeabi_dsub
                0x08000588                __subdf3
                0x0800058c                __aeabi_dadd
                0x0800058c                __adddf3
                0x08000804                __floatunsidf
                0x08000804                __aeabi_ui2d
                0x08000824                __floatsidf
                0x08000824                __aeabi_i2d
                0x08000848                __aeabi_f2d
                0x08000848                __extendsfdf2
                0x08000884                __floatundidf
                0x08000884                __aeabi_ul2d
                0x08000894                __floatdidf
                0x08000894                __aeabi_l2d
 .text          0x080008f0      0x21c c:/program files/yagarto/bin/../lib/gcc/arm-none-eabi/4.7.1/thumb/v7m\libgcc.a(_arm_addsubsf3.o)
                0x080008f0                __aeabi_frsub
                0x080008f8                __subsf3
                0x080008f8                __aeabi_fsub
                0x080008fc                __aeabi_fadd
                0x080008fc                __addsf3
                0x08000a5c                __aeabi_ui2f
                0x08000a5c                __floatunsisf
                0x08000a64                __aeabi_i2f
                0x08000a64                __floatsisf
                0x08000a80                __aeabi_ul2f
                0x08000a80                __floatundisf
                0x08000a90                __aeabi_l2f
                0x08000a90                __floatdisf
 *fill*         0x08000b0c        0x4 00
 .text          0x08000b10      0x2a0 c:/program files/yagarto/bin/../lib/gcc/arm-none-eabi/4.7.1/thumb/v7m\libgcc.a(_arm_muldivsf3.o)
                0x08000b10                __mulsf3
                0x08000b10                __aeabi_fmul
                0x08000c78                __aeabi_fdiv
                0x08000c78                __divsf3
 .text          0x08000db0       0xec c:/program files/yagarto/bin/../lib/gcc/arm-none-eabi/4.7.1/thumb/v7m\libgcc.a(_arm_cmpsf2.o)
                0x08000db0                __gesf2
                0x08000db0                __gtsf2
                0x08000db8                __lesf2
                0x08000db8                __ltsf2
                0x08000dc0                __nesf2
                0x08000dc0                __eqsf2
                0x08000dc0                __cmpsf2
                0x08000e20                __aeabi_cfrcmple
                0x08000e28                __aeabi_cfcmpeq
                0x08000e28                __aeabi_cfcmple
                0x08000e38                __aeabi_fcmpeq
                0x08000e4c                __aeabi_fcmplt
                0x08000e60                __aeabi_fcmple
                0x08000e74                __aeabi_fcmpge
                0x08000e88                __aeabi_fcmpgt
 *fill*         0x08000e9c        0x4 00
 .text          0x08000ea0       0x40 c:/program files/yagarto/bin/../lib/gcc/arm-none-eabi/4.7.1/thumb/v7m\libgcc.a(_arm_fixunssfsi.o)
                0x08000ea0                __fixunssfsi
                0x08000ea0                __aeabi_f2uiz
 .text          0x08000ee0       0x98 c:/program files/yagarto/bin/../lib/gcc/arm-none-eabi/4.7.1/../../../../arm-none-eabi/lib/thumb/v7m\libc.a(lib_a-memset.o)
                0x08000ee0                memset
 *fill*         0x08000f78        0x8 00
 .text          0x08000f80       0x94 c:/program files/yagarto/bin/../lib/gcc/arm-none-eabi/4.7.1/../../../../arm-none-eabi/lib/thumb/v7m\libc.a(lib_a-sprintf.o)
                0x08000f80                _sprintf_r
                0x08000fc4                sprintf
 *fill*         0x08001014        0xc 00
 .text          0x08001020     0x1314 c:/program files/yagarto/bin/../lib/gcc/arm-none-eabi/4.7.1/../../../../arm-none-eabi/lib/thumb/v7m\libc.a(lib_a-svfprintf.o)
                0x08001020                _svfprintf_r
 *fill*         0x08002334        0xc 00
 .text          0x08002340     0x1058 c:/program files/yagarto/bin/../lib/gcc/arm-none-eabi/4.7.1/../../../../arm-none-eabi/lib/thumb/v7m\libc.a(lib_a-dtoa.o)
                0x08002478                _dtoa_r
 *fill*         0x08003398        0x8 00
 .text          0x080033a0       0x88 c:/program files/yagarto/bin/../lib/gcc/arm-none-eabi/4.7.1/../../../../arm-none-eabi/lib/thumb/v7m\libc.a(lib_a-locale.o)
                0x080033a0                _setlocale_r
                0x080033e0                __locale_charset
                0x080033ec                __locale_mb_cur_max
                0x080033f8                __locale_msgcharset
                0x08003400                __locale_cjk_lang
                0x08003404                _localeconv_r
                0x0800340c                setlocale
                0x08003420                localeconv
 *fill*         0x08003428        0x8 00
 .text          0x08003430      0x570 c:/program files/yagarto/bin/../lib/gcc/arm-none-eabi/4.7.1/../../../../arm-none-eabi/lib/thumb/v7m\libc.a(lib_a-mallocr.o)
                0x08003430                _malloc_r
 .text          0x080039a0       0x94 c:/program files/yagarto/bin/../lib/gcc/arm-none-eabi/4.7.1/../../../../arm-none-eabi/lib/thumb/v7m\libc.a(lib_a-memchr-stub.o)
                0x080039a0                memchr
 *fill*         0x08003a34        0xc 00
 .text          0x08003a40       0x94 c:/program files/yagarto/bin/../lib/gcc/arm-none-eabi/4.7.1/../../../../arm-none-eabi/lib/thumb/v7m\libc.a(lib_a-memcpy-stub.o)
                0x08003a40                memcpy
 *fill*         0x08003ad4        0xc 00
 .text          0x08003ae0        0x8 c:/program files/yagarto/bin/../lib/gcc/arm-none-eabi/4.7.1/../../../../arm-none-eabi/lib/thumb/v7m\libc.a(lib_a-mlock.o)
                0x08003ae0                __malloc_lock
                0x08003ae4                __malloc_unlock
 *fill*         0x08003ae8        0x8 00
 .text          0x08003af0      0x8e0 c:/program files/yagarto/bin/../lib/gcc/arm-none-eabi/4.7.1/../../../../arm-none-eabi/lib/thumb/v7m\libc.a(lib_a-mprec.o)
                0x08003af0                _Balloc
                0x08003b40                _Bfree
                0x08003b54                __multadd
                0x08003bec                __s2b
                0x08003c88                __hi0bits
                0x08003cc4                __lo0bits
                0x08003d20                __i2b
                0x08003d34                __multiply
                0x08003e70                __pow5mult
                0x08003f04                __lshift
                0x08003fc4                __mcmp
                0x08004000                __mdiff
                0x080040ec                __ulp
                0x08004130                __b2d
                0x080041e0                __d2b
                0x08004294                __ratio
                0x080042fc                _mprec_log10
                0x08004330                __copybits
                0x08004378                __any_on
 .text          0x080043d0       0x50 c:/program files/yagarto/bin/../lib/gcc/arm-none-eabi/4.7.1/../../../../arm-none-eabi/lib/thumb/v7m\libc.a(lib_a-s_fpclassify.o)
                0x080043d0                __fpclassifyd
 .text          0x08004420      0x1dc c:/program files/yagarto/bin/../lib/gcc/arm-none-eabi/4.7.1/../../../../arm-none-eabi/lib/thumb/v7m\libc.a(lib_a-strcmp.o)
                0x08004420                strcmp
 *fill*         0x080045fc        0x4 00
 .text          0x08004600       0x60 c:/program files/yagarto/bin/../lib/gcc/arm-none-eabi/4.7.1/../../../../arm-none-eabi/lib/thumb/v7m\libc.a(lib_a-strlen.o)
                0x08004600                strlen
 .text          0x08004660      0xb30 c:/program files/yagarto/bin/../lib/gcc/arm-none-eabi/4.7.1/../../../../arm-none-eabi/lib/thumb/v7m\libc.a(lib_a-svfiprintf.o)
                0x08004660                __ssprint_r
                0x0800476c                _svfiprintf_r
 .text          0x08005190       0x60 c:/program files/yagarto/bin/../lib/gcc/arm-none-eabi/4.7.1/../../../../arm-none-eabi/lib/thumb/v7m\libc.a(lib_a-callocr.o)
                0x08005190                _calloc_r
 .text          0x080051f0      0x224 c:/program files/yagarto/bin/../lib/gcc/arm-none-eabi/4.7.1/../../../../arm-none-eabi/lib/thumb/v7m\libc.a(lib_a-freer.o)
                0x080051f0                _malloc_trim_r
                0x08005288                _free_r
 *fill*         0x08005414        0xc 00
 .text          0x08005420       0xbc c:/program files/yagarto/bin/../lib/gcc/arm-none-eabi/4.7.1/../../../../arm-none-eabi/lib/thumb/v7m\libc.a(lib_a-memmove.o)
                0x08005420                memmove
 *fill*         0x080054dc        0x4 00
 .text          0x080054e0      0x400 c:/program files/yagarto/bin/../lib/gcc/arm-none-eabi/4.7.1/../../../../arm-none-eabi/lib/thumb/v7m\libc.a(lib_a-reallocr.o)
                0x080054e0                _realloc_r
 .text          0x080058e0      0x278 c:/program files/yagarto/bin/../lib/gcc/arm-none-eabi/4.7.1/thumb/v7m\libgcc.a(_udivsi3.o)
                0x080058e0                __aeabi_uidiv
                0x080058e0                __udivsi3
                0x08005b3c                __aeabi_uidivmod
 *fill*         0x08005b58        0x8 00
 .text          0x08005b60        0x4 c:/program files/yagarto/bin/../lib/gcc/arm-none-eabi/4.7.1/thumb/v7m\libgcc.a(_dvmd_tls.o)
                0x08005b60                __aeabi_idiv0
                0x08005b60                __aeabi_ldiv0
 *fill*         0x08005b64        0xc 00
 .text          0x08005b70      0x424 c:/program files/yagarto/bin/../lib/gcc/arm-none-eabi/4.7.1/thumb/v7m\libgcc.a(_arm_muldivdf3.o)
                0x08005b70                __aeabi_dmul
                0x08005b70                __muldf3
                0x08005dc4                __divdf3
                0x08005dc4                __aeabi_ddiv
 *fill*         0x08005f94        0xc 00
 .text          0x08005fa0      0x110 c:/program files/yagarto/bin/../lib/gcc/arm-none-eabi/4.7.1/thumb/v7m\libgcc.a(_arm_cmpdf2.o)
                0x08005fa0                __gtdf2
                0x08005fa0                __gedf2
                0x08005fa8                __ltdf2
                0x08005fa8                __ledf2
                0x08005fb0                __nedf2
                0x08005fb0                __eqdf2
                0x08005fb0                __cmpdf2
                0x0800602c                __aeabi_cdrcmple
                0x0800603c                __aeabi_cdcmpeq
                0x0800603c                __aeabi_cdcmple
                0x0800604c                __aeabi_dcmpeq
                0x08006060                __aeabi_dcmplt
                0x08006074                __aeabi_dcmple
                0x08006088                __aeabi_dcmpge
                0x0800609c                __aeabi_dcmpgt
 .text          0x080060b0       0x50 c:/program files/yagarto/bin/../lib/gcc/arm-none-eabi/4.7.1/thumb/v7m\libgcc.a(_arm_fixdfsi.o)
                0x080060b0                __aeabi_d2iz
                0x080060b0                __fixdfsi
 *(.text.*)
 .text.__late_init
                0x08006100        0x4 build/obj/crt0.o
                0x08006100                __late_init
 *fill*         0x08006104        0xc 00
 .text._default_exit
                0x08006110        0x4 build/obj/crt0.o
                0x08006110                _default_exit
 *fill*         0x08006114        0xc 00
 .text.ResetHandler
                0x08006120      0x118 build/obj/crt0.o
                0x08006120                ResetHandler
 *fill*         0x08006238        0x8 00
 .text._unhandled_exception
                0x08006240        0x4 build/obj/vectors.o
                0x08006240                Vector58
                0x08006240                VectorE8
                0x08006240                Vector9C
                0x08006240                VectorAC
                0x08006240                Vector5C
                0x08006240                NMIVector
                0x08006240                Vector8C
                0x08006240                VectorDC
                0x08006240                VectorC8
                0x08006240                Vector94
                0x08006240                VectorA8
                0x08006240                VectorB4
                0x08006240                VectorEC
                0x08006240                UsageFaultVector
                0x08006240                DebugMonitorVector
                0x08006240                Vector40
                0x08006240                VectorBC
                0x08006240                PendSVVector
                0x08006240                Vector64
                0x08006240                VectorCC
                0x08006240                Vector54
                0x08006240                Vector98
                0x08006240                VectorD8
                0x08006240                Vector24
                0x08006240                BusFaultVector
                0x08006240                VectorD0
                0x08006240                VectorE4
                0x08006240                VectorC0
                0x08006240                HardFaultVector
                0x08006240                VectorF0
                0x08006240                VectorE0
                0x08006240                MemManageVector
                0x08006240                VectorA0
                0x08006240                VectorC4
                0x08006240                VectorB0
                0x08006240                Vector90
                0x08006240                Vector60
                0x08006240                Vector1C
                0x08006240                Vector48
                0x08006240                Vector4C
                0x08006240                Vector68
                0x08006240                _unhandled_exception
                0x08006240                Vector50
                0x08006240                Vector44
                0x08006240                Vector28
                0x08006240                Vector34
                0x08006240                VectorA4
                0x08006240                Vector20
 *fill*         0x08006244        0xc 00
 .text._port_switch_from_isr
                0x08006250        0x8 build/obj/chcore_v7m.o
                0x08006250                _port_switch_from_isr
 *fill*         0x08006258        0x8 00
 .text.SVCallVector
                0x08006260       0x14 build/obj/chcore_v7m.o
                0x08006260                SVCallVector
 *fill*         0x08006274        0xc 00
 .text._port_init
                0x08006280       0x34 build/obj/chcore_v7m.o
                0x08006280                _port_init
 *fill*         0x080062b4        0xc 00
 .text._port_irq_epilogue
                0x080062c0       0x78 build/obj/chcore_v7m.o
                0x080062c0                _port_irq_epilogue
 *fill*         0x08006338        0x8 00
 .text.SysTickVector
                0x08006340       0x1c build/obj/chcore_v7m.o
                0x08006340                SysTickVector
 *fill*         0x0800635c        0x4 00
 .text._port_switch
                0x08006360       0x10 build/obj/chcore_v7m.o
                0x08006360                _port_switch
 .text._port_thread_start
                0x08006370       0x10 build/obj/chcore_v7m.o
                0x08006370                _port_thread_start
 .text.nvicEnableVector
                0x08006380       0x48 build/obj/nvic.o
                0x08006380                nvicEnableVector
 *fill*         0x080063c8        0x8 00
 .text.nvicSetSystemHandlerPriority
                0x080063d0       0x30 build/obj/nvic.o
                0x080063d0                nvicSetSystemHandlerPriority
 .text._idle_thread
                0x08006400       0x14 build/obj/chsys.o
                0x08006400                _idle_thread
 *fill*         0x08006414        0xc 00
 .text.chSysInit
                0x08006420       0x64 build/obj/chsys.o
                0x08006420                chSysInit
 *fill*         0x08006484        0xc 00
 .text.chSysTimerHandlerI
                0x08006490       0x4c build/obj/chsys.o
                0x08006490                chSysTimerHandlerI
 *fill*         0x080064dc        0x4 00
 .text._vt_init
                0x080064e0       0x18 build/obj/chvt.o
                0x080064e0                _vt_init
 *fill*         0x080064f8        0x8 00
 .text.chVTSetI
                0x08006500       0x3c build/obj/chvt.o
                0x08006500                chVTSetI
 *fill*         0x0800653c        0x4 00
 .text.chVTResetI
                0x08006540       0x24 build/obj/chvt.o
                0x08006540                chVTResetI
 *fill*         0x08006564        0xc 00
 .text.wakeup   0x08006570       0x50 build/obj/chschd.o
 .text._scheduler_init
                0x080065c0       0x1c build/obj/chschd.o
                0x080065c0                _scheduler_init
 *fill*         0x080065dc        0x4 00
 .text.chSchReadyI
                0x080065e0       0x20 build/obj/chschd.o
                0x080065e0                chSchReadyI
 .text.chSchGoSleepS
                0x08006600       0x28 build/obj/chschd.o
                0x08006600                chSchGoSleepS
 *fill*         0x08006628        0x8 00
 .text.chSchGoSleepTimeoutS
                0x08006630       0x40 build/obj/chschd.o
                0x08006630                chSchGoSleepTimeoutS
 .text.chSchWakeupS
                0x08006670       0x5c build/obj/chschd.o
                0x08006670                chSchWakeupS
 *fill*         0x080066cc        0x4 00
 .text.chSchDoReschedule
                0x080066d0       0x40 build/obj/chschd.o
                0x080066d0                chSchDoReschedule
 .text._thread_init
                0x08006710       0x44 build/obj/chthreads.o
                0x08006710                _thread_init
 *fill*         0x08006754        0xc 00
 .text.chThdCreateI
                0x08006760       0x68 build/obj/chthreads.o
                0x08006760                chThdCreateI
 *fill*         0x080067c8        0x8 00
 .text.chThdCreateStatic
                0x080067d0       0x2c build/obj/chthreads.o
                0x080067d0                chThdCreateStatic
 *fill*         0x080067fc        0x4 00
 .text.chThdSleep
                0x08006800       0x18 build/obj/chthreads.o
                0x08006800                chThdSleep
 *fill*         0x08006818        0x8 00
 .text.chThdExitS
                0x08006820       0x40 build/obj/chthreads.o
                0x08006820                chThdExitS
 .text.chThdExit
                0x08006860        0xc build/obj/chthreads.o
                0x08006860                chThdExit
 *fill*         0x0800686c        0x4 00
 .text.chMtxInit
                0x08006870        0xc build/obj/chmtx.o
                0x08006870                chMtxInit
 *fill*         0x0800687c        0x4 00
 .text.chEvtSignalFlagsI
                0x08006880       0x30 build/obj/chevents.o
                0x08006880                chEvtSignalFlagsI
 .text.chEvtBroadcastFlagsI
                0x080068b0       0x20 build/obj/chevents.o
                0x080068b0                chEvtBroadcastFlagsI
 .text.qwait    0x080068d0       0x2c build/obj/chqueues.o
 *fill*         0x080068fc        0x4 00
 .text.chIQInit
                0x08006900       0x1c build/obj/chqueues.o
                0x08006900                chIQInit
 *fill*         0x0800691c        0x4 00
 .text.chIQPutI
                0x08006920       0x4c build/obj/chqueues.o
                0x08006920                chIQPutI
 *fill*         0x0800696c        0x4 00
 .text.chIQGetTimeout
                0x08006970       0x48 build/obj/chqueues.o
                0x08006970                chIQGetTimeout
 *fill*         0x080069b8        0x8 00
 .text.chIQReadTimeout
                0x080069c0       0x74 build/obj/chqueues.o
                0x080069c0                chIQReadTimeout
 *fill*         0x08006a34        0xc 00
 .text.chOQInit
                0x08006a40       0x18 build/obj/chqueues.o
                0x08006a40                chOQInit
 *fill*         0x08006a58        0x8 00
 .text.chOQPutTimeout
                0x08006a60       0x50 build/obj/chqueues.o
                0x08006a60                chOQPutTimeout
 .text.chOQGetI
                0x08006ab0       0x48 build/obj/chqueues.o
                0x08006ab0                chOQGetI
 *fill*         0x08006af8        0x8 00
 .text.chOQWriteTimeout
                0x08006b00       0x74 build/obj/chqueues.o
                0x08006b00                chOQWriteTimeout
 *fill*         0x08006b74        0xc 00
 .text._core_init
                0x08006b80       0x2c build/obj/chmemcore.o
                0x08006b80                _core_init
 *fill*         0x08006bac        0x4 00
 .text.chCoreAlloc
                0x08006bb0       0x34 build/obj/chmemcore.o
                0x08006bb0                chCoreAlloc
 *fill*         0x08006be4        0xc 00
 .text._heap_init
                0x08006bf0       0x20 build/obj/chheap.o
                0x08006bf0                _heap_init
 .text.halInit  0x08006c10       0x30 build/obj/hal.o
                0x08006c10                halInit
 .text.adcInit  0x08006c40        0x4 build/obj/adc.o
                0x08006c40                adcInit
 *fill*         0x08006c44        0xc 00
 .text.adcObjectInit
                0x08006c50       0x18 build/obj/adc.o
                0x08006c50                adcObjectInit
 *fill*         0x08006c68        0x8 00
 .text.adcStart
                0x08006c70       0x1c build/obj/adc.o
                0x08006c70                adcStart
 *fill*         0x08006c8c        0x4 00
 .text.adcStartConversionI
                0x08006c90       0x14 build/obj/adc.o
                0x08006c90                adcStartConversionI
 *fill*         0x08006ca4        0xc 00
 .text.pwmInit  0x08006cb0        0x4 build/obj/pwm.o
                0x08006cb0                pwmInit
 *fill*         0x08006cb4        0xc 00
 .text.pwmObjectInit
                0x08006cc0        0xc build/obj/pwm.o
                0x08006cc0                pwmObjectInit
 *fill*         0x08006ccc        0x4 00
 .text.pwmStart
                0x08006cd0       0x20 build/obj/pwm.o
                0x08006cd0                pwmStart
 .text.pwmEnableChannel
                0x08006cf0       0x14 build/obj/pwm.o
                0x08006cf0                pwmEnableChannel
 *fill*         0x08006d04        0xc 00
 .text.putwouldblock
                0x08006d10        0xc build/obj/serial.o
 *fill*         0x08006d1c        0x4 00
 .text.getwouldblock
                0x08006d20        0xc build/obj/serial.o
 *fill*         0x08006d2c        0x4 00
 .text.getflags
                0x08006d30       0x18 build/obj/serial.o
 *fill*         0x08006d48        0x8 00
 .text.readt    0x08006d50        0x8 build/obj/serial.o
 *fill*         0x08006d58        0x8 00
 .text.reads    0x08006d60        0xc build/obj/serial.o
 *fill*         0x08006d6c        0x4 00
 .text.writet   0x08006d70        0x8 build/obj/serial.o
 *fill*         0x08006d78        0x8 00
 .text.writes   0x08006d80        0xc build/obj/serial.o
 *fill*         0x08006d8c        0x4 00
 .text.gett     0x08006d90        0x8 build/obj/serial.o
 *fill*         0x08006d98        0x8 00
 .text.putt     0x08006da0        0x8 build/obj/serial.o
 *fill*         0x08006da8        0x8 00
 .text.sdInit   0x08006db0        0x4 build/obj/serial.o
                0x08006db0                sdInit
 *fill*         0x08006db4        0xc 00
 .text.sdObjectInit
                0x08006dc0       0x44 build/obj/serial.o
                0x08006dc0                sdObjectInit
 *fill*         0x08006e04        0xc 00
 .text.sdStart  0x08006e10       0x1c build/obj/serial.o
                0x08006e10                sdStart
 *fill*         0x08006e2c        0x4 00
 .text.sdIncomingDataI
                0x08006e30       0x4c build/obj/serial.o
                0x08006e30                sdIncomingDataI
 *fill*         0x08006e7c        0x4 00
 .text.spiInit  0x08006e80        0x4 build/obj/spi.o
                0x08006e80                spiInit
 *fill*         0x08006e84        0xc 00
 .text.spiObjectInit
                0x08006e90       0x10 build/obj/spi.o
                0x08006e90                spiObjectInit
 .text.tm_start
                0x08006ea0       0x10 build/obj/tm.o
 .text.tm_stop  0x08006eb0       0x30 build/obj/tm.o
 .text.tmInit   0x08006ee0       0x48 build/obj/tm.o
                0x08006ee0                tmInit
 *fill*         0x08006f28        0x8 00
 .text.Vector6C
                0x08006f30       0x2c build/obj/stm32_dma.o
                0x08006f30                Vector6C
 *fill*         0x08006f5c        0x4 00
 .text.Vector70
                0x08006f60       0x2c build/obj/stm32_dma.o
                0x08006f60                Vector70
 *fill*         0x08006f8c        0x4 00
 .text.Vector74
                0x08006f90       0x2c build/obj/stm32_dma.o
                0x08006f90                Vector74
 *fill*         0x08006fbc        0x4 00
 .text.Vector78
                0x08006fc0       0x2c build/obj/stm32_dma.o
                0x08006fc0                Vector78
 *fill*         0x08006fec        0x4 00
 .text.Vector7C
                0x08006ff0       0x2c build/obj/stm32_dma.o
                0x08006ff0                Vector7C
 *fill*         0x0800701c        0x4 00
 .text.Vector80
                0x08007020       0x2c build/obj/stm32_dma.o
                0x08007020                Vector80
 *fill*         0x0800704c        0x4 00
 .text.Vector84
                0x08007050       0x2c build/obj/stm32_dma.o
                0x08007050                Vector84
 *fill*         0x0800707c        0x4 00
 .text.dmaInit  0x08007080       0x3c build/obj/stm32_dma.o
                0x08007080                dmaInit
 *fill*         0x080070bc        0x4 00
 .text.dmaStreamAllocate
                0x080070c0       0x78 build/obj/stm32_dma.o
                0x080070c0                dmaStreamAllocate
 *fill*         0x08007138        0x8 00
 .text.hal_lld_init
                0x08007140       0xc8 build/obj/hal_lld.o
                0x08007140                hal_lld_init
 *fill*         0x08007208        0x8 00
 .text.stm32_clock_init
                0x08007210      0x140 build/obj/hal_lld.o
                0x08007210                stm32_clock_init
 .text.adc_lld_serve_rx_interrupt
                0x08007350      0x128 build/obj/adc_lld.o
 *fill*         0x08007478        0x8 00
 .text.Vector88
                0x08007480       0x88 build/obj/adc_lld.o
                0x08007480                Vector88
 *fill*         0x08007508        0x8 00
 .text.adc_lld_init
                0x08007510       0x38 build/obj/adc_lld.o
                0x08007510                adc_lld_init
 *fill*         0x08007548        0x8 00
 .text.adc_lld_start
                0x08007550       0x54 build/obj/adc_lld.o
                0x08007550                adc_lld_start
 *fill*         0x080075a4        0xc 00
 .text.adc_lld_start_conversion
                0x080075b0       0x8c build/obj/adc_lld.o
                0x080075b0                adc_lld_start_conversion
 *fill*         0x0800763c        0x4 00
 .text.adcSTM32EnableTSVREFE
                0x08007640       0x14 build/obj/adc_lld.o
                0x08007640                adcSTM32EnableTSVREFE
 *fill*         0x08007654        0xc 00
 .text.VectorB8
                0x08007660       0x78 build/obj/pwm_lld.o
                0x08007660                VectorB8
 *fill*         0x080076d8        0x8 00
 .text.pwm_lld_init
                0x080076e0       0x1c build/obj/pwm_lld.o
                0x080076e0                pwm_lld_init
 *fill*         0x080076fc        0x4 00
 .text.pwm_lld_start
                0x08007700      0x110 build/obj/pwm_lld.o
                0x08007700                pwm_lld_start
 .text.pwm_lld_enable_channel
                0x08007810       0x38 build/obj/pwm_lld.o
                0x08007810                pwm_lld_enable_channel
 *fill*         0x08007848        0x8 00
 .text.notify1  0x08007850       0x14 build/obj/serial_lld.o
 *fill*         0x08007864        0xc 00
 .text.VectorD4
                0x08007870      0x15c build/obj/serial_lld.o
                0x08007870                VectorD4
 *fill*         0x080079cc        0x4 00
 .text.sd_lld_init
                0x080079d0       0x28 build/obj/serial_lld.o
                0x080079d0                sd_lld_init
 *fill*         0x080079f8        0x8 00
 .text.sd_lld_start
                0x08007a00       0x7c build/obj/serial_lld.o
                0x08007a00                sd_lld_start
 *fill*         0x08007a7c        0x4 00
 .text.spi_lld_init
                0x08007a80       0x44 build/obj/spi_lld.o
                0x08007a80                spi_lld_init
 *fill*         0x08007ac4        0xc 00
 .text.spi_lld_select
                0x08007ad0       0x14 build/obj/spi_lld.o
                0x08007ad0                spi_lld_select
 *fill*         0x08007ae4        0xc 00
 .text.spi_lld_send
                0x08007af0       0x3c build/obj/spi_lld.o
                0x08007af0                spi_lld_send
 *fill*         0x08007b2c        0x4 00
 .text._pal_lld_init
                0x08007b30      0x108 build/obj/pal_lld.o
                0x08007b30                _pal_lld_init
 *fill*         0x08007c38        0x8 00
 .text._pal_lld_setgroupmode
                0x08007c40       0xbc build/obj/pal_lld.o
                0x08007c40                _pal_lld_setgroupmode
 *fill*         0x08007cfc        0x4 00
 .text.__early_init
                0x08007d00        0x4 build/obj/board.o
                0x08007d00                __early_init
 *fill*         0x08007d04        0xc 00
 .text.boardInit
                0x08007d10        0x4 build/obj/board.o
                0x08007d10                boardInit
 *fill*         0x08007d14        0xc 00
 .text._sbrk_r  0x08007d20       0x18 build/obj/syscalls.o
                0x08007d20                _sbrk_r
 *fill*         0x08007d38        0x8 00
 .text.ltoa     0x08007d40       0x44 build/obj/chprintf.o
 *fill*         0x08007d84        0xc 00
 .text.chprintf
                0x08007d90      0x2dc build/obj/chprintf.o
                0x08007d90                chprintf
 *fill*         0x0800806c        0x4 00
 .text.initPIDStruct
                0x08008070       0x2c build/obj/pid.o
                0x08008070                initPIDStruct
 *fill*         0x0800809c        0x4 00
 .text.resetPIDStruct
                0x080080a0        0xc build/obj/pid.o
                0x080080a0                resetPIDStruct
 *fill*         0x080080ac        0x4 00
 .text.PIDUpdatePid
                0x080080b0      0x160 build/obj/pid.o
                0x080080b0                PIDUpdatePid
 .text.Thread1  0x08008210       0x58 build/obj/main.o
 *fill*         0x08008268        0x8 00
 .text.adccb    0x08008270       0x68 build/obj/main.o
 *(.rodata)
 *fill*         0x080082d8        0x8 00
 .rodata        0x080082e0       0x20 c:/program files/yagarto/bin/../lib/gcc/arm-none-eabi/4.7.1/../../../../arm-none-eabi/lib/thumb/v7m\libc.a(lib_a-svfprintf.o)
 .rodata        0x08008300      0x128 c:/program files/yagarto/bin/../lib/gcc/arm-none-eabi/4.7.1/../../../../arm-none-eabi/lib/thumb/v7m\libc.a(lib_a-mprec.o)
                0x08008310                __mprec_tens
                0x080083d8                __mprec_tinytens
                0x08008400                __mprec_bigtens
 *fill*         0x08008428        0x8 00
 .rodata        0x08008430       0x20 c:/program files/yagarto/bin/../lib/gcc/arm-none-eabi/4.7.1/../../../../arm-none-eabi/lib/thumb/v7m\libc.a(lib_a-svfiprintf.o)
 *(.rodata.*)
 .rodata.str1.4
                0x08008450        0xd build/obj/chsys.o
                                 0x10 (size before relaxing)
 *fill*         0x0800845d        0x3 00
 .rodata.vmt    0x08008460       0x24 build/obj/serial.o
 *fill*         0x08008484        0xc 00
 .rodata._stm32_dma_streams
                0x08008490       0x54 build/obj/stm32_dma.o
                0x08008490                _stm32_dma_streams
 *fill*         0x080084e4        0xc 00
 .rodata.default_config
                0x080084f0        0xc build/obj/serial_lld.o
 *fill*         0x080084fc        0x4 00
 .rodata.pal_default_config
                0x08008500       0xa8 build/obj/board.o
                0x08008500                pal_default_config
 *fill*         0x080085a8        0x8 00
 .rodata.str1.4
                0x080085b0        0x7 build/obj/chprintf.o
                                  0x8 (size before relaxing)
 *fill*         0x080085b7        0x9 00
 .rodata.str1.4
                0x080085c0       0x1f build/obj/pid.o
                                 0x20 (size before relaxing)
 *fill*         0x080085df        0x1 00
 .rodata.desired_temps_x4
                0x080085e0      0x2dc build/obj/main.o
                0x080085e0                desired_temps_x4
 *fill*         0x080088bc        0x4 00
 .rodata.str1.4
                0x080088c0      0x194 build/obj/main.o
 *fill*         0x08008a54        0xc 00
 .rodata.adcgrpcfg
                0x08008a60       0x38 build/obj/main.o
 *fill*         0x08008a98        0x8 00
 .rodata.str1.4
                0x08008aa0       0x3a c:/program files/yagarto/bin/../lib/gcc/arm-none-eabi/4.7.1/../../../../arm-none-eabi/lib/thumb/v7m\libc.a(lib_a-svfprintf.o)
                                 0x44 (size before relaxing)
 *fill*         0x08008ada        0x6 00
 .rodata.str1.4
                0x08008ae0       0x10 c:/program files/yagarto/bin/../lib/gcc/arm-none-eabi/4.7.1/../../../../arm-none-eabi/lib/thumb/v7m\libc.a(lib_a-dtoa.o)
                                 0x14 (size before relaxing)
 .rodata.str1.4
                0x08008af0        0x2 c:/program files/yagarto/bin/../lib/gcc/arm-none-eabi/4.7.1/../../../../arm-none-eabi/lib/thumb/v7m\libc.a(lib_a-impure.o)
                                  0x4 (size before relaxing)
 *fill*         0x08008af2        0xe 00
 .rodata.str1.4
                0x08008b00        0xc c:/program files/yagarto/bin/../lib/gcc/arm-none-eabi/4.7.1/../../../../arm-none-eabi/lib/thumb/v7m\libc.a(lib_a-locale.o)
                                 0x14 (size before relaxing)
 .rodata.str1.4
                0x00000000       0x30 c:/program files/yagarto/bin/../lib/gcc/arm-none-eabi/4.7.1/../../../../arm-none-eabi/lib/thumb/v7m\libc.a(lib_a-svfiprintf.o)
 *(.glue_7t)
 .glue_7t       0x00000000        0x0 linker stubs
 *(.glue_7)
 .glue_7        0x00000000        0x0 linker stubs
 *(.gcc*)

.vfp11_veneer   0x08008b0c        0x0
 .vfp11_veneer  0x00000000        0x0 linker stubs

.v4_bx          0x08008b0c        0x0
 .v4_bx         0x00000000        0x0 linker stubs

.iplt           0x08008b0c        0x0
 .iplt          0x00000000        0x0 build/obj/crt0.o

.rel.dyn        0x08008b0c        0x0
 .rel.iplt      0x00000000        0x0 build/obj/crt0.o

.ARM.extab
 *(.ARM.extab* .gnu.linkonce.armextab.*)

.ARM.exidx      0x08008b0c        0x0
                0x08008b0c                PROVIDE (__exidx_start, .)
 *(.ARM.exidx* .gnu.linkonce.armexidx.*)
                0x08008b0c                PROVIDE (__exidx_end, .)

.eh_frame_hdr
 *(.eh_frame_hdr)

.eh_frame
 *(.eh_frame)

.textalign      0x08008b0c        0x4
                0x08008b10                . = ALIGN (0x8)
 *fill*         0x08008b0c        0x4 00
                0x08008b10                _etext = .
                0x08008b10                _textdata = _etext

.stacks         0x20000000      0x800
                0x20000000                . = ALIGN (0x8)
                0x20000000                __main_stack_base__ = .
                0x20000400                . = (. + __main_stack_size__)
 *fill*         0x20000000      0x400 00
                0x20000400                . = ALIGN (0x8)
                0x20000400                __main_stack_end__ = .
                0x20000400                __process_stack_base__ = .
                0x20000400                __main_thread_stack_base__ = .
                0x20000800                . = (. + __process_stack_size__)
 *fill*         0x20000400      0x400 00
                0x20000800                . = ALIGN (0x8)
                0x20000800                __process_stack_end__ = .
                0x20000800                __main_thread_stack_end__ = .

.data           0x20000800      0x8ec load address 0x08008b10
                0x20000800                . = ALIGN (0x4)
                0x20000800                PROVIDE (_data, .)
 *(.data)
 .data          0x20000800      0x430 c:/program files/yagarto/bin/../lib/gcc/arm-none-eabi/4.7.1/../../../../arm-none-eabi/lib/thumb/v7m\libc.a(lib_a-impure.o)
                0x20000800                _impure_ptr
 .data          0x20000c30       0x7c c:/program files/yagarto/bin/../lib/gcc/arm-none-eabi/4.7.1/../../../../arm-none-eabi/lib/thumb/v7m\libc.a(lib_a-locale.o)
                0x20000c50                __mb_cur_max
 .data          0x20000cac      0x410 c:/program files/yagarto/bin/../lib/gcc/arm-none-eabi/4.7.1/../../../../arm-none-eabi/lib/thumb/v7m\libc.a(lib_a-mallocr.o)
                0x20000cac                __malloc_av_
                0x200010b4                __malloc_sbrk_base
                0x200010b8                __malloc_trim_threshold
                0x200010bc                . = ALIGN (0x4)
 *(.data.*)
 .data.pwmcfg   0x200010bc       0x30 build/obj/main.o
                0x200010ec                . = ALIGN (0x4)
 *(.ramtext)
                0x200010ec                . = ALIGN (0x4)
                0x200010ec                PROVIDE (_edata, .)

.igot.plt       0x200010ec        0x0 load address 0x080093fc
 .igot.plt      0x00000000        0x0 build/obj/crt0.o

.bss            0x200010f0      0x458 load address 0x08009400
                0x200010f0                . = ALIGN (0x4)
                0x200010f0                PROVIDE (_bss_start, .)
 *(.bss)
 .bss           0x200010f0       0x34 c:/program files/yagarto/bin/../lib/gcc/arm-none-eabi/4.7.1/../../../../arm-none-eabi/lib/thumb/v7m\libc.a(lib_a-mallocr.o)
                0x200010f0                __malloc_top_pad
                0x200010f4                __malloc_current_mallinfo
                0x2000111c                __malloc_max_sbrked_mem
                0x20001120                __malloc_max_total_mem
                0x20001124                . = ALIGN (0x4)
 *(.bss.*)
 .bss.mainthread.4794
                0x20001124       0x48 build/obj/chsys.o
 *fill*         0x2000116c        0x4 00
 .bss._idle_thread_wa
                0x20001170       0xc0 build/obj/chsys.o
                0x20001170                _idle_thread_wa
 .bss.vtlist    0x20001230       0x10 build/obj/chvt.o
                0x20001230                vtlist
 .bss.rlist     0x20001240       0x20 build/obj/chschd.o
                0x20001240                rlist
 .bss.endmem    0x20001260        0x4 build/obj/chmemcore.o
 .bss.nextmem   0x20001264        0x4 build/obj/chmemcore.o
 .bss.default_heap
                0x20001268       0x20 build/obj/chheap.o
 .bss.measurement_offset
                0x20001288        0x4 build/obj/tm.o
 .bss.dma_isr_redir
                0x2000128c       0x38 build/obj/stm32_dma.o
 .bss.dma_streams_mask
                0x200012c4        0x4 build/obj/stm32_dma.o
 .bss.ADCD1     0x200012c8       0x34 build/obj/adc_lld.o
                0x200012c8                ADCD1
 .bss.PWMD4     0x200012fc       0x14 build/obj/pwm_lld.o
                0x200012fc                PWMD4
 .bss.SD1       0x20001310       0x74 build/obj/serial_lld.o
                0x20001310                SD1
 .bss.dummytx   0x20001384        0x2 build/obj/spi_lld.o
 *fill*         0x20001386        0x2 00
 .bss.SPID2     0x20001388       0x30 build/obj/spi_lld.o
                0x20001388                SPID2
 .bss.dummyrx   0x200013b8        0x2 build/obj/spi_lld.o
 *fill*         0x200013ba        0x6 00
 .bss.waThread1
                0x200013c0      0x130 build/obj/main.o
 .bss.seconds_counter
                0x200014f0        0x4 build/obj/main.o
                0x200014f0                seconds_counter
 .bss.running   0x200014f4        0x1 build/obj/main.o
                0x200014f4                running
 *fill*         0x200014f5        0x1 00
 .bss.heat_duty
                0x200014f6        0x2 build/obj/main.o
                0x200014f6                heat_duty
 .bss.avg_ch1   0x200014f8        0x2 build/obj/main.o
                0x200014f8                avg_ch1
 *fill*         0x200014fa        0x2 00
 .bss.clk_ticks
                0x200014fc        0x4 build/obj/main.o
                0x200014fc                clk_ticks
 .bss.avg_ch2   0x20001500        0x2 build/obj/main.o
                0x20001500                avg_ch2
 *fill*         0x20001502        0x2 00
 .bss.samples   0x20001504       0x10 build/obj/main.o
 .bss.heatPID   0x20001514       0x30 build/obj/main.o
                0x20001514                heatPID
 .bss.preheat   0x20001544        0x1 build/obj/main.o
                0x20001544                preheat
 *fill*         0x20001545        0x1 00
 .bss.fan_duty  0x20001546        0x2 build/obj/main.o
                0x20001546                fan_duty
                0x20001548                . = ALIGN (0x4)
 *(COMMON)
                0x20001548                . = ALIGN (0x4)
                0x20001548                PROVIDE (_bss_end, .)
                0x20001548                PROVIDE (end, .)
                0x20001548                _end = .
                0x20001548                __heap_base__ = _end
                0x20004000                __heap_end__ = __ram_end__
OUTPUT(build/ch.elf elf32-littlearm)

.debug_info     0x00000000    0x1e6b7
 .debug_info    0x00000000      0x2f5 build/obj/crt0.o
 .debug_info    0x000002f5       0xbd build/obj/vectors.o
 .debug_info    0x000003b2      0x896 build/obj/chcore_v7m.o
 .debug_info    0x00000c48      0x44e build/obj/nvic.o
 .debug_info    0x00001096      0x72d build/obj/chsys.o
 .debug_info    0x000017c3      0x273 build/obj/chvt.o
 .debug_info    0x00001a36      0x8fa build/obj/chschd.o
 .debug_info    0x00002330      0xc3a build/obj/chthreads.o
 .debug_info    0x00002f6a      0xa44 build/obj/chmtx.o
 .debug_info    0x000039ae      0xd63 build/obj/chevents.o
 .debug_info    0x00004711      0xc46 build/obj/chqueues.o
 .debug_info    0x00005357      0x228 build/obj/chmemcore.o
 .debug_info    0x0000557f      0x718 build/obj/chheap.o
 .debug_info    0x00005c97      0x3e8 build/obj/hal.o
 .debug_info    0x0000607f      0xf2f build/obj/adc.o
 .debug_info    0x00006fae      0x761 build/obj/pwm.o
 .debug_info    0x0000770f     0x1192 build/obj/serial.o
 .debug_info    0x000088a1     0x11a5 build/obj/spi.o
 .debug_info    0x00009a46      0x2ec build/obj/tm.o
 .debug_info    0x00009d32      0x716 build/obj/stm32_dma.o
 .debug_info    0x0000a448      0x406 build/obj/hal_lld.o
 .debug_info    0x0000a84e     0x100e build/obj/adc_lld.o
 .debug_info    0x0000b85c      0x8f9 build/obj/pwm_lld.o
 .debug_info    0x0000c155     0x10b0 build/obj/serial_lld.o
 .debug_info    0x0000d205      0xd58 build/obj/spi_lld.o
 .debug_info    0x0000df5d      0x5a1 build/obj/pal_lld.o
 .debug_info    0x0000e4fe      0x1e1 build/obj/board.o
 .debug_info    0x0000e6df      0xd39 build/obj/syscalls.o
 .debug_info    0x0000f418      0x4a2 build/obj/chprintf.o
 .debug_info    0x0000f8ba      0xbce build/obj/pid.o
 .debug_info    0x00010488     0x21b0 build/obj/main.o
 .debug_info    0x00012638       0xa0 c:/program files/yagarto/bin/../lib/gcc/arm-none-eabi/4.7.1/thumb/v7m\libgcc.a(_arm_addsubdf3.o)
 .debug_info    0x000126d8       0xa0 c:/program files/yagarto/bin/../lib/gcc/arm-none-eabi/4.7.1/thumb/v7m\libgcc.a(_arm_addsubsf3.o)
 .debug_info    0x00012778       0xa0 c:/program files/yagarto/bin/../lib/gcc/arm-none-eabi/4.7.1/thumb/v7m\libgcc.a(_arm_muldivsf3.o)
 .debug_info    0x00012818       0xa0 c:/program files/yagarto/bin/../lib/gcc/arm-none-eabi/4.7.1/thumb/v7m\libgcc.a(_arm_cmpsf2.o)
 .debug_info    0x000128b8       0xa0 c:/program files/yagarto/bin/../lib/gcc/arm-none-eabi/4.7.1/thumb/v7m\libgcc.a(_arm_fixunssfsi.o)
 .debug_info    0x00012958      0x11c c:/program files/yagarto/bin/../lib/gcc/arm-none-eabi/4.7.1/../../../../arm-none-eabi/lib/thumb/v7m\libc.a(lib_a-memset.o)
 .debug_info    0x00012a74      0xacf c:/program files/yagarto/bin/../lib/gcc/arm-none-eabi/4.7.1/../../../../arm-none-eabi/lib/thumb/v7m\libc.a(lib_a-sprintf.o)
 .debug_info    0x00013543     0x1790 c:/program files/yagarto/bin/../lib/gcc/arm-none-eabi/4.7.1/../../../../arm-none-eabi/lib/thumb/v7m\libc.a(lib_a-svfprintf.o)
 .debug_info    0x00014cd3     0x1429 c:/program files/yagarto/bin/../lib/gcc/arm-none-eabi/4.7.1/../../../../arm-none-eabi/lib/thumb/v7m\libc.a(lib_a-dtoa.o)
 .debug_info    0x000160fc      0x965 c:/program files/yagarto/bin/../lib/gcc/arm-none-eabi/4.7.1/../../../../arm-none-eabi/lib/thumb/v7m\libc.a(lib_a-impure.o)
 .debug_info    0x00016a61      0xd0f c:/program files/yagarto/bin/../lib/gcc/arm-none-eabi/4.7.1/../../../../arm-none-eabi/lib/thumb/v7m\libc.a(lib_a-locale.o)
 .debug_info    0x00017770      0xe85 c:/program files/yagarto/bin/../lib/gcc/arm-none-eabi/4.7.1/../../../../arm-none-eabi/lib/thumb/v7m\libc.a(lib_a-mallocr.o)
 .debug_info    0x000185f5      0x12e c:/program files/yagarto/bin/../lib/gcc/arm-none-eabi/4.7.1/../../../../arm-none-eabi/lib/thumb/v7m\libc.a(lib_a-memchr-stub.o)
 .debug_info    0x00018723      0x136 c:/program files/yagarto/bin/../lib/gcc/arm-none-eabi/4.7.1/../../../../arm-none-eabi/lib/thumb/v7m\libc.a(lib_a-memcpy-stub.o)
 .debug_info    0x00018859      0x989 c:/program files/yagarto/bin/../lib/gcc/arm-none-eabi/4.7.1/../../../../arm-none-eabi/lib/thumb/v7m\libc.a(lib_a-mlock.o)
 .debug_info    0x000191e2     0x1760 c:/program files/yagarto/bin/../lib/gcc/arm-none-eabi/4.7.1/../../../../arm-none-eabi/lib/thumb/v7m\libc.a(lib_a-mprec.o)
 .debug_info    0x0001a942       0xdf c:/program files/yagarto/bin/../lib/gcc/arm-none-eabi/4.7.1/../../../../arm-none-eabi/lib/thumb/v7m\libc.a(lib_a-s_fpclassify.o)
 .debug_info    0x0001aa21       0xf0 c:/program files/yagarto/bin/../lib/gcc/arm-none-eabi/4.7.1/../../../../arm-none-eabi/lib/thumb/v7m\libc.a(lib_a-strcmp.o)
 .debug_info    0x0001ab11       0xb9 c:/program files/yagarto/bin/../lib/gcc/arm-none-eabi/4.7.1/../../../../arm-none-eabi/lib/thumb/v7m\libc.a(lib_a-strlen.o)
 .debug_info    0x0001abca     0x1116 c:/program files/yagarto/bin/../lib/gcc/arm-none-eabi/4.7.1/../../../../arm-none-eabi/lib/thumb/v7m\libc.a(lib_a-svfiprintf.o)
 .debug_info    0x0001bce0      0xac2 c:/program files/yagarto/bin/../lib/gcc/arm-none-eabi/4.7.1/../../../../arm-none-eabi/lib/thumb/v7m\libc.a(lib_a-callocr.o)
 .debug_info    0x0001c7a2      0xd0f c:/program files/yagarto/bin/../lib/gcc/arm-none-eabi/4.7.1/../../../../arm-none-eabi/lib/thumb/v7m\libc.a(lib_a-freer.o)
 .debug_info    0x0001d4b1      0x136 c:/program files/yagarto/bin/../lib/gcc/arm-none-eabi/4.7.1/../../../../arm-none-eabi/lib/thumb/v7m\libc.a(lib_a-memmove.o)
 .debug_info    0x0001d5e7      0xdb2 c:/program files/yagarto/bin/../lib/gcc/arm-none-eabi/4.7.1/../../../../arm-none-eabi/lib/thumb/v7m\libc.a(lib_a-reallocr.o)
 .debug_info    0x0001e399       0x9f c:/program files/yagarto/bin/../lib/gcc/arm-none-eabi/4.7.1/thumb/v7m\libgcc.a(_udivsi3.o)
 .debug_info    0x0001e438       0x9f c:/program files/yagarto/bin/../lib/gcc/arm-none-eabi/4.7.1/thumb/v7m\libgcc.a(_dvmd_tls.o)
 .debug_info    0x0001e4d7       0xa0 c:/program files/yagarto/bin/../lib/gcc/arm-none-eabi/4.7.1/thumb/v7m\libgcc.a(_arm_muldivdf3.o)
 .debug_info    0x0001e577       0xa0 c:/program files/yagarto/bin/../lib/gcc/arm-none-eabi/4.7.1/thumb/v7m\libgcc.a(_arm_cmpdf2.o)
 .debug_info    0x0001e617       0xa0 c:/program files/yagarto/bin/../lib/gcc/arm-none-eabi/4.7.1/thumb/v7m\libgcc.a(_arm_fixdfsi.o)

.debug_abbrev   0x00000000     0x6654
 .debug_abbrev  0x00000000      0x128 build/obj/crt0.o
 .debug_abbrev  0x00000128       0x77 build/obj/vectors.o
 .debug_abbrev  0x0000019f      0x1fe build/obj/chcore_v7m.o
 .debug_abbrev  0x0000039d       0xf2 build/obj/nvic.o
 .debug_abbrev  0x0000048f      0x220 build/obj/chsys.o
 .debug_abbrev  0x000006af      0x15e build/obj/chvt.o
 .debug_abbrev  0x0000080d      0x346 build/obj/chschd.o
 .debug_abbrev  0x00000b53      0x355 build/obj/chthreads.o
 .debug_abbrev  0x00000ea8      0x316 build/obj/chmtx.o
 .debug_abbrev  0x000011be      0x310 build/obj/chevents.o
 .debug_abbrev  0x000014ce      0x33b build/obj/chqueues.o
 .debug_abbrev  0x00001809      0x16c build/obj/chmemcore.o
 .debug_abbrev  0x00001975      0x210 build/obj/chheap.o
 .debug_abbrev  0x00001b85      0x1c1 build/obj/hal.o
 .debug_abbrev  0x00001d46      0x304 build/obj/adc.o
 .debug_abbrev  0x0000204a      0x1e1 build/obj/pwm.o
 .debug_abbrev  0x0000222b      0x2d1 build/obj/serial.o
 .debug_abbrev  0x000024fc      0x2ac build/obj/spi.o
 .debug_abbrev  0x000027a8      0x19c build/obj/tm.o
 .debug_abbrev  0x00002944      0x212 build/obj/stm32_dma.o
 .debug_abbrev  0x00002b56      0x11b build/obj/hal_lld.o
 .debug_abbrev  0x00002c71      0x317 build/obj/adc_lld.o
 .debug_abbrev  0x00002f88      0x285 build/obj/pwm_lld.o
 .debug_abbrev  0x0000320d      0x341 build/obj/serial_lld.o
 .debug_abbrev  0x0000354e      0x329 build/obj/spi_lld.o
 .debug_abbrev  0x00003877      0x19a build/obj/pal_lld.o
 .debug_abbrev  0x00003a11       0xe5 build/obj/board.o
 .debug_abbrev  0x00003af6      0x208 build/obj/syscalls.o
 .debug_abbrev  0x00003cfe      0x186 build/obj/chprintf.o
 .debug_abbrev  0x00003e84      0x258 build/obj/pid.o
 .debug_abbrev  0x000040dc      0x3ae build/obj/main.o
 .debug_abbrev  0x0000448a       0x14 c:/program files/yagarto/bin/../lib/gcc/arm-none-eabi/4.7.1/thumb/v7m\libgcc.a(_arm_addsubdf3.o)
 .debug_abbrev  0x0000449e       0x14 c:/program files/yagarto/bin/../lib/gcc/arm-none-eabi/4.7.1/thumb/v7m\libgcc.a(_arm_addsubsf3.o)
 .debug_abbrev  0x000044b2       0x14 c:/program files/yagarto/bin/../lib/gcc/arm-none-eabi/4.7.1/thumb/v7m\libgcc.a(_arm_muldivsf3.o)
 .debug_abbrev  0x000044c6       0x14 c:/program files/yagarto/bin/../lib/gcc/arm-none-eabi/4.7.1/thumb/v7m\libgcc.a(_arm_cmpsf2.o)
 .debug_abbrev  0x000044da       0x14 c:/program files/yagarto/bin/../lib/gcc/arm-none-eabi/4.7.1/thumb/v7m\libgcc.a(_arm_fixunssfsi.o)
 .debug_abbrev  0x000044ee       0x9f c:/program files/yagarto/bin/../lib/gcc/arm-none-eabi/4.7.1/../../../../arm-none-eabi/lib/thumb/v7m\libc.a(lib_a-memset.o)
 .debug_abbrev  0x0000458d      0x1fa c:/program files/yagarto/bin/../lib/gcc/arm-none-eabi/4.7.1/../../../../arm-none-eabi/lib/thumb/v7m\libc.a(lib_a-sprintf.o)
 .debug_abbrev  0x00004787      0x351 c:/program files/yagarto/bin/../lib/gcc/arm-none-eabi/4.7.1/../../../../arm-none-eabi/lib/thumb/v7m\libc.a(lib_a-svfprintf.o)
 .debug_abbrev  0x00004ad8      0x2af c:/program files/yagarto/bin/../lib/gcc/arm-none-eabi/4.7.1/../../../../arm-none-eabi/lib/thumb/v7m\libc.a(lib_a-dtoa.o)
 .debug_abbrev  0x00004d87      0x162 c:/program files/yagarto/bin/../lib/gcc/arm-none-eabi/4.7.1/../../../../arm-none-eabi/lib/thumb/v7m\libc.a(lib_a-impure.o)
 .debug_abbrev  0x00004ee9      0x2a1 c:/program files/yagarto/bin/../lib/gcc/arm-none-eabi/4.7.1/../../../../arm-none-eabi/lib/thumb/v7m\libc.a(lib_a-locale.o)
 .debug_abbrev  0x0000518a      0x284 c:/program files/yagarto/bin/../lib/gcc/arm-none-eabi/4.7.1/../../../../arm-none-eabi/lib/thumb/v7m\libc.a(lib_a-mallocr.o)
 .debug_abbrev  0x0000540e       0xba c:/program files/yagarto/bin/../lib/gcc/arm-none-eabi/4.7.1/../../../../arm-none-eabi/lib/thumb/v7m\libc.a(lib_a-memchr-stub.o)
 .debug_abbrev  0x000054c8       0xab c:/program files/yagarto/bin/../lib/gcc/arm-none-eabi/4.7.1/../../../../arm-none-eabi/lib/thumb/v7m\libc.a(lib_a-memcpy-stub.o)
 .debug_abbrev  0x00005573      0x17c c:/program files/yagarto/bin/../lib/gcc/arm-none-eabi/4.7.1/../../../../arm-none-eabi/lib/thumb/v7m\libc.a(lib_a-mlock.o)
 .debug_abbrev  0x000056ef      0x378 c:/program files/yagarto/bin/../lib/gcc/arm-none-eabi/4.7.1/../../../../arm-none-eabi/lib/thumb/v7m\libc.a(lib_a-mprec.o)
 .debug_abbrev  0x00005a67       0x6f c:/program files/yagarto/bin/../lib/gcc/arm-none-eabi/4.7.1/../../../../arm-none-eabi/lib/thumb/v7m\libc.a(lib_a-s_fpclassify.o)
 .debug_abbrev  0x00005ad6       0x8c c:/program files/yagarto/bin/../lib/gcc/arm-none-eabi/4.7.1/../../../../arm-none-eabi/lib/thumb/v7m\libc.a(lib_a-strcmp.o)
 .debug_abbrev  0x00005b62       0x70 c:/program files/yagarto/bin/../lib/gcc/arm-none-eabi/4.7.1/../../../../arm-none-eabi/lib/thumb/v7m\libc.a(lib_a-strlen.o)
 .debug_abbrev  0x00005bd2      0x2d4 c:/program files/yagarto/bin/../lib/gcc/arm-none-eabi/4.7.1/../../../../arm-none-eabi/lib/thumb/v7m\libc.a(lib_a-svfiprintf.o)
 .debug_abbrev  0x00005ea6      0x1f5 c:/program files/yagarto/bin/../lib/gcc/arm-none-eabi/4.7.1/../../../../arm-none-eabi/lib/thumb/v7m\libc.a(lib_a-callocr.o)
 .debug_abbrev  0x0000609b      0x25d c:/program files/yagarto/bin/../lib/gcc/arm-none-eabi/4.7.1/../../../../arm-none-eabi/lib/thumb/v7m\libc.a(lib_a-freer.o)
 .debug_abbrev  0x000062f8       0xab c:/program files/yagarto/bin/../lib/gcc/arm-none-eabi/4.7.1/../../../../arm-none-eabi/lib/thumb/v7m\libc.a(lib_a-memmove.o)
 .debug_abbrev  0x000063a3      0x24d c:/program files/yagarto/bin/../lib/gcc/arm-none-eabi/4.7.1/../../../../arm-none-eabi/lib/thumb/v7m\libc.a(lib_a-reallocr.o)
 .debug_abbrev  0x000065f0       0x14 c:/program files/yagarto/bin/../lib/gcc/arm-none-eabi/4.7.1/thumb/v7m\libgcc.a(_udivsi3.o)
 .debug_abbrev  0x00006604       0x14 c:/program files/yagarto/bin/../lib/gcc/arm-none-eabi/4.7.1/thumb/v7m\libgcc.a(_dvmd_tls.o)
 .debug_abbrev  0x00006618       0x14 c:/program files/yagarto/bin/../lib/gcc/arm-none-eabi/4.7.1/thumb/v7m\libgcc.a(_arm_muldivdf3.o)
 .debug_abbrev  0x0000662c       0x14 c:/program files/yagarto/bin/../lib/gcc/arm-none-eabi/4.7.1/thumb/v7m\libgcc.a(_arm_cmpdf2.o)
 .debug_abbrev  0x00006640       0x14 c:/program files/yagarto/bin/../lib/gcc/arm-none-eabi/4.7.1/thumb/v7m\libgcc.a(_arm_fixdfsi.o)

.debug_aranges  0x00000000      0xce8
 .debug_aranges
                0x00000000       0x38 build/obj/crt0.o
 .debug_aranges
                0x00000038       0x20 build/obj/vectors.o
 .debug_aranges
                0x00000058       0x50 build/obj/chcore_v7m.o
 .debug_aranges
                0x000000a8       0x30 build/obj/nvic.o
 .debug_aranges
                0x000000d8       0x30 build/obj/chsys.o
 .debug_aranges
                0x00000108       0x38 build/obj/chvt.o
 .debug_aranges
                0x00000140       0x58 build/obj/chschd.o
 .debug_aranges
                0x00000198       0x78 build/obj/chthreads.o
 .debug_aranges
                0x00000210       0x58 build/obj/chmtx.o
 .debug_aranges
                0x00000268       0x90 build/obj/chevents.o
 .debug_aranges
                0x000002f8       0x70 build/obj/chqueues.o
 .debug_aranges
                0x00000368       0x38 build/obj/chmemcore.o
 .debug_aranges
                0x000003a0       0x40 build/obj/chheap.o
 .debug_aranges
                0x000003e0       0x30 build/obj/hal.o
 .debug_aranges
                0x00000410       0x70 build/obj/adc.o
 .debug_aranges
                0x00000480       0x50 build/obj/pwm.o
 .debug_aranges
                0x000004d0       0x90 build/obj/serial.o
 .debug_aranges
                0x00000560       0x98 build/obj/spi.o
 .debug_aranges
                0x000005f8       0x38 build/obj/tm.o
 .debug_aranges
                0x00000630       0x68 build/obj/stm32_dma.o
 .debug_aranges
                0x00000698       0x28 build/obj/hal_lld.o
 .debug_aranges
                0x000006c0       0x60 build/obj/adc_lld.o
 .debug_aranges
                0x00000720       0x48 build/obj/pwm_lld.o
 .debug_aranges
                0x00000768       0x40 build/obj/serial_lld.o
 .debug_aranges
                0x000007a8       0x78 build/obj/spi_lld.o
 .debug_aranges
                0x00000820       0x28 build/obj/pal_lld.o
 .debug_aranges
                0x00000848       0x28 build/obj/board.o
 .debug_aranges
                0x00000870       0x50 build/obj/syscalls.o
 .debug_aranges
                0x000008c0       0x28 build/obj/chprintf.o
 .debug_aranges
                0x000008e8       0x30 build/obj/pid.o
 .debug_aranges
                0x00000918       0x38 build/obj/main.o
 .debug_aranges
                0x00000950       0x20 c:/program files/yagarto/bin/../lib/gcc/arm-none-eabi/4.7.1/thumb/v7m\libgcc.a(_arm_addsubdf3.o)
 .debug_aranges
                0x00000970       0x20 c:/program files/yagarto/bin/../lib/gcc/arm-none-eabi/4.7.1/thumb/v7m\libgcc.a(_arm_addsubsf3.o)
 .debug_aranges
                0x00000990       0x20 c:/program files/yagarto/bin/../lib/gcc/arm-none-eabi/4.7.1/thumb/v7m\libgcc.a(_arm_muldivsf3.o)
 .debug_aranges
                0x000009b0       0x20 c:/program files/yagarto/bin/../lib/gcc/arm-none-eabi/4.7.1/thumb/v7m\libgcc.a(_arm_cmpsf2.o)
 .debug_aranges
                0x000009d0       0x20 c:/program files/yagarto/bin/../lib/gcc/arm-none-eabi/4.7.1/thumb/v7m\libgcc.a(_arm_fixunssfsi.o)
 .debug_aranges
                0x000009f0       0x20 c:/program files/yagarto/bin/../lib/gcc/arm-none-eabi/4.7.1/../../../../arm-none-eabi/lib/thumb/v7m\libc.a(lib_a-memset.o)
 .debug_aranges
                0x00000a10       0x20 c:/program files/yagarto/bin/../lib/gcc/arm-none-eabi/4.7.1/../../../../arm-none-eabi/lib/thumb/v7m\libc.a(lib_a-sprintf.o)
 .debug_aranges
                0x00000a30       0x20 c:/program files/yagarto/bin/../lib/gcc/arm-none-eabi/4.7.1/../../../../arm-none-eabi/lib/thumb/v7m\libc.a(lib_a-svfprintf.o)
 .debug_aranges
                0x00000a50       0x20 c:/program files/yagarto/bin/../lib/gcc/arm-none-eabi/4.7.1/../../../../arm-none-eabi/lib/thumb/v7m\libc.a(lib_a-dtoa.o)
 .debug_aranges
                0x00000a70       0x18 c:/program files/yagarto/bin/../lib/gcc/arm-none-eabi/4.7.1/../../../../arm-none-eabi/lib/thumb/v7m\libc.a(lib_a-impure.o)
 .debug_aranges
                0x00000a88       0x20 c:/program files/yagarto/bin/../lib/gcc/arm-none-eabi/4.7.1/../../../../arm-none-eabi/lib/thumb/v7m\libc.a(lib_a-locale.o)
 .debug_aranges
                0x00000aa8       0x20 c:/program files/yagarto/bin/../lib/gcc/arm-none-eabi/4.7.1/../../../../arm-none-eabi/lib/thumb/v7m\libc.a(lib_a-mallocr.o)
 .debug_aranges
                0x00000ac8       0x20 c:/program files/yagarto/bin/../lib/gcc/arm-none-eabi/4.7.1/../../../../arm-none-eabi/lib/thumb/v7m\libc.a(lib_a-memchr-stub.o)
 .debug_aranges
                0x00000ae8       0x20 c:/program files/yagarto/bin/../lib/gcc/arm-none-eabi/4.7.1/../../../../arm-none-eabi/lib/thumb/v7m\libc.a(lib_a-memcpy-stub.o)
 .debug_aranges
                0x00000b08       0x20 c:/program files/yagarto/bin/../lib/gcc/arm-none-eabi/4.7.1/../../../../arm-none-eabi/lib/thumb/v7m\libc.a(lib_a-mlock.o)
 .debug_aranges
                0x00000b28       0x20 c:/program files/yagarto/bin/../lib/gcc/arm-none-eabi/4.7.1/../../../../arm-none-eabi/lib/thumb/v7m\libc.a(lib_a-mprec.o)
 .debug_aranges
                0x00000b48       0x20 c:/program files/yagarto/bin/../lib/gcc/arm-none-eabi/4.7.1/../../../../arm-none-eabi/lib/thumb/v7m\libc.a(lib_a-s_fpclassify.o)
 .debug_aranges
                0x00000b68       0x20 c:/program files/yagarto/bin/../lib/gcc/arm-none-eabi/4.7.1/../../../../arm-none-eabi/lib/thumb/v7m\libc.a(lib_a-strcmp.o)
 .debug_aranges
                0x00000b88       0x20 c:/program files/yagarto/bin/../lib/gcc/arm-none-eabi/4.7.1/../../../../arm-none-eabi/lib/thumb/v7m\libc.a(lib_a-strlen.o)
 .debug_aranges
                0x00000ba8       0x20 c:/program files/yagarto/bin/../lib/gcc/arm-none-eabi/4.7.1/../../../../arm-none-eabi/lib/thumb/v7m\libc.a(lib_a-svfiprintf.o)
 .debug_aranges
                0x00000bc8       0x20 c:/program files/yagarto/bin/../lib/gcc/arm-none-eabi/4.7.1/../../../../arm-none-eabi/lib/thumb/v7m\libc.a(lib_a-callocr.o)
 .debug_aranges
                0x00000be8       0x20 c:/program files/yagarto/bin/../lib/gcc/arm-none-eabi/4.7.1/../../../../arm-none-eabi/lib/thumb/v7m\libc.a(lib_a-freer.o)
 .debug_aranges
                0x00000c08       0x20 c:/program files/yagarto/bin/../lib/gcc/arm-none-eabi/4.7.1/../../../../arm-none-eabi/lib/thumb/v7m\libc.a(lib_a-memmove.o)
 .debug_aranges
                0x00000c28       0x20 c:/program files/yagarto/bin/../lib/gcc/arm-none-eabi/4.7.1/../../../../arm-none-eabi/lib/thumb/v7m\libc.a(lib_a-reallocr.o)
 .debug_aranges
                0x00000c48       0x20 c:/program files/yagarto/bin/../lib/gcc/arm-none-eabi/4.7.1/thumb/v7m\libgcc.a(_udivsi3.o)
 .debug_aranges
                0x00000c68       0x20 c:/program files/yagarto/bin/../lib/gcc/arm-none-eabi/4.7.1/thumb/v7m\libgcc.a(_dvmd_tls.o)
 .debug_aranges
                0x00000c88       0x20 c:/program files/yagarto/bin/../lib/gcc/arm-none-eabi/4.7.1/thumb/v7m\libgcc.a(_arm_muldivdf3.o)
 .debug_aranges
                0x00000ca8       0x20 c:/program files/yagarto/bin/../lib/gcc/arm-none-eabi/4.7.1/thumb/v7m\libgcc.a(_arm_cmpdf2.o)
 .debug_aranges
                0x00000cc8       0x20 c:/program files/yagarto/bin/../lib/gcc/arm-none-eabi/4.7.1/thumb/v7m\libgcc.a(_arm_fixdfsi.o)

.debug_ranges   0x00000000     0x14d0
 .debug_ranges  0x00000000       0xe0 build/obj/crt0.o
 .debug_ranges  0x000000e0       0x10 build/obj/vectors.o
 .debug_ranges  0x000000f0       0x58 build/obj/chcore_v7m.o
 .debug_ranges  0x00000148       0x20 build/obj/nvic.o
 .debug_ranges  0x00000168       0x20 build/obj/chsys.o
 .debug_ranges  0x00000188       0x28 build/obj/chvt.o
 .debug_ranges  0x000001b0      0x150 build/obj/chschd.o
 .debug_ranges  0x00000300      0x118 build/obj/chthreads.o
 .debug_ranges  0x00000418      0x218 build/obj/chmtx.o
 .debug_ranges  0x00000630       0xc8 build/obj/chevents.o
 .debug_ranges  0x000006f8       0xc0 build/obj/chqueues.o
 .debug_ranges  0x000007b8       0x28 build/obj/chmemcore.o
 .debug_ranges  0x000007e0       0x30 build/obj/chheap.o
 .debug_ranges  0x00000810       0x50 build/obj/hal.o
 .debug_ranges  0x00000860       0xf8 build/obj/adc.o
 .debug_ranges  0x00000958       0x88 build/obj/pwm.o
 .debug_ranges  0x000009e0       0xc8 build/obj/serial.o
 .debug_ranges  0x00000aa8      0x130 build/obj/spi.o
 .debug_ranges  0x00000bd8       0x70 build/obj/tm.o
 .debug_ranges  0x00000c48       0x58 build/obj/stm32_dma.o
 .debug_ranges  0x00000ca0       0x38 build/obj/hal_lld.o
 .debug_ranges  0x00000cd8       0xa0 build/obj/adc_lld.o
 .debug_ranges  0x00000d78       0x68 build/obj/pwm_lld.o
 .debug_ranges  0x00000de0       0x60 build/obj/serial_lld.o
 .debug_ranges  0x00000e40       0x68 build/obj/spi_lld.o
 .debug_ranges  0x00000ea8      0x140 build/obj/pal_lld.o
 .debug_ranges  0x00000fe8       0x18 build/obj/board.o
 .debug_ranges  0x00001000       0x40 build/obj/syscalls.o
 .debug_ranges  0x00001040       0x18 build/obj/chprintf.o
 .debug_ranges  0x00001058       0x20 build/obj/pid.o
 .debug_ranges  0x00001078      0x100 build/obj/main.o
 .debug_ranges  0x00001178      0x188 c:/program files/yagarto/bin/../lib/gcc/arm-none-eabi/4.7.1/../../../../arm-none-eabi/lib/thumb/v7m\libc.a(lib_a-svfprintf.o)
 .debug_ranges  0x00001300       0x50 c:/program files/yagarto/bin/../lib/gcc/arm-none-eabi/4.7.1/../../../../arm-none-eabi/lib/thumb/v7m\libc.a(lib_a-mallocr.o)
 .debug_ranges  0x00001350       0x40 c:/program files/yagarto/bin/../lib/gcc/arm-none-eabi/4.7.1/../../../../arm-none-eabi/lib/thumb/v7m\libc.a(lib_a-mprec.o)
 .debug_ranges  0x00001390       0x48 c:/program files/yagarto/bin/../lib/gcc/arm-none-eabi/4.7.1/../../../../arm-none-eabi/lib/thumb/v7m\libc.a(lib_a-svfiprintf.o)
 .debug_ranges  0x000013d8       0x30 c:/program files/yagarto/bin/../lib/gcc/arm-none-eabi/4.7.1/../../../../arm-none-eabi/lib/thumb/v7m\libc.a(lib_a-callocr.o)
 .debug_ranges  0x00001408       0xc8 c:/program files/yagarto/bin/../lib/gcc/arm-none-eabi/4.7.1/../../../../arm-none-eabi/lib/thumb/v7m\libc.a(lib_a-reallocr.o)

.debug_line     0x00000000     0x89ef
 .debug_line    0x00000000      0x115 build/obj/crt0.o
 .debug_line    0x00000115       0x5e build/obj/vectors.o
 .debug_line    0x00000173      0x1dd build/obj/chcore_v7m.o
 .debug_line    0x00000350       0xe8 build/obj/nvic.o
 .debug_line    0x00000438      0x1d0 build/obj/chsys.o
 .debug_line    0x00000608      0x149 build/obj/chvt.o
 .debug_line    0x00000751      0x29a build/obj/chschd.o
 .debug_line    0x000009eb      0x334 build/obj/chthreads.o
 .debug_line    0x00000d1f      0x320 build/obj/chmtx.o
 .debug_line    0x0000103f      0x2ca build/obj/chevents.o
 .debug_line    0x00001309      0x366 build/obj/chqueues.o
 .debug_line    0x0000166f      0x138 build/obj/chmemcore.o
 .debug_line    0x000017a7      0x24a build/obj/chheap.o
 .debug_line    0x000019f1      0x251 build/obj/hal.o
 .debug_line    0x00001c42      0x344 build/obj/adc.o
 .debug_line    0x00001f86      0x19f build/obj/pwm.o
 .debug_line    0x00002125      0x36f build/obj/serial.o
 .debug_line    0x00002494      0x395 build/obj/spi.o
 .debug_line    0x00002829      0x1a8 build/obj/tm.o
 .debug_line    0x000029d1      0x28b build/obj/stm32_dma.o
 .debug_line    0x00002c5c      0x1c6 build/obj/hal_lld.o
 .debug_line    0x00002e22      0x3f7 build/obj/adc_lld.o
 .debug_line    0x00003219      0x277 build/obj/pwm_lld.o
 .debug_line    0x00003490      0x314 build/obj/serial_lld.o
 .debug_line    0x000037a4      0x3da build/obj/spi_lld.o
 .debug_line    0x00003b7e      0x1b7 build/obj/pal_lld.o
 .debug_line    0x00003d35      0x14e build/obj/board.o
 .debug_line    0x00003e83      0x1b4 build/obj/syscalls.o
 .debug_line    0x00004037      0x29b build/obj/chprintf.o
 .debug_line    0x000042d2      0x2bb build/obj/pid.o
 .debug_line    0x0000458d      0x467 build/obj/main.o
 .debug_line    0x000049f4      0x204 c:/program files/yagarto/bin/../lib/gcc/arm-none-eabi/4.7.1/thumb/v7m\libgcc.a(_arm_addsubdf3.o)
 .debug_line    0x00004bf8      0x122 c:/program files/yagarto/bin/../lib/gcc/arm-none-eabi/4.7.1/thumb/v7m\libgcc.a(_arm_addsubsf3.o)
 .debug_line    0x00004d1a      0x143 c:/program files/yagarto/bin/../lib/gcc/arm-none-eabi/4.7.1/thumb/v7m\libgcc.a(_arm_muldivsf3.o)
 .debug_line    0x00004e5d       0xfa c:/program files/yagarto/bin/../lib/gcc/arm-none-eabi/4.7.1/thumb/v7m\libgcc.a(_arm_cmpsf2.o)
 .debug_line    0x00004f57       0x7c c:/program files/yagarto/bin/../lib/gcc/arm-none-eabi/4.7.1/thumb/v7m\libgcc.a(_arm_fixunssfsi.o)
 .debug_line    0x00004fd3      0x16d c:/program files/yagarto/bin/../lib/gcc/arm-none-eabi/4.7.1/../../../../arm-none-eabi/lib/thumb/v7m\libc.a(lib_a-memset.o)
 .debug_line    0x00005140      0x1d5 c:/program files/yagarto/bin/../lib/gcc/arm-none-eabi/4.7.1/../../../../arm-none-eabi/lib/thumb/v7m\libc.a(lib_a-sprintf.o)
 .debug_line    0x00005315      0x932 c:/program files/yagarto/bin/../lib/gcc/arm-none-eabi/4.7.1/../../../../arm-none-eabi/lib/thumb/v7m\libc.a(lib_a-svfprintf.o)
 .debug_line    0x00005c47      0x76d c:/program files/yagarto/bin/../lib/gcc/arm-none-eabi/4.7.1/../../../../arm-none-eabi/lib/thumb/v7m\libc.a(lib_a-dtoa.o)
 .debug_line    0x000063b4      0x116 c:/program files/yagarto/bin/../lib/gcc/arm-none-eabi/4.7.1/../../../../arm-none-eabi/lib/thumb/v7m\libc.a(lib_a-impure.o)
 .debug_line    0x000064ca      0x1af c:/program files/yagarto/bin/../lib/gcc/arm-none-eabi/4.7.1/../../../../arm-none-eabi/lib/thumb/v7m\libc.a(lib_a-locale.o)
 .debug_line    0x00006679      0x377 c:/program files/yagarto/bin/../lib/gcc/arm-none-eabi/4.7.1/../../../../arm-none-eabi/lib/thumb/v7m\libc.a(lib_a-mallocr.o)
 .debug_line    0x000069f0      0x170 c:/program files/yagarto/bin/../lib/gcc/arm-none-eabi/4.7.1/../../../../arm-none-eabi/lib/thumb/v7m\libc.a(lib_a-memchr-stub.o)
 .debug_line    0x00006b60      0x1a2 c:/program files/yagarto/bin/../lib/gcc/arm-none-eabi/4.7.1/../../../../arm-none-eabi/lib/thumb/v7m\libc.a(lib_a-memcpy-stub.o)
 .debug_line    0x00006d02      0x128 c:/program files/yagarto/bin/../lib/gcc/arm-none-eabi/4.7.1/../../../../arm-none-eabi/lib/thumb/v7m\libc.a(lib_a-mlock.o)
 .debug_line    0x00006e2a      0x60f c:/program files/yagarto/bin/../lib/gcc/arm-none-eabi/4.7.1/../../../../arm-none-eabi/lib/thumb/v7m\libc.a(lib_a-mprec.o)
 .debug_line    0x00007439      0x120 c:/program files/yagarto/bin/../lib/gcc/arm-none-eabi/4.7.1/../../../../arm-none-eabi/lib/thumb/v7m\libc.a(lib_a-s_fpclassify.o)
 .debug_line    0x00007559       0xca c:/program files/yagarto/bin/../lib/gcc/arm-none-eabi/4.7.1/../../../../arm-none-eabi/lib/thumb/v7m\libc.a(lib_a-strcmp.o)
 .debug_line    0x00007623      0x117 c:/program files/yagarto/bin/../lib/gcc/arm-none-eabi/4.7.1/../../../../arm-none-eabi/lib/thumb/v7m\libc.a(lib_a-strlen.o)
 .debug_line    0x0000773a      0x63f c:/program files/yagarto/bin/../lib/gcc/arm-none-eabi/4.7.1/../../../../arm-none-eabi/lib/thumb/v7m\libc.a(lib_a-svfiprintf.o)
 .debug_line    0x00007d79      0x155 c:/program files/yagarto/bin/../lib/gcc/arm-none-eabi/4.7.1/../../../../arm-none-eabi/lib/thumb/v7m\libc.a(lib_a-callocr.o)
 .debug_line    0x00007ece      0x24f c:/program files/yagarto/bin/../lib/gcc/arm-none-eabi/4.7.1/../../../../arm-none-eabi/lib/thumb/v7m\libc.a(lib_a-freer.o)
 .debug_line    0x0000811d      0x1a5 c:/program files/yagarto/bin/../lib/gcc/arm-none-eabi/4.7.1/../../../../arm-none-eabi/lib/thumb/v7m\libc.a(lib_a-memmove.o)
 .debug_line    0x000082c2      0x296 c:/program files/yagarto/bin/../lib/gcc/arm-none-eabi/4.7.1/../../../../arm-none-eabi/lib/thumb/v7m\libc.a(lib_a-reallocr.o)
 .debug_line    0x00008558       0x8a c:/program files/yagarto/bin/../lib/gcc/arm-none-eabi/4.7.1/thumb/v7m\libgcc.a(_udivsi3.o)
 .debug_line    0x000085e2       0x67 c:/program files/yagarto/bin/../lib/gcc/arm-none-eabi/4.7.1/thumb/v7m\libgcc.a(_dvmd_tls.o)
 .debug_line    0x00008649      0x220 c:/program files/yagarto/bin/../lib/gcc/arm-none-eabi/4.7.1/thumb/v7m\libgcc.a(_arm_muldivdf3.o)
 .debug_line    0x00008869      0x106 c:/program files/yagarto/bin/../lib/gcc/arm-none-eabi/4.7.1/thumb/v7m\libgcc.a(_arm_cmpdf2.o)
 .debug_line    0x0000896f       0x80 c:/program files/yagarto/bin/../lib/gcc/arm-none-eabi/4.7.1/thumb/v7m\libgcc.a(_arm_fixdfsi.o)

.debug_str      0x00000000     0x3571
 .debug_str     0x00000000      0x1ce build/obj/crt0.o
                                0x21c (size before relaxing)
 .debug_str     0x000001ce       0x4c build/obj/vectors.o
                                0x111 (size before relaxing)
 .debug_str     0x0000021a      0x2df build/obj/chcore_v7m.o
                                0x3c3 (size before relaxing)
 .debug_str     0x000004f9       0x9e build/obj/nvic.o
                                0x1f1 (size before relaxing)
 .debug_str     0x00000597      0x10d build/obj/chsys.o
                                0x3a3 (size before relaxing)
 .debug_str     0x000006a4       0x4c build/obj/chvt.o
                                0x196 (size before relaxing)
 .debug_str     0x000006f0       0xa6 build/obj/chschd.o
                                0x39b (size before relaxing)
 .debug_str     0x00000796       0xd3 build/obj/chthreads.o
                                0x435 (size before relaxing)
 .debug_str     0x00000869       0x8a build/obj/chmtx.o
                                0x355 (size before relaxing)
 .debug_str     0x000008f3      0x179 build/obj/chevents.o
                                0x433 (size before relaxing)
 .debug_str     0x00000a6c      0x11f build/obj/chqueues.o
                                0x3d4 (size before relaxing)
 .debug_str     0x00000b8b       0x70 build/obj/chmemcore.o
                                0x15d (size before relaxing)
 .debug_str     0x00000bfb       0xad build/obj/chheap.o
                                0x329 (size before relaxing)
 .debug_str     0x00000ca8      0x16a build/obj/hal.o
                                0x25b (size before relaxing)
 .debug_str     0x00000e12      0x324 build/obj/adc.o
                                0x622 (size before relaxing)
 .debug_str     0x00001136      0x215 build/obj/pwm.o
                                0x334 (size before relaxing)
 .debug_str     0x0000134b      0x1fe build/obj/serial.o
                                0x5c1 (size before relaxing)
 .debug_str     0x00001549      0x261 build/obj/spi.o
                                0x5e7 (size before relaxing)
 .debug_str     0x000017aa       0x62 build/obj/tm.o
                                0x1ae (size before relaxing)
 .debug_str     0x0000180c      0x434 build/obj/stm32_dma.o
                                0x5de (size before relaxing)
 .debug_str     0x00001c40       0xd1 build/obj/hal_lld.o
                                0x27e (size before relaxing)
 .debug_str     0x00001d11       0xa5 build/obj/adc_lld.o
                                0x932 (size before relaxing)
 .debug_str     0x00001db6       0x50 build/obj/pwm_lld.o
                                0x67b (size before relaxing)
 .debug_str     0x00001e06       0x5d build/obj/serial_lld.o
                                0x86b (size before relaxing)
 .debug_str     0x00001e63       0xa8 build/obj/spi_lld.o
                                0x60d (size before relaxing)
 .debug_str     0x00001f0b       0x6a build/obj/pal_lld.o
                                0x2a5 (size before relaxing)
 .debug_str     0x00001f75       0x29 build/obj/board.o
                                0x1b3 (size before relaxing)
 .debug_str     0x00001f9e      0x4a1 build/obj/syscalls.o
                                0x5e7 (size before relaxing)
 .debug_str     0x0000243f       0x9d build/obj/chprintf.o
                                0x1e2 (size before relaxing)
 .debug_str     0x000024dc       0xed build/obj/pid.o
                                0x531 (size before relaxing)
 .debug_str     0x000025c9      0x130 build/obj/main.o
                                0xbfb (size before relaxing)
 .debug_str     0x000026f9       0x9d c:/program files/yagarto/bin/../lib/gcc/arm-none-eabi/4.7.1/../../../../arm-none-eabi/lib/thumb/v7m\libc.a(lib_a-memset.o)
                                0x150 (size before relaxing)
 .debug_str     0x00002796       0xa7 c:/program files/yagarto/bin/../lib/gcc/arm-none-eabi/4.7.1/../../../../arm-none-eabi/lib/thumb/v7m\libc.a(lib_a-sprintf.o)
                                0x533 (size before relaxing)
 .debug_str     0x0000283d      0x2d2 c:/program files/yagarto/bin/../lib/gcc/arm-none-eabi/4.7.1/../../../../arm-none-eabi/lib/thumb/v7m\libc.a(lib_a-svfprintf.o)
                                0x87b (size before relaxing)
 .debug_str     0x00002b0f      0x1b3 c:/program files/yagarto/bin/../lib/gcc/arm-none-eabi/4.7.1/../../../../arm-none-eabi/lib/thumb/v7m\libc.a(lib_a-dtoa.o)
                                0x658 (size before relaxing)
 .debug_str     0x00002cc2       0xad c:/program files/yagarto/bin/../lib/gcc/arm-none-eabi/4.7.1/../../../../arm-none-eabi/lib/thumb/v7m\libc.a(lib_a-impure.o)
                                0x506 (size before relaxing)
 .debug_str     0x00002d6f      0x177 c:/program files/yagarto/bin/../lib/gcc/arm-none-eabi/4.7.1/../../../../arm-none-eabi/lib/thumb/v7m\libc.a(lib_a-locale.o)
                                0x763 (size before relaxing)
 .debug_str     0x00002ee6      0x232 c:/program files/yagarto/bin/../lib/gcc/arm-none-eabi/4.7.1/../../../../arm-none-eabi/lib/thumb/v7m\libc.a(lib_a-mallocr.o)
                                0x715 (size before relaxing)
 .debug_str     0x00003118       0xb0 c:/program files/yagarto/bin/../lib/gcc/arm-none-eabi/4.7.1/../../../../arm-none-eabi/lib/thumb/v7m\libc.a(lib_a-memchr-stub.o)
                                0x168 (size before relaxing)
 .debug_str     0x000031c8       0x73 c:/program files/yagarto/bin/../lib/gcc/arm-none-eabi/4.7.1/../../../../arm-none-eabi/lib/thumb/v7m\libc.a(lib_a-memcpy-stub.o)
                                0x175 (size before relaxing)
 .debug_str     0x0000323b       0x53 c:/program files/yagarto/bin/../lib/gcc/arm-none-eabi/4.7.1/../../../../arm-none-eabi/lib/thumb/v7m\libc.a(lib_a-mlock.o)
                                0x50f (size before relaxing)
 .debug_str     0x0000328e       0xa9 c:/program files/yagarto/bin/../lib/gcc/arm-none-eabi/4.7.1/../../../../arm-none-eabi/lib/thumb/v7m\libc.a(lib_a-mprec.o)
                                0x612 (size before relaxing)
 .debug_str     0x00003337       0x96 c:/program files/yagarto/bin/../lib/gcc/arm-none-eabi/4.7.1/../../../../arm-none-eabi/lib/thumb/v7m\libc.a(lib_a-s_fpclassify.o)
                                0x166 (size before relaxing)
 .debug_str     0x000033cd       0x58 c:/program files/yagarto/bin/../lib/gcc/arm-none-eabi/4.7.1/../../../../arm-none-eabi/lib/thumb/v7m\libc.a(lib_a-strcmp.o)
                                0x153 (size before relaxing)
 .debug_str     0x00003425       0x47 c:/program files/yagarto/bin/../lib/gcc/arm-none-eabi/4.7.1/../../../../arm-none-eabi/lib/thumb/v7m\libc.a(lib_a-strlen.o)
                                0x149 (size before relaxing)
 .debug_str     0x0000346c       0x30 c:/program files/yagarto/bin/../lib/gcc/arm-none-eabi/4.7.1/../../../../arm-none-eabi/lib/thumb/v7m\libc.a(lib_a-svfiprintf.o)
                                0x67e (size before relaxing)
 .debug_str     0x0000349c        0xf c:/program files/yagarto/bin/../lib/gcc/arm-none-eabi/4.7.1/../../../../arm-none-eabi/lib/thumb/v7m\libc.a(lib_a-callocr.o)
                                0x53f (size before relaxing)
 .debug_str     0x000034ab       0x34 c:/program files/yagarto/bin/../lib/gcc/arm-none-eabi/4.7.1/../../../../arm-none-eabi/lib/thumb/v7m\libc.a(lib_a-freer.o)
                                0x65f (size before relaxing)
 .debug_str     0x000034df       0x49 c:/program files/yagarto/bin/../lib/gcc/arm-none-eabi/4.7.1/../../../../arm-none-eabi/lib/thumb/v7m\libc.a(lib_a-memmove.o)
                                0x16f (size before relaxing)
 .debug_str     0x00003528       0x49 c:/program files/yagarto/bin/../lib/gcc/arm-none-eabi/4.7.1/../../../../arm-none-eabi/lib/thumb/v7m\libc.a(lib_a-reallocr.o)
                                0x5e7 (size before relaxing)

.comment        0x00000000       0x11
 .comment       0x00000000       0x11 build/obj/crt0.o
                                 0x12 (size before relaxing)
 .comment       0x00000000       0x12 build/obj/vectors.o
 .comment       0x00000000       0x12 build/obj/chcore_v7m.o
 .comment       0x00000000       0x12 build/obj/nvic.o
 .comment       0x00000000       0x12 build/obj/chsys.o
 .comment       0x00000000       0x12 build/obj/chvt.o
 .comment       0x00000000       0x12 build/obj/chschd.o
 .comment       0x00000000       0x12 build/obj/chthreads.o
 .comment       0x00000000       0x12 build/obj/chmtx.o
 .comment       0x00000000       0x12 build/obj/chevents.o
 .comment       0x00000000       0x12 build/obj/chqueues.o
 .comment       0x00000000       0x12 build/obj/chmemcore.o
 .comment       0x00000000       0x12 build/obj/chheap.o
 .comment       0x00000000       0x12 build/obj/hal.o
 .comment       0x00000000       0x12 build/obj/adc.o
 .comment       0x00000000       0x12 build/obj/pwm.o
 .comment       0x00000000       0x12 build/obj/serial.o
 .comment       0x00000000       0x12 build/obj/spi.o
 .comment       0x00000000       0x12 build/obj/tm.o
 .comment       0x00000000       0x12 build/obj/stm32_dma.o
 .comment       0x00000000       0x12 build/obj/hal_lld.o
 .comment       0x00000000       0x12 build/obj/adc_lld.o
 .comment       0x00000000       0x12 build/obj/pwm_lld.o
 .comment       0x00000000       0x12 build/obj/serial_lld.o
 .comment       0x00000000       0x12 build/obj/spi_lld.o
 .comment       0x00000000       0x12 build/obj/pal_lld.o
 .comment       0x00000000       0x12 build/obj/board.o
 .comment       0x00000000       0x12 build/obj/syscalls.o
 .comment       0x00000000       0x12 build/obj/chprintf.o
 .comment       0x00000000       0x12 build/obj/pid.o
 .comment       0x00000000       0x12 build/obj/main.o
 .comment       0x00000000       0x12 c:/program files/yagarto/bin/../lib/gcc/arm-none-eabi/4.7.1/../../../../arm-none-eabi/lib/thumb/v7m\libc.a(lib_a-memset.o)
 .comment       0x00000000       0x12 c:/program files/yagarto/bin/../lib/gcc/arm-none-eabi/4.7.1/../../../../arm-none-eabi/lib/thumb/v7m\libc.a(lib_a-sprintf.o)
 .comment       0x00000000       0x12 c:/program files/yagarto/bin/../lib/gcc/arm-none-eabi/4.7.1/../../../../arm-none-eabi/lib/thumb/v7m\libc.a(lib_a-svfprintf.o)
 .comment       0x00000000       0x12 c:/program files/yagarto/bin/../lib/gcc/arm-none-eabi/4.7.1/../../../../arm-none-eabi/lib/thumb/v7m\libc.a(lib_a-dtoa.o)
 .comment       0x00000000       0x12 c:/program files/yagarto/bin/../lib/gcc/arm-none-eabi/4.7.1/../../../../arm-none-eabi/lib/thumb/v7m\libc.a(lib_a-impure.o)
 .comment       0x00000000       0x12 c:/program files/yagarto/bin/../lib/gcc/arm-none-eabi/4.7.1/../../../../arm-none-eabi/lib/thumb/v7m\libc.a(lib_a-locale.o)
 .comment       0x00000000       0x12 c:/program files/yagarto/bin/../lib/gcc/arm-none-eabi/4.7.1/../../../../arm-none-eabi/lib/thumb/v7m\libc.a(lib_a-mallocr.o)
 .comment       0x00000000       0x12 c:/program files/yagarto/bin/../lib/gcc/arm-none-eabi/4.7.1/../../../../arm-none-eabi/lib/thumb/v7m\libc.a(lib_a-memchr-stub.o)
 .comment       0x00000000       0x12 c:/program files/yagarto/bin/../lib/gcc/arm-none-eabi/4.7.1/../../../../arm-none-eabi/lib/thumb/v7m\libc.a(lib_a-memcpy-stub.o)
 .comment       0x00000000       0x12 c:/program files/yagarto/bin/../lib/gcc/arm-none-eabi/4.7.1/../../../../arm-none-eabi/lib/thumb/v7m\libc.a(lib_a-mlock.o)
 .comment       0x00000000       0x12 c:/program files/yagarto/bin/../lib/gcc/arm-none-eabi/4.7.1/../../../../arm-none-eabi/lib/thumb/v7m\libc.a(lib_a-mprec.o)
 .comment       0x00000000       0x12 c:/program files/yagarto/bin/../lib/gcc/arm-none-eabi/4.7.1/../../../../arm-none-eabi/lib/thumb/v7m\libc.a(lib_a-s_fpclassify.o)
 .comment       0x00000000       0x12 c:/program files/yagarto/bin/../lib/gcc/arm-none-eabi/4.7.1/../../../../arm-none-eabi/lib/thumb/v7m\libc.a(lib_a-strcmp.o)
 .comment       0x00000000       0x12 c:/program files/yagarto/bin/../lib/gcc/arm-none-eabi/4.7.1/../../../../arm-none-eabi/lib/thumb/v7m\libc.a(lib_a-strlen.o)
 .comment       0x00000000       0x12 c:/program files/yagarto/bin/../lib/gcc/arm-none-eabi/4.7.1/../../../../arm-none-eabi/lib/thumb/v7m\libc.a(lib_a-svfiprintf.o)
 .comment       0x00000000       0x12 c:/program files/yagarto/bin/../lib/gcc/arm-none-eabi/4.7.1/../../../../arm-none-eabi/lib/thumb/v7m\libc.a(lib_a-callocr.o)
 .comment       0x00000000       0x12 c:/program files/yagarto/bin/../lib/gcc/arm-none-eabi/4.7.1/../../../../arm-none-eabi/lib/thumb/v7m\libc.a(lib_a-freer.o)
 .comment       0x00000000       0x12 c:/program files/yagarto/bin/../lib/gcc/arm-none-eabi/4.7.1/../../../../arm-none-eabi/lib/thumb/v7m\libc.a(lib_a-memmove.o)
 .comment       0x00000000       0x12 c:/program files/yagarto/bin/../lib/gcc/arm-none-eabi/4.7.1/../../../../arm-none-eabi/lib/thumb/v7m\libc.a(lib_a-reallocr.o)

.ARM.attributes
                0x00000000       0x33
 .ARM.attributes
                0x00000000       0x33 build/obj/crt0.o
 .ARM.attributes
                0x00000033       0x33 build/obj/vectors.o
 .ARM.attributes
                0x00000066       0x33 build/obj/chcore_v7m.o
 .ARM.attributes
                0x00000099       0x33 build/obj/nvic.o
 .ARM.attributes
                0x000000cc       0x33 build/obj/chsys.o
 .ARM.attributes
                0x000000ff       0x33 build/obj/chvt.o
 .ARM.attributes
                0x00000132       0x33 build/obj/chschd.o
 .ARM.attributes
                0x00000165       0x33 build/obj/chthreads.o
 .ARM.attributes
                0x00000198       0x33 build/obj/chmtx.o
 .ARM.attributes
                0x000001cb       0x33 build/obj/chevents.o
 .ARM.attributes
                0x000001fe       0x33 build/obj/chqueues.o
 .ARM.attributes
                0x00000231       0x33 build/obj/chmemcore.o
 .ARM.attributes
                0x00000264       0x33 build/obj/chheap.o
 .ARM.attributes
                0x00000297       0x33 build/obj/hal.o
 .ARM.attributes
                0x000002ca       0x33 build/obj/adc.o
 .ARM.attributes
                0x000002fd       0x33 build/obj/pwm.o
 .ARM.attributes
                0x00000330       0x33 build/obj/serial.o
 .ARM.attributes
                0x00000363       0x33 build/obj/spi.o
 .ARM.attributes
                0x00000396       0x33 build/obj/tm.o
 .ARM.attributes
                0x000003c9       0x33 build/obj/stm32_dma.o
 .ARM.attributes
                0x000003fc       0x33 build/obj/hal_lld.o
 .ARM.attributes
                0x0000042f       0x33 build/obj/adc_lld.o
 .ARM.attributes
                0x00000462       0x33 build/obj/pwm_lld.o
 .ARM.attributes
                0x00000495       0x33 build/obj/serial_lld.o
 .ARM.attributes
                0x000004c8       0x33 build/obj/spi_lld.o
 .ARM.attributes
                0x000004fb       0x33 build/obj/pal_lld.o
 .ARM.attributes
                0x0000052e       0x33 build/obj/board.o
 .ARM.attributes
                0x00000561       0x33 build/obj/syscalls.o
 .ARM.attributes
                0x00000594       0x33 build/obj/chprintf.o
 .ARM.attributes
                0x000005c7       0x33 build/obj/pid.o
 .ARM.attributes
                0x000005fa       0x33 build/obj/main.o
 .ARM.attributes
                0x0000062d       0x1d c:/program files/yagarto/bin/../lib/gcc/arm-none-eabi/4.7.1/thumb/v7m\libgcc.a(_arm_addsubdf3.o)
 .ARM.attributes
                0x0000064a       0x1d c:/program files/yagarto/bin/../lib/gcc/arm-none-eabi/4.7.1/thumb/v7m\libgcc.a(_arm_addsubsf3.o)
 .ARM.attributes
                0x00000667       0x1d c:/program files/yagarto/bin/../lib/gcc/arm-none-eabi/4.7.1/thumb/v7m\libgcc.a(_arm_muldivsf3.o)
 .ARM.attributes
                0x00000684       0x1d c:/program files/yagarto/bin/../lib/gcc/arm-none-eabi/4.7.1/thumb/v7m\libgcc.a(_arm_cmpsf2.o)
 .ARM.attributes
                0x000006a1       0x1d c:/program files/yagarto/bin/../lib/gcc/arm-none-eabi/4.7.1/thumb/v7m\libgcc.a(_arm_fixunssfsi.o)
 .ARM.attributes
                0x000006be       0x2d c:/program files/yagarto/bin/../lib/gcc/arm-none-eabi/4.7.1/../../../../arm-none-eabi/lib/thumb/v7m\libc.a(lib_a-memset.o)
 .ARM.attributes
                0x000006eb       0x2d c:/program files/yagarto/bin/../lib/gcc/arm-none-eabi/4.7.1/../../../../arm-none-eabi/lib/thumb/v7m\libc.a(lib_a-sprintf.o)
 .ARM.attributes
                0x00000718       0x2d c:/program files/yagarto/bin/../lib/gcc/arm-none-eabi/4.7.1/../../../../arm-none-eabi/lib/thumb/v7m\libc.a(lib_a-svfprintf.o)
 .ARM.attributes
                0x00000745       0x2d c:/program files/yagarto/bin/../lib/gcc/arm-none-eabi/4.7.1/../../../../arm-none-eabi/lib/thumb/v7m\libc.a(lib_a-dtoa.o)
 .ARM.attributes
                0x00000772       0x2d c:/program files/yagarto/bin/../lib/gcc/arm-none-eabi/4.7.1/../../../../arm-none-eabi/lib/thumb/v7m\libc.a(lib_a-impure.o)
 .ARM.attributes
                0x0000079f       0x2d c:/program files/yagarto/bin/../lib/gcc/arm-none-eabi/4.7.1/../../../../arm-none-eabi/lib/thumb/v7m\libc.a(lib_a-locale.o)
 .ARM.attributes
                0x000007cc       0x2d c:/program files/yagarto/bin/../lib/gcc/arm-none-eabi/4.7.1/../../../../arm-none-eabi/lib/thumb/v7m\libc.a(lib_a-mallocr.o)
 .ARM.attributes
                0x000007f9       0x2d c:/program files/yagarto/bin/../lib/gcc/arm-none-eabi/4.7.1/../../../../arm-none-eabi/lib/thumb/v7m\libc.a(lib_a-memchr-stub.o)
 .ARM.attributes
                0x00000826       0x2d c:/program files/yagarto/bin/../lib/gcc/arm-none-eabi/4.7.1/../../../../arm-none-eabi/lib/thumb/v7m\libc.a(lib_a-memcpy-stub.o)
 .ARM.attributes
                0x00000853       0x2d c:/program files/yagarto/bin/../lib/gcc/arm-none-eabi/4.7.1/../../../../arm-none-eabi/lib/thumb/v7m\libc.a(lib_a-mlock.o)
 .ARM.attributes
                0x00000880       0x2d c:/program files/yagarto/bin/../lib/gcc/arm-none-eabi/4.7.1/../../../../arm-none-eabi/lib/thumb/v7m\libc.a(lib_a-mprec.o)
 .ARM.attributes
                0x000008ad       0x2d c:/program files/yagarto/bin/../lib/gcc/arm-none-eabi/4.7.1/../../../../arm-none-eabi/lib/thumb/v7m\libc.a(lib_a-s_fpclassify.o)
 .ARM.attributes
                0x000008da       0x2d c:/program files/yagarto/bin/../lib/gcc/arm-none-eabi/4.7.1/../../../../arm-none-eabi/lib/thumb/v7m\libc.a(lib_a-strcmp.o)
 .ARM.attributes
                0x00000907       0x2d c:/program files/yagarto/bin/../lib/gcc/arm-none-eabi/4.7.1/../../../../arm-none-eabi/lib/thumb/v7m\libc.a(lib_a-strlen.o)
 .ARM.attributes
                0x00000934       0x2d c:/program files/yagarto/bin/../lib/gcc/arm-none-eabi/4.7.1/../../../../arm-none-eabi/lib/thumb/v7m\libc.a(lib_a-svfiprintf.o)
 .ARM.attributes
                0x00000961       0x2d c:/program files/yagarto/bin/../lib/gcc/arm-none-eabi/4.7.1/../../../../arm-none-eabi/lib/thumb/v7m\libc.a(lib_a-callocr.o)
 .ARM.attributes
                0x0000098e       0x2d c:/program files/yagarto/bin/../lib/gcc/arm-none-eabi/4.7.1/../../../../arm-none-eabi/lib/thumb/v7m\libc.a(lib_a-freer.o)
 .ARM.attributes
                0x000009bb       0x2d c:/program files/yagarto/bin/../lib/gcc/arm-none-eabi/4.7.1/../../../../arm-none-eabi/lib/thumb/v7m\libc.a(lib_a-memmove.o)
 .ARM.attributes