Archive member included because of file (symbol)

c:/program files/yagarto/bin/../lib/gcc/arm-none-eabi/4.7.1/../../../../arm-none-eabi/lib/thumb/v7m\libc.a(lib_a-memset.o)
                              build/obj/syscalls.o (memset)

Discarded input sections

 .text          0x00000000        0x0 build/obj/crt0.o
 .data          0x00000000        0x0 build/obj/crt0.o
 .bss           0x00000000        0x0 build/obj/crt0.o
 .text.__early_init
                0x00000000        0x4 build/obj/crt0.o
 .text          0x00000000        0x0 build/obj/vectors.o
 .data          0x00000000        0x0 build/obj/vectors.o
 .bss           0x00000000        0x0 build/obj/vectors.o
 .text          0x00000000        0x0 build/obj/chcore.o
 .data          0x00000000        0x0 build/obj/chcore.o
 .bss           0x00000000        0x0 build/obj/chcore.o
 .text.port_halt
                0x00000000        0x4 build/obj/chcore.o
 .debug_info    0x00000000       0x93 build/obj/chcore.o
 .debug_abbrev  0x00000000       0x44 build/obj/chcore.o
 .debug_aranges
                0x00000000       0x20 build/obj/chcore.o
 .debug_ranges  0x00000000       0x10 build/obj/chcore.o
 .debug_line    0x00000000       0x53 build/obj/chcore.o
 .debug_str     0x00000000      0x102 build/obj/chcore.o
 .comment       0x00000000       0x12 build/obj/chcore.o
 .ARM.attributes
                0x00000000       0x33 build/obj/chcore.o
 .debug_frame   0x00000000       0x20 build/obj/chcore.o
 .text          0x00000000        0x0 build/obj/chcore_v7m.o
 .data          0x00000000        0x0 build/obj/chcore_v7m.o
 .bss           0x00000000        0x0 build/obj/chcore_v7m.o
 .text          0x00000000        0x0 build/obj/nvic.o
 .data          0x00000000        0x0 build/obj/nvic.o
 .bss           0x00000000        0x0 build/obj/nvic.o
 .text.nvicDisableVector
                0x00000000       0x3c build/obj/nvic.o
 .text          0x00000000        0x0 build/obj/chsys.o
 .data          0x00000000        0x0 build/obj/chsys.o
 .bss           0x00000000        0x0 build/obj/chsys.o
 .text          0x00000000        0x0 build/obj/chdebug.o
 .data          0x00000000        0x0 build/obj/chdebug.o
 .bss           0x00000000        0x0 build/obj/chdebug.o
 .debug_info    0x00000000       0x72 build/obj/chdebug.o
 .debug_abbrev  0x00000000       0x26 build/obj/chdebug.o
 .debug_aranges
                0x00000000       0x18 build/obj/chdebug.o
 .debug_line    0x00000000       0x1d build/obj/chdebug.o
 .debug_str     0x00000000       0xf3 build/obj/chdebug.o
 .comment       0x00000000       0x12 build/obj/chdebug.o
 .ARM.attributes
                0x00000000       0x33 build/obj/chdebug.o
 .text          0x00000000        0x0 build/obj/chlists.o
 .data          0x00000000        0x0 build/obj/chlists.o
 .bss           0x00000000        0x0 build/obj/chlists.o
 .debug_info    0x00000000       0x72 build/obj/chlists.o
 .debug_abbrev  0x00000000       0x26 build/obj/chlists.o
 .debug_aranges
                0x00000000       0x18 build/obj/chlists.o
 .debug_line    0x00000000       0x1d build/obj/chlists.o
 .debug_str     0x00000000       0xf3 build/obj/chlists.o
 .comment       0x00000000       0x12 build/obj/chlists.o
 .ARM.attributes
                0x00000000       0x33 build/obj/chlists.o
 .text          0x00000000        0x0 build/obj/chvt.o
 .data          0x00000000        0x0 build/obj/chvt.o
 .bss           0x00000000        0x0 build/obj/chvt.o
 .text          0x00000000        0x0 build/obj/chschd.o
 .data          0x00000000        0x0 build/obj/chschd.o
 .bss           0x00000000        0x0 build/obj/chschd.o
 .text          0x00000000        0x0 build/obj/chthreads.o
 .data          0x00000000        0x0 build/obj/chthreads.o
 .bss           0x00000000        0x0 build/obj/chthreads.o
 .text          0x00000000        0x0 build/obj/chdynamic.o
 .data          0x00000000        0x0 build/obj/chdynamic.o
 .bss           0x00000000        0x0 build/obj/chdynamic.o
 .text          0x00000000        0x0 build/obj/chregistry.o
 .data          0x00000000        0x0 build/obj/chregistry.o
 .bss           0x00000000        0x0 build/obj/chregistry.o
 .text          0x00000000        0x0 build/obj/chsem.o
 .data          0x00000000        0x0 build/obj/chsem.o
 .bss           0x00000000        0x0 build/obj/chsem.o
 .text          0x00000000        0x0 build/obj/chmtx.o
 .data          0x00000000        0x0 build/obj/chmtx.o
 .bss           0x00000000        0x0 build/obj/chmtx.o
 .text.chMtxTryLockS
                0x00000000       0x20 build/obj/chmtx.o
 .text          0x00000000        0x0 build/obj/chcond.o
 .data          0x00000000        0x0 build/obj/chcond.o
 .bss           0x00000000        0x0 build/obj/chcond.o
 .text          0x00000000        0x0 build/obj/chevents.o
 .data          0x00000000        0x0 build/obj/chevents.o
[...]
Memory Configuration

Name             Origin             Length             Attributes
flash            0x08000000         0x00020000
ram              0x20000000         0x00004000
*default*        0x00000000         0xffffffff

Linker script and memory map

LOAD build/obj/crt0.o
LOAD build/obj/vectors.o
LOAD build/obj/chcore.o
LOAD build/obj/chcore_v7m.o
LOAD build/obj/nvic.o
LOAD build/obj/chsys.o
LOAD build/obj/chdebug.o
LOAD build/obj/chlists.o
LOAD build/obj/chvt.o
LOAD build/obj/chschd.o
LOAD build/obj/chthreads.o
LOAD build/obj/chdynamic.o
LOAD build/obj/chregistry.o
LOAD build/obj/chsem.o
LOAD build/obj/chmtx.o
LOAD build/obj/chcond.o
LOAD build/obj/chevents.o
LOAD build/obj/chmsg.o
LOAD build/obj/chmboxes.o
LOAD build/obj/chqueues.o
LOAD build/obj/chmemcore.o
LOAD build/obj/chheap.o
LOAD build/obj/chmempools.o
LOAD build/obj/test.o
LOAD build/obj/testthd.o
LOAD build/obj/testsem.o
LOAD build/obj/testmtx.o
LOAD build/obj/testmsg.o
LOAD build/obj/testmbox.o
LOAD build/obj/testevt.o
LOAD build/obj/testheap.o
LOAD build/obj/testpools.o
LOAD build/obj/testdyn.o
LOAD build/obj/testqueues.o
LOAD build/obj/testbmk.o
LOAD build/obj/hal.o
LOAD build/obj/adc.o
LOAD build/obj/can.o
LOAD build/obj/ext.o
LOAD build/obj/gpt.o
LOAD build/obj/i2c.o
LOAD build/obj/icu.o
LOAD build/obj/mac.o
LOAD build/obj/pal.o
LOAD build/obj/pwm.o
LOAD build/obj/sdc.o
LOAD build/obj/serial.o
LOAD build/obj/spi.o
LOAD build/obj/uart.o
LOAD build/obj/usb.o
LOAD build/obj/tm.o
LOAD build/obj/mmc_spi.o
LOAD build/obj/serial_usb.o
LOAD build/obj/rtc.o
LOAD build/obj/stm32_dma.o
LOAD build/obj/hal_lld.o
LOAD build/obj/adc_lld.o
LOAD build/obj/ext_lld.o
LOAD build/obj/gpt_lld.o
LOAD build/obj/i2c_lld.o
LOAD build/obj/icu_lld.o
LOAD build/obj/pwm_lld.o
LOAD build/obj/serial_lld.o
LOAD build/obj/spi_lld.o
LOAD build/obj/uart_lld.o
LOAD build/obj/pal_lld.o
LOAD build/obj/usb_lld.o
LOAD build/obj/board.o
LOAD build/obj/evtimer.o
LOAD build/obj/syscalls.o
LOAD build/obj/main.o
START GROUP
LOAD c:/program files/yagarto/bin/../lib/gcc/arm-none-eabi/4.7.1/thumb/v7m\libgcc.a
LOAD c:/program files/yagarto/bin/../lib/gcc/arm-none-eabi/4.7.1/../../../../arm-none-eabi/lib/thumb/v7m\libc.a
END GROUP
                0x00000400                __main_stack_size__ = 0x400
                0x00000400                __process_stack_size__ = 0x400
                0x20000000                __ram_start__ = ORIGIN (ram)
                0x00004000                __ram_size__ = 0x4000
                0x20004000                __ram_end__ = (__ram_start__ + __ram_size__)
                0x00000000                . = 0x0
                0x00000000                _text = .

startup         0x08000000       0xf4
 *(vectors)
 vectors        0x08000000       0xf4 build/obj/vectors.o
                0x08000000                _vectors

constructors    0x080000f4        0x0
                0x080000f4                PROVIDE (__init_array_start, .)
 *(SORT(.init_array.*))
 *(.init_array)
                0x080000f4                PROVIDE (__init_array_end, .)

destructors     0x080000f4        0x0
                0x080000f4                PROVIDE (__fini_array_start, .)
 *(.fini_array)
 *(SORT(.fini_array.*))
                0x080000f4                PROVIDE (__fini_array_end, .)

.text           0x08000100     0x7528
 *(.text.startup.*)
 .text.startup.main
                0x08000100       0xa8 build/obj/main.o
                0x08000100                main
 *(.text)
 *(.text.*)
 *fill*         0x080001a8        0x8 00
 .text.__late_init
                0x080001b0        0x4 build/obj/crt0.o
                0x080001b0                __late_init
 *fill*         0x080001b4        0xc 00
 .text._default_exit
                0x080001c0        0x4 build/obj/crt0.o
                0x080001c0                _default_exit
 *fill*         0x080001c4        0xc 00
 .text.ResetHandler
                0x080001d0      0x118 build/obj/crt0.o
                0x080001d0                ResetHandler
 *fill*         0x080002e8        0x8 00
 .text._unhandled_exception
                0x080002f0        0x4 build/obj/vectors.o
                0x080002f0                Vector58
                0x080002f0                VectorE8
                0x080002f0                Vector9C
                0x080002f0                VectorAC
                0x080002f0                Vector5C
                0x080002f0                NMIVector
                0x080002f0                Vector8C
                0x080002f0                VectorDC
                0x080002f0                VectorC8
                0x080002f0                Vector94
                0x080002f0                VectorA8
                0x080002f0                VectorB4
                0x080002f0                VectorEC
                0x080002f0                UsageFaultVector
                0x080002f0                DebugMonitorVector
                0x080002f0                Vector40
                0x080002f0                VectorBC
                0x080002f0                PendSVVector
                0x080002f0                Vector64
                0x080002f0                VectorCC
                0x080002f0                Vector54
                0x080002f0                Vector98
                0x080002f0                VectorD8
                0x080002f0                Vector24
                0x080002f0                BusFaultVector
                0x080002f0                VectorD0
                0x080002f0                VectorE4
                0x080002f0                VectorC0
                0x080002f0                HardFaultVector
                0x080002f0                VectorF0
                0x080002f0                VectorE0
                0x080002f0                MemManageVector
                0x080002f0                VectorA0
                0x080002f0                VectorC4
                0x080002f0                VectorB0
                0x080002f0                Vector90
                0x080002f0                Vector60
                0x080002f0                Vector1C
                0x080002f0                Vector48
                0x080002f0                Vector4C
                0x080002f0                Vector68
                0x080002f0                _unhandled_exception
                0x080002f0                Vector50
                0x080002f0                Vector44
                0x080002f0                Vector28
                0x080002f0                Vector34
                0x080002f0                VectorA4
                0x080002f0                Vector20
 *fill*         0x080002f4        0xc 00
 .text._port_switch_from_isr
                0x08000300        0x8 build/obj/chcore_v7m.o
                0x08000300                _port_switch_from_isr
 *fill*         0x08000308        0x8 00
 .text.SVCallVector
                0x08000310       0x14 build/obj/chcore_v7m.o
                0x08000310                SVCallVector
 *fill*         0x08000324        0xc 00
 .text._port_init
                0x08000330       0x34 build/obj/chcore_v7m.o
                0x08000330                _port_init
 *fill*         0x08000364        0xc 00
 .text._port_irq_epilogue
                0x08000370       0x78 build/obj/chcore_v7m.o
                0x08000370                _port_irq_epilogue
 *fill*         0x080003e8        0x8 00
 .text.SysTickVector
                0x080003f0       0x1c build/obj/chcore_v7m.o
                0x080003f0                SysTickVector
 *fill*         0x0800040c        0x4 00
 .text._port_switch
                0x08000410       0x10 build/obj/chcore_v7m.o
                0x08000410                _port_switch
 .text._port_thread_start
                0x08000420       0x10 build/obj/chcore_v7m.o
                0x08000420                _port_thread_start
 .text.nvicEnableVector
                0x08000430       0x48 build/obj/nvic.o
                0x08000430                nvicEnableVector
 *fill*         0x08000478        0x8 00
 .text.nvicSetSystemHandlerPriority
                0x08000480       0x30 build/obj/nvic.o
                0x08000480                nvicSetSystemHandlerPriority
 .text._idle_thread
                0x080004b0       0x14 build/obj/chsys.o
                0x080004b0                _idle_thread
 *fill*         0x080004c4        0xc 00
 .text.chSysInit
                0x080004d0       0x64 build/obj/chsys.o
                0x080004d0                chSysInit
 *fill*         0x08000534        0xc 00
 .text.chSysTimerHandlerI
                0x08000540       0x4c build/obj/chsys.o
                0x08000540                chSysTimerHandlerI
 *fill*         0x0800058c        0x4 00
 .text._vt_init
                0x08000590       0x18 build/obj/chvt.o
                0x08000590                _vt_init
 *fill*         0x080005a8        0x8 00
 .text.chVTSetI
                0x080005b0       0x3c build/obj/chvt.o
                0x080005b0                chVTSetI
 *fill*         0x080005ec        0x4 00
 .text.chVTResetI
                0x080005f0       0x24 build/obj/chvt.o
                0x080005f0                chVTResetI
 *fill*         0x08000614        0xc 00
 .text.chTimeIsWithin
                0x08000620       0x34 build/obj/chvt.o
                0x08000620                chTimeIsWithin
 *fill*         0x08000654        0xc 00
 .text.wakeup   0x08000660       0x50 build/obj/chschd.o
 .text._scheduler_init
                0x080006b0       0x1c build/obj/chschd.o
                0x080006b0                _scheduler_init
 *fill*         0x080006cc        0x4 00
 .text.chSchReadyI
                0x080006d0       0x20 build/obj/chschd.o
                0x080006d0                chSchReadyI
 .text.chSchGoSleepS
                0x080006f0       0x28 build/obj/chschd.o
                0x080006f0                chSchGoSleepS
 *fill*         0x08000718        0x8 00
 .text.chSchGoSleepTimeoutS
                0x08000720       0x40 build/obj/chschd.o
                0x08000720                chSchGoSleepTimeoutS
 .text.chSchWakeupS
                0x08000760       0x5c build/obj/chschd.o
                0x08000760                chSchWakeupS
 *fill*         0x080007bc        0x4 00
 .text.chSchDoReschedule
                0x080007c0       0x40 build/obj/chschd.o
                0x080007c0                chSchDoReschedule
 .text.chSchRescheduleS
                0x08000800       0x18 build/obj/chschd.o
                0x08000800                chSchRescheduleS
 *fill*         0x08000818        0x8 00
 .text._thread_init
                0x08000820       0x44 build/obj/chthreads.o
                0x08000820                _thread_init
 *fill*         0x08000864        0xc 00
 .text.chThdCreateI
                0x08000870       0x68 build/obj/chthreads.o
                0x08000870                chThdCreateI
 *fill*         0x080008d8        0x8 00
 .text.chThdCreateStatic
                0x080008e0       0x2c build/obj/chthreads.o
                0x080008e0                chThdCreateStatic
 *fill*         0x0800090c        0x4 00
 .text.chThdSetPriority
                0x08000910       0x30 build/obj/chthreads.o
                0x08000910                chThdSetPriority
 .text.chThdResume
                0x08000940       0x1c build/obj/chthreads.o
                0x08000940                chThdResume
 *fill*         0x0800095c        0x4 00
 .text.chThdTerminate
                0x08000960       0x18 build/obj/chthreads.o
                0x08000960                chThdTerminate
 *fill*         0x08000978        0x8 00
 .text.chThdSleep
                0x08000980       0x18 build/obj/chthreads.o
                0x08000980                chThdSleep
 *fill*         0x08000998        0x8 00
 .text.chThdSleepUntil
                0x080009a0       0x24 build/obj/chthreads.o
                0x080009a0                chThdSleepUntil
 *fill*         0x080009c4        0xc 00
 .text.chThdYield
                0x080009d0       0x28 build/obj/chthreads.o
                0x080009d0                chThdYield
 *fill*         0x080009f8        0x8 00
 .text.chThdExitS
                0x08000a00       0x40 build/obj/chthreads.o
                0x08000a00                chThdExitS
 .text.chThdExit
                0x08000a40        0xc build/obj/chthreads.o
                0x08000a40                chThdExit
 *fill*         0x08000a4c        0x4 00
 .text.chThdWait
                0x08000a50       0x38 build/obj/chthreads.o
                0x08000a50                chThdWait
 *fill*         0x08000a88        0x8 00
 .text.chThdAddRef
                0x08000a90       0x14 build/obj/chdynamic.o
                0x08000a90                chThdAddRef
 *fill*         0x08000aa4        0xc 00
 .text.chThdRelease
                0x08000ab0       0x4c build/obj/chdynamic.o
                0x08000ab0                chThdRelease
 *fill*         0x08000afc        0x4 00
 .text.chThdCreateFromHeap
                0x08000b00       0x40 build/obj/chdynamic.o
                0x08000b00                chThdCreateFromHeap
 .text.chThdCreateFromMemoryPool
                0x08000b40       0x44 build/obj/chdynamic.o
                0x08000b40                chThdCreateFromMemoryPool
 *fill*         0x08000b84        0xc 00
 .text.chRegFirstThread
                0x08000b90       0x20 build/obj/chregistry.o
                0x08000b90                chRegFirstThread
 .text.chRegNextThread
                0x08000bb0       0x2c build/obj/chregistry.o
                0x08000bb0                chRegNextThread
 *fill*         0x08000bdc        0x4 00
 .text.chSemInit
                0x08000be0        0x8 build/obj/chsem.o
                0x08000be0                chSemInit
 *fill*         0x08000be8        0x8 00
 .text.chSemResetI
                0x08000bf0       0x28 build/obj/chsem.o
                0x08000bf0                chSemResetI
 *fill*         0x08000c18        0x8 00
 .text.chSemReset
                0x08000c20       0x18 build/obj/chsem.o
                0x08000c20                chSemReset
 *fill*         0x08000c38        0x8 00
 .text.chSemWaitS
                0x08000c40       0x34 build/obj/chsem.o
                0x08000c40                chSemWaitS
 *fill*         0x08000c74        0xc 00
 .text.chSemWait
                0x08000c80       0x14 build/obj/chsem.o
                0x08000c80                chSemWait
 *fill*         0x08000c94        0xc 00
 .text.chSemWaitTimeoutS
                0x08000ca0       0x3c build/obj/chsem.o
                0x08000ca0                chSemWaitTimeoutS
 *fill*         0x08000cdc        0x4 00
 .text.chSemWaitTimeout
                0x08000ce0       0x14 build/obj/chsem.o
                0x08000ce0                chSemWaitTimeout
 *fill*         0x08000cf4        0xc 00
 .text.chSemSignal
                0x08000d00       0x2c build/obj/chsem.o
                0x08000d00                chSemSignal
 *fill*         0x08000d2c        0x4 00
 .text.chSemSignalI
                0x08000d30       0x20 build/obj/chsem.o
                0x08000d30                chSemSignalI
 .text.chSemAddCounterI
                0x08000d50       0x30 build/obj/chsem.o
                0x08000d50                chSemAddCounterI
 .text.chSemSignalWait
                0x08000d80       0x64 build/obj/chsem.o
                0x08000d80                chSemSignalWait
 *fill*         0x08000de4        0xc 00
 .text.chMtxInit
                0x08000df0        0xc build/obj/chmtx.o
                0x08000df0                chMtxInit
 *fill*         0x08000dfc        0x4 00
 .text.chMtxLockS
                0x08000e00       0xc4 build/obj/chmtx.o
                0x08000e00                chMtxLockS
 *fill*         0x08000ec4        0xc 00
 .text.chMtxLock
                0x08000ed0       0x14 build/obj/chmtx.o
                0x08000ed0                chMtxLock
 *fill*         0x08000ee4        0xc 00
 .text.chMtxTryLock
                0x08000ef0       0x2c build/obj/chmtx.o
                0x08000ef0                chMtxTryLock
 *fill*         0x08000f1c        0x4 00
 .text.chMtxUnlock
                0x08000f20       0x5c build/obj/chmtx.o
                0x08000f20                chMtxUnlock
 *fill*         0x08000f7c        0x4 00
 .text.chMtxUnlockS
                0x08000f80       0x50 build/obj/chmtx.o
                0x08000f80                chMtxUnlockS
 .text.chMtxUnlockAll
                0x08000fd0       0x50 build/obj/chmtx.o
                0x08000fd0                chMtxUnlockAll
 .text.chCondInit
                0x08001020        0x8 build/obj/chcond.o
                0x08001020                chCondInit
 *fill*         0x08001028        0x8 00
 .text.chCondSignal
                0x08001030       0x24 build/obj/chcond.o
                0x08001030                chCondSignal
 *fill*         0x08001054        0xc 00
 .text.chCondSignalI
                0x08001060       0x1c build/obj/chcond.o
                0x08001060                chCondSignalI
 *fill*         0x0800107c        0x4 00
 .text.chCondBroadcastI
                0x08001080       0x24 build/obj/chcond.o
                0x08001080                chCondBroadcastI
 *fill*         0x080010a4        0xc 00
 .text.chCondBroadcast
                0x080010b0       0x18 build/obj/chcond.o
                0x080010b0                chCondBroadcast
 *fill*         0x080010c8        0x8 00
 .text.chCondWaitS
                0x080010d0       0x48 build/obj/chcond.o
                0x080010d0                chCondWaitS
 *fill*         0x08001118        0x8 00
 .text.chCondWait
                0x08001120       0x14 build/obj/chcond.o
                0x08001120                chCondWait
 *fill*         0x08001134        0xc 00
 .text.chCondWaitTimeoutS
                0x08001140       0x4c build/obj/chcond.o
                0x08001140                chCondWaitTimeoutS
 *fill*         0x0800118c        0x4 00
 .text.chCondWaitTimeout
                0x08001190       0x14 build/obj/chcond.o
                0x08001190                chCondWaitTimeout
 *fill*         0x080011a4        0xc 00
 .text.chEvtRegisterMask
                0x080011b0       0x28 build/obj/chevents.o
                0x080011b0                chEvtRegisterMask
 *fill*         0x080011d8        0x8 00
 .text.chEvtUnregister
                0x080011e0       0x24 build/obj/chevents.o
                0x080011e0                chEvtUnregister
 *fill*         0x08001204        0xc 00
 .text.chEvtClearFlags
                0x08001210       0x28 build/obj/chevents.o
                0x08001210                chEvtClearFlags
 *fill*         0x08001238        0x8 00
 .text.chEvtAddFlags
                0x08001240       0x20 build/obj/chevents.o
                0x08001240                chEvtAddFlags
 .text.chEvtSignalFlagsI
                0x08001260       0x30 build/obj/chevents.o
                0x08001260                chEvtSignalFlagsI
 .text.chEvtSignalFlags
                0x08001290       0x18 build/obj/chevents.o
                0x08001290                chEvtSignalFlags
 *fill*         0x080012a8        0x8 00
 .text.chEvtBroadcastFlagsI
                0x080012b0       0x20 build/obj/chevents.o
                0x080012b0                chEvtBroadcastFlagsI
 .text.chEvtBroadcastFlags
                0x080012d0       0x18 build/obj/chevents.o
                0x080012d0                chEvtBroadcastFlags
 *fill*         0x080012e8        0x8 00
 .text.chEvtDispatch
                0x080012f0       0x30 build/obj/chevents.o
                0x080012f0                chEvtDispatch
 .text.chEvtWaitOne
                0x08001320       0x3c build/obj/chevents.o
                0x08001320                chEvtWaitOne
 *fill*         0x0800135c        0x4 00
 .text.chEvtWaitAny
                0x08001360       0x34 build/obj/chevents.o
                0x08001360                chEvtWaitAny
 *fill*         0x08001394        0xc 00
 .text.chEvtWaitAll
                0x080013a0       0x38 build/obj/chevents.o
                0x080013a0                chEvtWaitAll
 *fill*         0x080013d8        0x8 00
 .text.chEvtWaitOneTimeout
                0x080013e0       0x4c build/obj/chevents.o
                0x080013e0                chEvtWaitOneTimeout
 *fill*         0x0800142c        0x4 00
 .text.chEvtWaitAnyTimeout
                0x08001430       0x48 build/obj/chevents.o
                0x08001430                chEvtWaitAnyTimeout
 *fill*         0x08001478        0x8 00
 .text.chEvtWaitAllTimeout
                0x08001480       0x54 build/obj/chevents.o
                0x08001480                chEvtWaitAllTimeout
 *fill*         0x080014d4        0xc 00
 .text.chMsgSend
                0x080014e0       0x40 build/obj/chmsg.o
                0x080014e0                chMsgSend
 .text.chMsgWait
                0x08001520       0x3c build/obj/chmsg.o
                0x08001520                chMsgWait
 *fill*         0x0800155c        0x4 00
 .text.chMsgRelease
                0x08001560       0x14 build/obj/chmsg.o
                0x08001560                chMsgRelease
 *fill*         0x08001574        0xc 00
 .text.chMBInit
                0x08001580       0x2c build/obj/chmboxes.o
                0x08001580                chMBInit
 *fill*         0x080015ac        0x4 00
 .text.chMBReset
                0x080015b0       0x34 build/obj/chmboxes.o
                0x080015b0                chMBReset
 *fill*         0x080015e4        0xc 00
 .text.chMBPostS
                0x080015f0       0x38 build/obj/chmboxes.o
                0x080015f0                chMBPostS
 *fill*         0x08001628        0x8 00
 .text.chMBPost
                0x08001630       0x14 build/obj/chmboxes.o
                0x08001630                chMBPost
 *fill*         0x08001644        0xc 00
 .text.chMBPostI
                0x08001650       0x30 build/obj/chmboxes.o
                0x08001650                chMBPostI
 .text.chMBPostAheadS
                0x08001680       0x3c build/obj/chmboxes.o
                0x08001680                chMBPostAheadS
 *fill*         0x080016bc        0x4 00
 .text.chMBPostAhead
                0x080016c0       0x14 build/obj/chmboxes.o
                0x080016c0                chMBPostAhead
 *fill*         0x080016d4        0xc 00
 .text.chMBPostAheadI
                0x080016e0       0x30 build/obj/chmboxes.o
                0x080016e0                chMBPostAheadI
 .text.chMBFetchS
                0x08001710       0x38 build/obj/chmboxes.o
                0x08001710                chMBFetchS
 *fill*         0x08001748        0x8 00
 .text.chMBFetch
                0x08001750       0x14 build/obj/chmboxes.o
                0x08001750                chMBFetch
 *fill*         0x08001764        0xc 00
 .text.chMBFetchI
                0x08001770       0x30 build/obj/chmboxes.o
                0x08001770                chMBFetchI
 .text.qwait    0x080017a0       0x2c build/obj/chqueues.o
 *fill*         0x080017cc        0x4 00
 .text.chIQInit
                0x080017d0       0x1c build/obj/chqueues.o
                0x080017d0                chIQInit
 *fill*         0x080017ec        0x4 00
 .text.chIQResetI
                0x080017f0       0x2c build/obj/chqueues.o
                0x080017f0                chIQResetI
 *fill*         0x0800181c        0x4 00
 .text.chIQPutI
                0x08001820       0x4c build/obj/chqueues.o
                0x08001820                chIQPutI
 *fill*         0x0800186c        0x4 00
 .text.chIQGetTimeout
                0x08001870       0x48 build/obj/chqueues.o
                0x08001870                chIQGetTimeout
 *fill*         0x080018b8        0x8 00
 .text.chIQReadTimeout
                0x080018c0       0x74 build/obj/chqueues.o
                0x080018c0                chIQReadTimeout
 *fill*         0x08001934        0xc 00
 .text.chOQInit
                0x08001940       0x18 build/obj/chqueues.o
                0x08001940                chOQInit
 *fill*         0x08001958        0x8 00
 .text.chOQResetI
                0x08001960       0x30 build/obj/chqueues.o
                0x08001960                chOQResetI
 .text.chOQPutTimeout
                0x08001990       0x50 build/obj/chqueues.o
                0x08001990                chOQPutTimeout
 .text.chOQGetI
                0x080019e0       0x48 build/obj/chqueues.o
                0x080019e0                chOQGetI
 *fill*         0x08001a28        0x8 00
 .text.chOQWriteTimeout
                0x08001a30       0x74 build/obj/chqueues.o
                0x08001a30                chOQWriteTimeout
 *fill*         0x08001aa4        0xc 00
 .text._core_init
                0x08001ab0       0x2c build/obj/chmemcore.o
                0x08001ab0                _core_init
 *fill*         0x08001adc        0x4 00
 .text.chCoreAlloc
                0x08001ae0       0x34 build/obj/chmemcore.o
                0x08001ae0                chCoreAlloc
 *fill*         0x08001b14        0xc 00
 .text.chCoreStatus
                0x08001b20       0x18 build/obj/chmemcore.o
                0x08001b20                chCoreStatus
 *fill*         0x08001b38        0x8 00
 .text._heap_init
                0x08001b40       0x20 build/obj/chheap.o
                0x08001b40                _heap_init
 .text.chHeapInit
                0x08001b60       0x14 build/obj/chheap.o
                0x08001b60                chHeapInit
 *fill*         0x08001b74        0xc 00
 .text.chHeapAlloc
                0x08001b80       0x84 build/obj/chheap.o
                0x08001b80                chHeapAlloc
 *fill*         0x08001c04        0xc 00
 .text.chHeapFree
                0x08001c10       0x88 build/obj/chheap.o
                0x08001c10                chHeapFree
 *fill*         0x08001c98        0x8 00
 .text.chHeapStatus
                0x08001ca0       0x40 build/obj/chheap.o
                0x08001ca0                chHeapStatus
 .text.chPoolInit
                0x08001ce0       0x10 build/obj/chmempools.o
                0x08001ce0                chPoolInit
 .text.chPoolAlloc
                0x08001cf0       0x28 build/obj/chmempools.o
                0x08001cf0                chPoolAlloc
 *fill*         0x08001d18        0x8 00
 .text.chPoolFree
                0x08001d20       0x14 build/obj/chmempools.o
                0x08001d20                chPoolFree
 *fill*         0x08001d34        0xc 00
 .text.tmr      0x08001d40       0x10 build/obj/test.o
 .text.print_line
                0x08001d50       0x3c build/obj/test.o
 *fill*         0x08001d8c        0x4 00
 .text.test_printn
                0x08001d90       0x70 build/obj/test.o
                0x08001d90                test_printn
 .text.test_print
                0x08001e00       0x24 build/obj/test.o
                0x08001e00                test_print
 *fill*         0x08001e24        0xc 00
 .text.test_println
                0x08001e30       0x40 build/obj/test.o
                0x08001e30                test_println
 .text.test_emit_token
                0x08001e70       0x20 build/obj/test.o
                0x08001e70                test_emit_token
 .text._test_assert
                0x08001e90       0x24 build/obj/test.o
                0x08001e90                _test_assert
 *fill*         0x08001eb4        0xc 00
 .text._test_assert_sequence
                0x08001ec0       0x54 build/obj/test.o
                0x08001ec0                _test_assert_sequence
 *fill*         0x08001f14        0xc 00
 .text._test_assert_time_window
                0x08001f20       0x30 build/obj/test.o
                0x08001f20                _test_assert_time_window
 .text.test_terminate_threads
                0x08001f50       0x20 build/obj/test.o
                0x08001f50                test_terminate_threads
 .text.test_wait_threads
                0x08001f70       0x24 build/obj/test.o
                0x08001f70                test_wait_threads
 *fill*         0x08001f94        0xc 00
 .text.test_cpu_pulse
                0x08001fa0       0x5c build/obj/test.o
                0x08001fa0                test_cpu_pulse
 *fill*         0x08001ffc        0x4 00
 .text.test_wait_tick
                0x08002000       0x14 build/obj/test.o
                0x08002000                test_wait_tick
 *fill*         0x08002014        0xc 00
 .text.test_start_timer
                0x08002020       0x50 build/obj/test.o
                0x08002020                test_start_timer
 .text.TestThread
                0x08002070      0x364 build/obj/test.o
                0x08002070                TestThread
 *fill*         0x080023d4        0xc 00
 .text.thd3_execute
                0x080023e0      0x13c build/obj/testthd.o
 *fill*         0x0800251c        0x4 00
 .text.thd2_execute
                0x08002520       0xec build/obj/testthd.o
 *fill*         0x0800260c        0x4 00
 .text.thd1_execute
                0x08002610       0xe8 build/obj/testthd.o
 *fill*         0x080026f8        0x8 00
 .text.thread   0x08002700        0xc build/obj/testthd.o
 *fill*         0x0800270c        0x4 00
 .text.thd4_execute
                0x08002710       0x78 build/obj/testthd.o
 *fill*         0x08002788        0x8 00
 .text.sem3_setup
                0x08002790       0x10 build/obj/testsem.o
 .text.sem2_setup
                0x080027a0       0x10 build/obj/testsem.o
 .text.sem1_setup
                0x080027b0       0x10 build/obj/testsem.o
 .text.sem4_execute
                0x080027c0       0xf8 build/obj/testsem.o
 *fill*         0x080028b8        0x8 00
 .text.thread4  0x080028c0       0x24 build/obj/testsem.o
 *fill*         0x080028e4        0xc 00
 .text.thread3  0x080028f0       0x1c build/obj/testsem.o
 *fill*         0x0800290c        0x4 00
 .text.thread1  0x08002910       0x1c build/obj/testsem.o
 *fill*         0x0800292c        0x4 00
 .text.thread2  0x08002930       0x28 build/obj/testsem.o
 *fill*         0x08002958        0x8 00
 .text.sem1_execute
                0x08002960      0x14c build/obj/testsem.o
 *fill*         0x08002aac        0x4 00
 .text.sem3_execute
                0x08002ab0       0xa0 build/obj/testsem.o
 .text.sem2_execute
                0x08002b50      0x150 build/obj/testsem.o
 .text.mtx8_execute
                0x08002ca0       0xb0 build/obj/testmtx.o
 .text.thread12
                0x08002d50       0x20 build/obj/testmtx.o
 .text.thread1  0x08002d70       0x20 build/obj/testmtx.o
 .text.thread10
                0x08002d90       0x2c build/obj/testmtx.o
 *fill*         0x08002dbc        0x4 00
 .text.thread11
                0x08002dc0       0x40 build/obj/testmtx.o
 .text.mtx8_setup
                0x08002e00       0x2c build/obj/testmtx.o
 *fill*         0x08002e2c        0x4 00
 .text.mtx7_setup
                0x08002e30       0x20 build/obj/testmtx.o
 .text.mtx6_setup
                0x08002e50       0x20 build/obj/testmtx.o
 .text.mtx5_setup
                0x08002e70        0xc build/obj/testmtx.o
 *fill*         0x08002e7c        0x4 00
 .text.mtx4_setup
                0x08002e80       0x20 build/obj/testmtx.o
 .text.mtx3_setup
                0x08002ea0       0x20 build/obj/testmtx.o
 .text.mtx2_setup
                0x08002ec0        0xc build/obj/testmtx.o
 *fill*         0x08002ecc        0x4 00
 .text.mtx1_setup
                0x08002ed0        0xc build/obj/testmtx.o
 *fill*         0x08002edc        0x4 00
 .text.mtx7_execute
                0x08002ee0       0xd0 build/obj/testmtx.o
 .text.mtx6_execute
                0x08002fb0      0x100 build/obj/testmtx.o
 .text.mtx1_execute
                0x080030b0       0xe0 build/obj/testmtx.o
 .text.mtx5_execute
                0x08003190       0xc4 build/obj/testmtx.o
 *fill*         0x08003254        0xc 00
 .text.mtx4_execute
                0x08003260      0x25c build/obj/testmtx.o
 *fill*         0x080034bc        0x4 00
 .text.thread4b
                0x080034c0       0x1c build/obj/testmtx.o
 *fill*         0x080034dc        0x4 00
 .text.thread4a
                0x080034e0       0x1c build/obj/testmtx.o
 *fill*         0x080034fc        0x4 00
 .text.mtx3_execute
                0x08003500       0xf0 build/obj/testmtx.o
 .text.mtx2_execute
                0x080035f0       0xb0 build/obj/testmtx.o
 .text.thread3HH
                0x080036a0       0x28 build/obj/testmtx.o
 *fill*         0x080036c8        0x8 00
 .text.thread3H
                0x080036d0       0x18 build/obj/testmtx.o
 *fill*         0x080036e8        0x8 00
 .text.thread3M
                0x080036f0       0x28 build/obj/testmtx.o
 *fill*         0x08003718        0x8 00
 .text.thread3L
                0x08003720       0x44 build/obj/testmtx.o
 *fill*         0x08003764        0xc 00
 .text.thread3LL
                0x08003770       0x24 build/obj/testmtx.o
 *fill*         0x08003794        0xc 00
 .text.thread2L
                0x080037a0       0x28 build/obj/testmtx.o
 *fill*         0x080037c8        0x8 00
 .text.thread2M
                0x080037d0       0x18 build/obj/testmtx.o
 *fill*         0x080037e8        0x8 00
 .text.thread2H
                0x080037f0       0x28 build/obj/testmtx.o
 *fill*         0x08003818        0x8 00
 .text.msg1_execute
                0x08003820       0x84 build/obj/testmsg.o
 *fill*         0x080038a4        0xc 00
 .text.thread   0x080038b0       0x20 build/obj/testmsg.o
 .text.mbox1_execute
                0x080038d0      0x62c build/obj/testmbox.o
 *fill*         0x08003efc        0x4 00
 .text.mbox1_setup
                0x08003f00       0x18 build/obj/testmbox.o
 *fill*         0x08003f18        0x8 00
 .text.evt3_setup
                0x08003f20        0x8 build/obj/testevt.o
 *fill*         0x08003f28        0x8 00
 .text.evt2_setup
                0x08003f30        0x8 build/obj/testevt.o
 *fill*         0x08003f38        0x8 00
 .text.evt1_setup
                0x08003f40        0x8 build/obj/testevt.o
 *fill*         0x08003f48        0x8 00
 .text.evt2_execute
                0x08003f50      0x254 build/obj/testevt.o
 *fill*         0x080041a4        0xc 00
 .text.thread2  0x080041b0       0x28 build/obj/testevt.o
 *fill*         0x080041d8        0x8 00
 .text.thread1  0x080041e0       0x18 build/obj/testevt.o
 *fill*         0x080041f8        0x8 00
 .text.evt1_execute
                0x08004200       0x88 build/obj/testevt.o
 *fill*         0x08004288        0x8 00
 .text.h3       0x08004290        0x8 build/obj/testevt.o
 *fill*         0x08004298        0x8 00
 .text.h2       0x080042a0        0x8 build/obj/testevt.o
 *fill*         0x080042a8        0x8 00
 .text.h1       0x080042b0        0x8 build/obj/testevt.o
 *fill*         0x080042b8        0x8 00
 .text.evt3_execute
                0x080042c0       0xac build/obj/testevt.o
 *fill*         0x0800436c        0x4 00
 .text.heap1_execute
                0x08004370      0x248 build/obj/testheap.o
 *fill*         0x080045b8        0x8 00
 .text.heap1_setup
                0x080045c0       0x18 build/obj/testheap.o
 *fill*         0x080045d8        0x8 00
 .text.null_provider
                0x080045e0        0x4 build/obj/testpools.o
 *fill*         0x080045e4        0xc 00
 .text.pools1_setup
                0x080045f0       0x14 build/obj/testpools.o
 *fill*         0x08004604        0xc 00
 .text.pools1_execute
                0x08004610       0x78 build/obj/testpools.o
 *fill*         0x08004688        0x8 00
 .text.regfind  0x08004690       0x24 build/obj/testdyn.o
 *fill*         0x080046b4        0xc 00
 .text.dyn3_execute
                0x080046c0      0x13c build/obj/testdyn.o
 *fill*         0x080047fc        0x4 00
 .text.thread   0x08004800        0xc build/obj/testdyn.o
 *fill*         0x0800480c        0x4 00
 .text.dyn3_setup
                0x08004810       0x18 build/obj/testdyn.o
 *fill*         0x08004828        0x8 00
 .text.dyn1_setup
                0x08004830       0x18 build/obj/testdyn.o
 *fill*         0x08004848        0x8 00
 .text.dyn2_execute
                0x08004850       0xf8 build/obj/testdyn.o
 *fill*         0x08004948        0x8 00
 .text.dyn2_setup
                0x08004950       0x14 build/obj/testdyn.o
 *fill*         0x08004964        0xc 00
 .text.dyn1_execute
                0x08004970       0xf0 build/obj/testdyn.o
 .text.notify   0x08004a60        0x4 build/obj/testqueues.o
 *fill*         0x08004a64        0xc 00
 .text.thread2  0x08004a70       0x18 build/obj/testqueues.o
 *fill*         0x08004a88        0x8 00
 .text.queues2_setup
                0x08004a90       0x20 build/obj/testqueues.o
 .text.thread1  0x08004ab0       0x14 build/obj/testqueues.o
 *fill*         0x08004ac4        0xc 00
 .text.queues1_setup
                0x08004ad0       0x20 build/obj/testqueues.o
 .text.queues2_execute
                0x08004af0      0x268 build/obj/testqueues.o
 *fill*         0x08004d58        0x8 00
 .text.queues1_execute
                0x08004d60      0x2ac build/obj/testqueues.o
 *fill*         0x0800500c        0x4 00
 .text.thread2  0x08005010        0x4 build/obj/testbmk.o
 *fill*         0x08005014        0xc 00
 .text.tmo      0x08005020        0x4 build/obj/testbmk.o
 *fill*         0x08005024        0xc 00
 .text.bmk13_execute
                0x08005030      0x100 build/obj/testbmk.o
 .text.bmk12_execute
                0x08005130       0x68 build/obj/testbmk.o
 *fill*         0x08005198        0x8 00
 .text.bmk12_setup
                0x080051a0        0xc build/obj/testbmk.o
 *fill*         0x080051ac        0x4 00
 .text.thread3  0x080051b0       0x28 build/obj/testbmk.o
 *fill*         0x080051d8        0x8 00
 .text.bmk11_execute
                0x080051e0       0x70 build/obj/testbmk.o
 .text.bmk11_setup
                0x08005250       0x10 build/obj/testbmk.o
 .text.bmk7_setup
                0x08005260       0x10 build/obj/testbmk.o
 .text.bmk10_execute
                0x08005270       0x7c build/obj/testbmk.o
 *fill*         0x080052ec        0x4 00
 .text.bmk9_execute
                0x080052f0       0xa4 build/obj/testbmk.o
 *fill*         0x08005394        0xc 00
 .text.bmk6_execute
                0x080053a0       0x70 build/obj/testbmk.o
 .text.bmk8_execute
                0x08005410       0xf0 build/obj/testbmk.o
 .text.thread8  0x08005500       0x34 build/obj/testbmk.o
 *fill*         0x08005534        0xc 00
 .text.bmk7_execute
                0x08005540      0x104 build/obj/testbmk.o
 *fill*         0x08005644        0xc 00
 .text.bmk5_execute
                0x08005650       0x74 build/obj/testbmk.o
 *fill*         0x080056c4        0xc 00
 .text.bmk4_execute
                0x080056d0       0xb4 build/obj/testbmk.o
 *fill*         0x08005784        0xc 00
 .text.msg_loop_test
                0x08005790       0x34 build/obj/testbmk.o
 *fill*         0x080057c4        0xc 00
 .text.bmk3_execute
                0x080057d0       0xe0 build/obj/testbmk.o
 .text.bmk2_execute
                0x080058b0       0x7c build/obj/testbmk.o
 *fill*         0x0800592c        0x4 00
 .text.bmk1_execute
                0x08005930       0x7c build/obj/testbmk.o
 *fill*         0x080059ac        0x4 00
 .text.thread1  0x080059b0       0x18 build/obj/testbmk.o
 *fill*         0x080059c8        0x8 00
 .text.thread4  0x080059d0       0x28 build/obj/testbmk.o
                0x080059d0                thread4
 *fill*         0x080059f8        0x8 00
 .text.halInit  0x08005a00       0x30 build/obj/hal.o
                0x08005a00                halInit
 .text.adcInit  0x08005a30        0x4 build/obj/adc.o
                0x08005a30                adcInit
 *fill*         0x08005a34        0xc 00
 .text.adcObjectInit
                0x08005a40       0x18 build/obj/adc.o
                0x08005a40                adcObjectInit
 *fill*         0x08005a58        0x8 00
 .text.adcStart
                0x08005a60       0x1c build/obj/adc.o
                0x08005a60                adcStart
 *fill*         0x08005a7c        0x4 00
 .text.pwmInit  0x08005a80        0x4 build/obj/pwm.o
                0x08005a80                pwmInit
 *fill*         0x08005a84        0xc 00
 .text.pwmObjectInit
                0x08005a90        0xc build/obj/pwm.o
                0x08005a90                pwmObjectInit
 *fill*         0x08005a9c        0x4 00
 .text.putwouldblock
                0x08005aa0        0xc build/obj/serial.o
 *fill*         0x08005aac        0x4 00
 .text.getwouldblock
                0x08005ab0        0xc build/obj/serial.o
 *fill*         0x08005abc        0x4 00
 .text.getflags
                0x08005ac0       0x18 build/obj/serial.o
 *fill*         0x08005ad8        0x8 00
 .text.readt    0x08005ae0        0x8 build/obj/serial.o
 *fill*         0x08005ae8        0x8 00
 .text.reads    0x08005af0        0xc build/obj/serial.o
 *fill*         0x08005afc        0x4 00
 .text.writet   0x08005b00        0x8 build/obj/serial.o
 *fill*         0x08005b08        0x8 00
 .text.writes   0x08005b10        0xc build/obj/serial.o
 *fill*         0x08005b1c        0x4 00
 .text.gett     0x08005b20        0x8 build/obj/serial.o
 *fill*         0x08005b28        0x8 00
 .text.putt     0x08005b30        0x8 build/obj/serial.o
 *fill*         0x08005b38        0x8 00
 .text.sdInit   0x08005b40        0x4 build/obj/serial.o
                0x08005b40                sdInit
 *fill*         0x08005b44        0xc 00
 .text.sdObjectInit
                0x08005b50       0x44 build/obj/serial.o
                0x08005b50                sdObjectInit
 *fill*         0x08005b94        0xc 00
 .text.sdStart  0x08005ba0       0x1c build/obj/serial.o
                0x08005ba0                sdStart
 *fill*         0x08005bbc        0x4 00
 .text.sdIncomingDataI
                0x08005bc0       0x4c build/obj/serial.o
                0x08005bc0                sdIncomingDataI
 *fill*         0x08005c0c        0x4 00
 .text.spiInit  0x08005c10        0x4 build/obj/spi.o
                0x08005c10                spiInit
 *fill*         0x08005c14        0xc 00
 .text.spiObjectInit
                0x08005c20       0x10 build/obj/spi.o
                0x08005c20                spiObjectInit
 .text.tm_start
                0x08005c30       0x10 build/obj/tm.o
 .text.tm_stop  0x08005c40       0x30 build/obj/tm.o
 .text.tmInit   0x08005c70       0x48 build/obj/tm.o
                0x08005c70                tmInit
 *fill*         0x08005cb8        0x8 00
 .text.Vector6C
                0x08005cc0       0x2c build/obj/stm32_dma.o
                0x08005cc0                Vector6C
 *fill*         0x08005cec        0x4 00
 .text.Vector70
                0x08005cf0       0x2c build/obj/stm32_dma.o
                0x08005cf0                Vector70
 *fill*         0x08005d1c        0x4 00
 .text.Vector74
                0x08005d20       0x2c build/obj/stm32_dma.o
                0x08005d20                Vector74
 *fill*         0x08005d4c        0x4 00
 .text.Vector78
                0x08005d50       0x2c build/obj/stm32_dma.o
                0x08005d50                Vector78
 *fill*         0x08005d7c        0x4 00
 .text.Vector7C
                0x08005d80       0x2c build/obj/stm32_dma.o
                0x08005d80                Vector7C
 *fill*         0x08005dac        0x4 00
 .text.Vector80
                0x08005db0       0x2c build/obj/stm32_dma.o
                0x08005db0                Vector80
 *fill*         0x08005ddc        0x4 00
 .text.Vector84
                0x08005de0       0x2c build/obj/stm32_dma.o
                0x08005de0                Vector84
 *fill*         0x08005e0c        0x4 00
 .text.dmaInit  0x08005e10       0x3c build/obj/stm32_dma.o
                0x08005e10                dmaInit
 *fill*         0x08005e4c        0x4 00
 .text.dmaStreamAllocate
                0x08005e50       0x78 build/obj/stm32_dma.o
                0x08005e50                dmaStreamAllocate
 *fill*         0x08005ec8        0x8 00
 .text.hal_lld_init
                0x08005ed0       0xc8 build/obj/hal_lld.o
                0x08005ed0                hal_lld_init
 *fill*         0x08005f98        0x8 00
 .text.stm32_clock_init
                0x08005fa0      0x140 build/obj/hal_lld.o
                0x08005fa0                stm32_clock_init
 .text.adc_lld_serve_rx_interrupt
                0x080060e0      0x128 build/obj/adc_lld.o
 *fill*         0x08006208        0x8 00
 .text.Vector88
                0x08006210       0x88 build/obj/adc_lld.o
                0x08006210                Vector88
 *fill*         0x08006298        0x8 00
 .text.adc_lld_init
                0x080062a0       0x38 build/obj/adc_lld.o
                0x080062a0                adc_lld_init
 *fill*         0x080062d8        0x8 00
 .text.adc_lld_start
                0x080062e0       0x54 build/obj/adc_lld.o
                0x080062e0                adc_lld_start
 *fill*         0x08006334        0xc 00
 .text.adcSTM32EnableTSVREFE
                0x08006340       0x14 build/obj/adc_lld.o
                0x08006340                adcSTM32EnableTSVREFE
 *fill*         0x08006354        0xc 00
 .text.VectorB8
                0x08006360       0x78 build/obj/pwm_lld.o
                0x08006360                VectorB8
 *fill*         0x080063d8        0x8 00
 .text.pwm_lld_init
                0x080063e0       0x1c build/obj/pwm_lld.o
                0x080063e0                pwm_lld_init
 *fill*         0x080063fc        0x4 00
 .text.notify1  0x08006400       0x14 build/obj/serial_lld.o
 *fill*         0x08006414        0xc 00
 .text.VectorD4
                0x08006420      0x15c build/obj/serial_lld.o
                0x08006420                VectorD4
 *fill*         0x0800657c        0x4 00
 .text.sd_lld_init
                0x08006580       0x28 build/obj/serial_lld.o
                0x08006580                sd_lld_init
 *fill*         0x080065a8        0x8 00
 .text.sd_lld_start
                0x080065b0       0x7c build/obj/serial_lld.o
                0x080065b0                sd_lld_start
 *fill*         0x0800662c        0x4 00
 .text.spi_lld_init
                0x08006630       0x44 build/obj/spi_lld.o
                0x08006630                spi_lld_init
 *fill*         0x08006674        0xc 00
 .text._pal_lld_init
                0x08006680      0x108 build/obj/pal_lld.o
                0x08006680                _pal_lld_init
 *fill*         0x08006788        0x8 00
 .text._pal_lld_setgroupmode
                0x08006790       0xbc build/obj/pal_lld.o
                0x08006790                _pal_lld_setgroupmode
 *fill*         0x0800684c        0x4 00
 .text.__early_init
                0x08006850        0x4 build/obj/board.o
                0x08006850                __early_init
 *fill*         0x08006854        0xc 00
 .text.boardInit
                0x08006860        0x4 build/obj/board.o
                0x08006860                boardInit
 *fill*         0x08006864        0xc 00
 .text.Thread1  0x08006870       0x28 build/obj/main.o
 *(.rodata)
 *(.rodata.*)
 *fill*         0x08006898        0x8 00
 .rodata.str1.4
                0x080068a0        0xd build/obj/chsys.o
                                 0x10 (size before relaxing)
 *fill*         0x080068ad        0x3 00
 .rodata.wa     0x080068b0       0x14 build/obj/test.o
                0x080068b0                wa
 *fill*         0x080068c4        0xc 00
 .rodata.str1.4
                0x080068d0      0x1b7 build/obj/test.o
                                0x1c4 (size before relaxing)
 *fill*         0x08006a87        0x9 00
 .rodata.patterns
                0x08006a90       0x30 build/obj/test.o
 .rodata.testthd1
                0x08006ac0       0x10 build/obj/testthd.o
                0x08006ac0                testthd1
 .rodata.testthd2
                0x08006ad0       0x10 build/obj/testthd.o
                0x08006ad0                testthd2
 .rodata.testthd3
                0x08006ae0       0x10 build/obj/testthd.o
                0x08006ae0                testthd3
 .rodata.testthd4
                0x08006af0       0x10 build/obj/testthd.o
                0x08006af0                testthd4
 .rodata.patternthd
                0x08006b00       0x14 build/obj/testthd.o
                0x08006b00                patternthd
 *fill*         0x08006b14        0xc 00
 .rodata.str1.4
                0x08006b20       0x7b build/obj/testthd.o
                                 0x80 (size before relaxing)
 *fill*         0x08006b9b        0x5 00
 .rodata.testsem1
                0x08006ba0       0x10 build/obj/testsem.o
                0x08006ba0                testsem1
 .rodata.testsem2
                0x08006bb0       0x10 build/obj/testsem.o
                0x08006bb0                testsem2
 .rodata.testsem3
                0x08006bc0       0x10 build/obj/testsem.o
                0x08006bc0                testsem3
 .rodata.testsem4
                0x08006bd0       0x10 build/obj/testsem.o
                0x08006bd0                testsem4
 .rodata.patternsem
                0x08006be0       0x14 build/obj/testsem.o
                0x08006be0                patternsem
 *fill*         0x08006bf4        0xc 00
 .rodata.str1.4
                0x08006c00       0x6e build/obj/testsem.o
                                 0x8c (size before relaxing)
 *fill*         0x08006c6e        0x2 00
 .rodata.testmtx5
                0x08006c70       0x10 build/obj/testmtx.o
                0x08006c70                testmtx5
 .rodata.testmtx6
                0x08006c80       0x10 build/obj/testmtx.o
                0x08006c80                testmtx6
 .rodata.testmtx7
                0x08006c90       0x10 build/obj/testmtx.o
                0x08006c90                testmtx7
 .rodata.testmtx8
                0x08006ca0       0x10 build/obj/testmtx.o
                0x08006ca0                testmtx8
 .rodata.str1.4
                0x08006cb0       0xed build/obj/testmtx.o
                                0x10c (size before relaxing)
 *fill*         0x08006d9d        0x3 00
 .rodata.patternmtx
                0x08006da0       0x24 build/obj/testmtx.o
                0x08006da0                patternmtx
 *fill*         0x08006dc4        0xc 00
 .rodata.testmtx1
                0x08006dd0       0x10 build/obj/testmtx.o
                0x08006dd0                testmtx1
 .rodata.testmtx2
                0x08006de0       0x10 build/obj/testmtx.o
                0x08006de0                testmtx2
 .rodata.testmtx3
                0x08006df0       0x10 build/obj/testmtx.o
                0x08006df0                testmtx3
 .rodata.testmtx4
                0x08006e00       0x10 build/obj/testmtx.o
                0x08006e00                testmtx4
 .rodata.testmsg1
                0x08006e10       0x10 build/obj/testmsg.o
                0x08006e10                testmsg1
 .rodata.str1.4
                0x08006e20        0xf build/obj/testmsg.o
                                 0x14 (size before relaxing)
 *fill*         0x08006e2f        0x1 00
 .rodata.patternmsg
                0x08006e30        0x8 build/obj/testmsg.o
                0x08006e30                patternmsg
 *fill*         0x08006e38        0x8 00
 .rodata.patternmbox
                0x08006e40        0x8 build/obj/testmbox.o
                0x08006e40                patternmbox
 *fill*         0x08006e48        0x8 00
 .rodata.str1.4
                0x08006e50       0x20 build/obj/testmbox.o
                                 0x28 (size before relaxing)
 .rodata.testmbox1
                0x08006e70       0x10 build/obj/testmbox.o
                0x08006e70                testmbox1
 .rodata.patternevt
                0x08006e80       0x10 build/obj/testevt.o
                0x08006e80                patternevt
 .rodata.testevt2
                0x08006e90       0x10 build/obj/testevt.o
                0x08006e90                testevt2
 .rodata.str1.4
                0x08006ea0       0x52 build/obj/testevt.o
                                 0x5c (size before relaxing)
 *fill*         0x08006ef2        0xe 00
 .rodata.testevt1
                0x08006f00       0x10 build/obj/testevt.o
                0x08006f00                testevt1
 .rodata.evhndl
                0x08006f10        0xc build/obj/testevt.o
 *fill*         0x08006f1c        0x4 00
 .rodata.testevt3
                0x08006f20       0x10 build/obj/testevt.o
                0x08006f20                testevt3
 .rodata.patternheap
                0x08006f30        0x8 build/obj/testheap.o
                0x08006f30                patternheap
 *fill*         0x08006f38        0x8 00
 .rodata.str1.4
                0x08006f40       0x28 build/obj/testheap.o
 *fill*         0x08006f68        0x8 00
 .rodata.testheap1
                0x08006f70       0x10 build/obj/testheap.o
                0x08006f70                testheap1
 .rodata.str1.4
                0x08006f80       0x1c build/obj/testpools.o
 *fill*         0x08006f9c        0x4 00
 .rodata.patternpools
                0x08006fa0        0x8 build/obj/testpools.o
                0x08006fa0                patternpools
 *fill*         0x08006fa8        0x8 00
 .rodata.testpools1
                0x08006fb0       0x10 build/obj/testpools.o
                0x08006fb0                testpools1
 .rodata.testdyn1
                0x08006fc0       0x10 build/obj/testdyn.o
                0x08006fc0                testdyn1
 .rodata.testdyn2
                0x08006fd0       0x10 build/obj/testdyn.o
                0x08006fd0                testdyn2
 .rodata.testdyn3
                0x08006fe0       0x10 build/obj/testdyn.o
                0x08006fe0                testdyn3
 .rodata.str1.4
                0x08006ff0       0x8d build/obj/testdyn.o
                                 0xa4 (size before relaxing)
 *fill*         0x0800707d        0x3 00
 .rodata.patterndyn
                0x08007080       0x10 build/obj/testdyn.o
                0x08007080                patterndyn
 .rodata.testqueues1
                0x08007090       0x10 build/obj/testqueues.o
                0x08007090                testqueues1
 .rodata.testqueues2
                0x080070a0       0x10 build/obj/testqueues.o
                0x080070a0                testqueues2
 .rodata.str1.4
                0x080070b0       0x2d build/obj/testqueues.o
                                 0x38 (size before relaxing)
 *fill*         0x080070dd        0x3 00
 .rodata.patternqueues
                0x080070e0        0xc build/obj/testqueues.o
                0x080070e0                patternqueues
 *fill*         0x080070ec        0x4 00
 .rodata.testbmk8
                0x080070f0       0x10 build/obj/testbmk.o
                0x080070f0                testbmk8
 .rodata.testbmk2
                0x08007100       0x10 build/obj/testbmk.o
                0x08007100                testbmk2
 .rodata.testbmk10
                0x08007110       0x10 build/obj/testbmk.o
                0x08007110                testbmk10
 .rodata.testbmk4
                0x08007120       0x10 build/obj/testbmk.o
                0x08007120                testbmk4
 .rodata.testbmk3
                0x08007130       0x10 build/obj/testbmk.o
                0x08007130                testbmk3
 .rodata.testbmk13
                0x08007140       0x10 build/obj/testbmk.o
                0x08007140                testbmk13
 .rodata.str1.4
                0x08007150      0x2c7 build/obj/testbmk.o
                                0x2c8 (size before relaxing)
 *fill*         0x08007417        0x9 00
 .rodata.testbmk9
                0x08007420       0x10 build/obj/testbmk.o
                0x08007420                testbmk9
 .rodata.testbmk1
                0x08007430       0x10 build/obj/testbmk.o
                0x08007430                testbmk1
 .rodata.testbmk11
                0x08007440       0x10 build/obj/testbmk.o
                0x08007440                testbmk11
 .rodata.testbmk12
                0x08007450       0x10 build/obj/testbmk.o
                0x08007450                testbmk12
 .rodata.patternbmk
                0x08007460       0x38 build/obj/testbmk.o
                0x08007460                patternbmk
 *fill*         0x08007498        0x8 00
 .rodata.testbmk5
                0x080074a0       0x10 build/obj/testbmk.o
                0x080074a0                testbmk5
 .rodata.testbmk6
                0x080074b0       0x10 build/obj/testbmk.o
                0x080074b0                testbmk6
 .rodata.testbmk7
                0x080074c0       0x10 build/obj/testbmk.o
                0x080074c0                testbmk7
 .rodata.vmt    0x080074d0       0x24 build/obj/serial.o
 *fill*         0x080074f4        0xc 00
 .rodata._stm32_dma_streams
                0x08007500       0x54 build/obj/stm32_dma.o
                0x08007500                _stm32_dma_streams
 *fill*         0x08007554        0xc 00
 .rodata.default_config
                0x08007560        0xc build/obj/serial_lld.o
 *fill*         0x0800756c        0x4 00
 .rodata.pal_default_config
                0x08007570       0xa8 build/obj/board.o
                0x08007570                pal_default_config
 *fill*         0x08007618        0x8 00
 .rodata.str1.4
                0x08007620        0x8 build/obj/main.o
 *(.glue_7t)
 .glue_7t       0x00000000        0x0 linker stubs
 *(.glue_7)
 .glue_7        0x00000000        0x0 linker stubs
 *(.gcc*)

.vfp11_veneer   0x08007628        0x0
 .vfp11_veneer  0x00000000        0x0 linker stubs

.v4_bx          0x08007628        0x0
 .v4_bx         0x00000000        0x0 linker stubs

.iplt           0x08007628        0x0
 .iplt          0x00000000        0x0 build/obj/crt0.o

.rel.dyn        0x08007628        0x0
 .rel.iplt      0x00000000        0x0 build/obj/crt0.o

.ARM.extab
 *(.ARM.extab* .gnu.linkonce.armextab.*)

.ARM.exidx      0x08007628        0x0
                0x08007628                PROVIDE (__exidx_start, .)
 *(.ARM.exidx* .gnu.linkonce.armexidx.*)
                0x08007628                PROVIDE (__exidx_end, .)

.eh_frame_hdr
 *(.eh_frame_hdr)

.eh_frame
 *(.eh_frame)

.textalign      0x08007628        0x0
                0x08007628                . = ALIGN (0x8)
                0x08007628                _etext = .
                0x08007628                _textdata = _etext

.stacks         0x20000000      0x800
                0x20000000                . = ALIGN (0x8)
                0x20000000                __main_stack_base__ = .
                0x20000400                . = (. + __main_stack_size__)
 *fill*         0x20000000      0x400 00
                0x20000400                . = ALIGN (0x8)
                0x20000400                __main_stack_end__ = .
                0x20000400                __process_stack_base__ = .
                0x20000400                __main_thread_stack_base__ = .
                0x20000800                . = (. + __process_stack_size__)
 *fill*         0x20000400      0x400 00
                0x20000800                . = ALIGN (0x8)
                0x20000800                __process_stack_end__ = .
                0x20000800                __main_thread_stack_end__ = .

.data           0x20000800       0xb0 load address 0x08007628
                0x20000800                . = ALIGN (0x4)
                0x20000800                PROVIDE (_data, .)
 *(.data)
                0x20000800                . = ALIGN (0x4)
 *(.data.*)
 .data.sem1     0x20000800        0xc build/obj/testsem.o
 .data.m1       0x2000080c       0x10 build/obj/testmtx.o
 .data.m2       0x2000081c       0x10 build/obj/testmtx.o
 .data.c1       0x2000082c        0x8 build/obj/testmtx.o
 .data.mb1      0x20000834       0x28 build/obj/testmbox.o
 .data.es1      0x2000085c        0x4 build/obj/testevt.o
 .data.es2      0x20000860        0x4 build/obj/testevt.o
 .data.mp1      0x20000864        0xc build/obj/testpools.o
 .data.oq       0x20000870       0x20 build/obj/testqueues.o
 .data.iq       0x20000890       0x20 build/obj/testqueues.o
                0x200008b0                . = ALIGN (0x4)
 *(.ramtext)
                0x200008b0                . = ALIGN (0x4)
                0x200008b0                PROVIDE (_edata, .)

.igot.plt       0x200008b0        0x0 load address 0x080076d8
 .igot.plt      0x00000000        0x0 build/obj/crt0.o

.bss            0x200008b0      0xac8 load address 0x080076d8
                0x200008b0                . = ALIGN (0x4)
                0x200008b0                PROVIDE (_bss_start, .)
 *(.bss)
                0x200008b0                . = ALIGN (0x4)
 *(.bss.*)
 .bss.mainthread.4794
                0x200008b0       0x48 build/obj/chsys.o
 .bss._idle_thread_wa
                0x200008f8       0xc0 build/obj/chsys.o
                0x200008f8                _idle_thread_wa
 .bss.vtlist    0x200009b8       0x10 build/obj/chvt.o
                0x200009b8                vtlist
 .bss.rlist     0x200009c8       0x20 build/obj/chschd.o
                0x200009c8                rlist
 .bss.endmem    0x200009e8        0x4 build/obj/chmemcore.o
 .bss.nextmem   0x200009ec        0x4 build/obj/chmemcore.o
 .bss.default_heap
                0x200009f0       0x20 build/obj/chheap.o
 .bss.test      0x20000a10      0x5f0 build/obj/test.o
                0x20000a10                test
 .bss.failpoint
                0x20001000        0x4 build/obj/test.o
 .bss.local_fail
                0x20001004        0x4 build/obj/test.o
 .bss.test_timer_done
                0x20001008        0x4 build/obj/test.o
                0x20001008                test_timer_done
 .bss.tokp      0x2000100c        0x4 build/obj/test.o
 .bss.global_fail
                0x20001010        0x4 build/obj/test.o
 .bss.vt        0x20001014       0x14 build/obj/test.o
 .bss.threads   0x20001028       0x14 build/obj/test.o
                0x20001028                threads
 .bss.chp       0x2000103c        0x4 build/obj/test.o
 .bss.tokens_buffer
                0x20001040       0x10 build/obj/test.o
 .bss.test_heap
                0x20001050       0x20 build/obj/testheap.o
 .bss.mp1       0x20001070        0xc build/obj/testdyn.o
 *fill*         0x2000107c        0x4 00
 .bss.heap1     0x20001080       0x20 build/obj/testdyn.o
 .bss.ib.4941   0x200010a0       0x10 build/obj/testbmk.o
 .bss.vt2.4955  0x200010b0       0x14 build/obj/testbmk.o
 .bss.vt1.4954  0x200010c4       0x14 build/obj/testbmk.o
 .bss.mtx1      0x200010d8       0x10 build/obj/testbmk.o
 .bss.iq.4942   0x200010e8       0x20 build/obj/testbmk.o
 .bss.sem1      0x20001108        0xc build/obj/testbmk.o
 .bss.measurement_offset
                0x20001114        0x4 build/obj/tm.o
 .bss.dma_isr_redir
                0x20001118       0x38 build/obj/stm32_dma.o
 .bss.dma_streams_mask
                0x20001150        0x4 build/obj/stm32_dma.o
 .bss.ADCD1     0x20001154       0x34 build/obj/adc_lld.o
                0x20001154                ADCD1
 .bss.PWMD4     0x20001188       0x14 build/obj/pwm_lld.o
                0x20001188                PWMD4
 .bss.SD1       0x2000119c       0x74 build/obj/serial_lld.o
                0x2000119c                SD1
 .bss.dummytx   0x20001210        0x2 build/obj/spi_lld.o
 *fill*         0x20001212        0x2 00
 .bss.SPID2     0x20001214       0x30 build/obj/spi_lld.o
                0x20001214                SPID2
 .bss.seconds_counter.6036
                0x20001244        0x4 build/obj/main.o
 .bss.waThread1
                0x20001248      0x130 build/obj/main.o
                0x20001378                . = ALIGN (0x4)
 *(COMMON)
                0x20001378                . = ALIGN (0x4)
                0x20001378                PROVIDE (_bss_end, .)
                0x20001378                PROVIDE (end, .)
                0x20001378                _end = .
                0x20001378                __heap_base__ = _end
                0x20004000                __heap_end__ = __ram_end__
OUTPUT(build/ch.elf elf32-littlearm)

.debug_info     0x00000000    0x2098d
 .debug_info    0x00000000      0x2f5 build/obj/crt0.o
 .debug_info    0x000002f5       0xbd build/obj/vectors.o
 .debug_info    0x000003b2      0x896 build/obj/chcore_v7m.o
 .debug_info    0x00000c48      0x44e build/obj/nvic.o
 .debug_info    0x00001096      0x72d build/obj/chsys.o
 .debug_info    0x000017c3      0x273 build/obj/chvt.o
 .debug_info    0x00001a36      0x8fa build/obj/chschd.o
 .debug_info    0x00002330      0xc3a build/obj/chthreads.o
 .debug_info    0x00002f6a      0x8da build/obj/chdynamic.o
 .debug_info    0x00003844      0x52f build/obj/chregistry.o
 .debug_info    0x00003d73      0xb3f build/obj/chsem.o
 .debug_info    0x000048b2      0xa44 build/obj/chmtx.o
 .debug_info    0x000052f6      0x9f9 build/obj/chcond.o
 .debug_info    0x00005cef      0xd63 build/obj/chevents.o
 .debug_info    0x00006a52      0x6c2 build/obj/chmsg.o
 .debug_info    0x00007114      0xab6 build/obj/chmboxes.o
 .debug_info    0x00007bca      0xc46 build/obj/chqueues.o
 .debug_info    0x00008810      0x228 build/obj/chmemcore.o
 .debug_info    0x00008a38      0x718 build/obj/chheap.o
 .debug_info    0x00009150      0x335 build/obj/chmempools.o
 .debug_info    0x00009485     0x1546 build/obj/test.o
 .debug_info    0x0000a9cb      0xd30 build/obj/testthd.o
 .debug_info    0x0000b6fb     0x115c build/obj/testsem.o
 .debug_info    0x0000c857     0x1e04 build/obj/testmtx.o
 .debug_info    0x0000e65b      0x764 build/obj/testmsg.o
 .debug_info    0x0000edbf     0x12ec build/obj/testmbox.o
 .debug_info    0x000100ab     0x115f build/obj/testevt.o
 .debug_info    0x0001120a      0xc2d build/obj/testheap.o
 .debug_info    0x00011e37      0x3c6 build/obj/testpools.o
 .debug_info    0x000121fd     0x101b build/obj/testdyn.o
 .debug_info    0x00013218     0x18bf build/obj/testqueues.o
 .debug_info    0x00014ad7     0x1ef8 build/obj/testbmk.o
 .debug_info    0x000169cf      0x3e8 build/obj/hal.o
 .debug_info    0x00016db7      0xf2f build/obj/adc.o
 .debug_info    0x00017ce6      0x761 build/obj/pwm.o
 .debug_info    0x00018447     0x1192 build/obj/serial.o
 .debug_info    0x000195d9     0x11a5 build/obj/spi.o
 .debug_info    0x0001a77e      0x2ec build/obj/tm.o
 .debug_info    0x0001aa6a      0x716 build/obj/stm32_dma.o
 .debug_info    0x0001b180      0x406 build/obj/hal_lld.o
 .debug_info    0x0001b586     0x100e build/obj/adc_lld.o
 .debug_info    0x0001c594      0x8f9 build/obj/pwm_lld.o
 .debug_info    0x0001ce8d     0x10b0 build/obj/serial_lld.o
 .debug_info    0x0001df3d      0xd58 build/obj/spi_lld.o
 .debug_info    0x0001ec95      0x5a1 build/obj/pal_lld.o
 .debug_info    0x0001f236      0x1e1 build/obj/board.o
 .debug_info    0x0001f417     0x1576 build/obj/main.o

.debug_abbrev   0x00000000     0x70e7
 .debug_abbrev  0x00000000      0x128 build/obj/crt0.o
 .debug_abbrev  0x00000128       0x77 build/obj/vectors.o
 .debug_abbrev  0x0000019f      0x1fe build/obj/chcore_v7m.o
 .debug_abbrev  0x0000039d       0xf2 build/obj/nvic.o
 .debug_abbrev  0x0000048f      0x220 build/obj/chsys.o
 .debug_abbrev  0x000006af      0x15e build/obj/chvt.o
 .debug_abbrev  0x0000080d      0x346 build/obj/chschd.o
 .debug_abbrev  0x00000b53      0x355 build/obj/chthreads.o
 .debug_abbrev  0x00000ea8      0x241 build/obj/chdynamic.o
 .debug_abbrev  0x000010e9      0x174 build/obj/chregistry.o
 .debug_abbrev  0x0000125d      0x33d build/obj/chsem.o
 .debug_abbrev  0x0000159a      0x316 build/obj/chmtx.o
 .debug_abbrev  0x000018b0      0x2fa build/obj/chcond.o
 .debug_abbrev  0x00001baa      0x310 build/obj/chevents.o
 .debug_abbrev  0x00001eba      0x23b build/obj/chmsg.o
 .debug_abbrev  0x000020f5      0x253 build/obj/chmboxes.o
 .debug_abbrev  0x00002348      0x33b build/obj/chqueues.o
 .debug_abbrev  0x00002683      0x16c build/obj/chmemcore.o
 .debug_abbrev  0x000027ef      0x210 build/obj/chheap.o
 .debug_abbrev  0x000029ff      0x1fe build/obj/chmempools.o
 .debug_abbrev  0x00002bfd      0x504 build/obj/test.o
 .debug_abbrev  0x00003101      0x2aa build/obj/testthd.o
 .debug_abbrev  0x000033ab      0x371 build/obj/testsem.o
 .debug_abbrev  0x0000371c      0x327 build/obj/testmtx.o
 .debug_abbrev  0x00003a43      0x22b build/obj/testmsg.o
 .debug_abbrev  0x00003c6e      0x231 build/obj/testmbox.o
 .debug_abbrev  0x00003e9f      0x320 build/obj/testevt.o
 .debug_abbrev  0x000041bf      0x22e build/obj/testheap.o
 .debug_abbrev  0x000043ed      0x1e0 build/obj/testpools.o
 .debug_abbrev  0x000045cd      0x2cd build/obj/testdyn.o
 .debug_abbrev  0x0000489a      0x2ed build/obj/testqueues.o
 .debug_abbrev  0x00004b87      0x38d build/obj/testbmk.o
 .debug_abbrev  0x00004f14      0x1c1 build/obj/hal.o
 .debug_abbrev  0x000050d5      0x304 build/obj/adc.o
 .debug_abbrev  0x000053d9      0x1e1 build/obj/pwm.o
 .debug_abbrev  0x000055ba      0x2d1 build/obj/serial.o
 .debug_abbrev  0x0000588b      0x2ac build/obj/spi.o
 .debug_abbrev  0x00005b37      0x19c build/obj/tm.o
 .debug_abbrev  0x00005cd3      0x212 build/obj/stm32_dma.o
 .debug_abbrev  0x00005ee5      0x11b build/obj/hal_lld.o
 .debug_abbrev  0x00006000      0x317 build/obj/adc_lld.o
 .debug_abbrev  0x00006317      0x285 build/obj/pwm_lld.o
 .debug_abbrev  0x0000659c      0x341 build/obj/serial_lld.o
 .debug_abbrev  0x000068dd      0x329 build/obj/spi_lld.o
 .debug_abbrev  0x00006c06      0x19a build/obj/pal_lld.o
 .debug_abbrev  0x00006da0       0xe5 build/obj/board.o
 .debug_abbrev  0x00006e85      0x262 build/obj/main.o

.debug_aranges  0x00000000      0xf88
 .debug_aranges
                0x00000000       0x38 build/obj/crt0.o
 .debug_aranges
                0x00000038       0x20 build/obj/vectors.o
 .debug_aranges
                0x00000058       0x50 build/obj/chcore_v7m.o
 .debug_aranges
                0x000000a8       0x30 build/obj/nvic.o
 .debug_aranges
                0x000000d8       0x30 build/obj/chsys.o
 .debug_aranges
                0x00000108       0x38 build/obj/chvt.o
 .debug_aranges
                0x00000140       0x58 build/obj/chschd.o
 .debug_aranges
                0x00000198       0x78 build/obj/chthreads.o
 .debug_aranges
                0x00000210       0x38 build/obj/chdynamic.o
 .debug_aranges
                0x00000248       0x28 build/obj/chregistry.o
 .debug_aranges
                0x00000270       0x70 build/obj/chsem.o
 .debug_aranges
                0x000002e0       0x58 build/obj/chmtx.o
 .debug_aranges
                0x00000338       0x60 build/obj/chcond.o
 .debug_aranges
                0x00000398       0x90 build/obj/chevents.o
 .debug_aranges
                0x00000428       0x30 build/obj/chmsg.o
 .debug_aranges
                0x00000458       0x70 build/obj/chmboxes.o
 .debug_aranges
                0x000004c8       0x70 build/obj/chqueues.o
 .debug_aranges
                0x00000538       0x38 build/obj/chmemcore.o
 .debug_aranges
                0x00000570       0x40 build/obj/chheap.o
 .debug_aranges
                0x000005b0       0x40 build/obj/chmempools.o
 .debug_aranges
                0x000005f0       0x98 build/obj/test.o
 .debug_aranges
                0x00000688       0x40 build/obj/testthd.o
 .debug_aranges
                0x000006c8       0x70 build/obj/testsem.o
 .debug_aranges
                0x00000738      0x108 build/obj/testmtx.o
 .debug_aranges
                0x00000840       0x28 build/obj/testmsg.o
 .debug_aranges
                0x00000868       0x28 build/obj/testmbox.o
 .debug_aranges
                0x00000890       0x70 build/obj/testevt.o
 .debug_aranges
                0x00000900       0x28 build/obj/testheap.o
 .debug_aranges
                0x00000928       0x30 build/obj/testpools.o
 .debug_aranges
                0x00000958       0x58 build/obj/testdyn.o
 .debug_aranges
                0x000009b0       0x50 build/obj/testqueues.o
 .debug_aranges
                0x00000a00       0xd0 build/obj/testbmk.o
 .debug_aranges
                0x00000ad0       0x30 build/obj/hal.o
 .debug_aranges
                0x00000b00       0x70 build/obj/adc.o
 .debug_aranges
                0x00000b70       0x50 build/obj/pwm.o
 .debug_aranges
                0x00000bc0       0x90 build/obj/serial.o
 .debug_aranges
                0x00000c50       0x98 build/obj/spi.o
 .debug_aranges
                0x00000ce8       0x38 build/obj/tm.o
 .debug_aranges
                0x00000d20       0x68 build/obj/stm32_dma.o
 .debug_aranges
                0x00000d88       0x28 build/obj/hal_lld.o
 .debug_aranges
                0x00000db0       0x60 build/obj/adc_lld.o
 .debug_aranges
                0x00000e10       0x48 build/obj/pwm_lld.o
 .debug_aranges
                0x00000e58       0x40 build/obj/serial_lld.o
 .debug_aranges
                0x00000e98       0x78 build/obj/spi_lld.o
 .debug_aranges
                0x00000f10       0x28 build/obj/pal_lld.o
 .debug_aranges
                0x00000f38       0x28 build/obj/board.o
 .debug_aranges
                0x00000f60       0x28 build/obj/main.o

.debug_ranges   0x00000000     0x1c28
 .debug_ranges  0x00000000       0xe0 build/obj/crt0.o
 .debug_ranges  0x000000e0       0x10 build/obj/vectors.o
 .debug_ranges  0x000000f0       0x58 build/obj/chcore_v7m.o
 .debug_ranges  0x00000148       0x20 build/obj/nvic.o
 .debug_ranges  0x00000168       0x20 build/obj/chsys.o
 .debug_ranges  0x00000188       0x28 build/obj/chvt.o
 .debug_ranges  0x000001b0      0x150 build/obj/chschd.o
 .debug_ranges  0x00000300      0x118 build/obj/chthreads.o
 .debug_ranges  0x00000418       0x58 build/obj/chdynamic.o
 .debug_ranges  0x00000470       0x30 build/obj/chregistry.o
 .debug_ranges  0x000004a0      0x120 build/obj/chsem.o
 .debug_ranges  0x000005c0      0x218 build/obj/chmtx.o
 .debug_ranges  0x000007d8       0xf0 build/obj/chcond.o
 .debug_ranges  0x000008c8       0xc8 build/obj/chevents.o
 .debug_ranges  0x00000990       0x40 build/obj/chmsg.o
 .debug_ranges  0x000009d0       0x78 build/obj/chmboxes.o
 .debug_ranges  0x00000a48       0xc0 build/obj/chqueues.o
 .debug_ranges  0x00000b08       0x28 build/obj/chmemcore.o
 .debug_ranges  0x00000b30       0x30 build/obj/chheap.o
 .debug_ranges  0x00000b60       0xa8 build/obj/chmempools.o
 .debug_ranges  0x00000c08      0x180 build/obj/test.o
 .debug_ranges  0x00000d88       0xa8 build/obj/testthd.o
 .debug_ranges  0x00000e30       0xc0 build/obj/testsem.o
 .debug_ranges  0x00000ef0      0x110 build/obj/testmtx.o
 .debug_ranges  0x00001000       0x18 build/obj/testmsg.o
 .debug_ranges  0x00001018       0xc0 build/obj/testmbox.o
 .debug_ranges  0x000010d8       0x90 build/obj/testevt.o
 .debug_ranges  0x00001168       0x18 build/obj/testheap.o
 .debug_ranges  0x00001180       0x50 build/obj/testpools.o
 .debug_ranges  0x000011d0       0x48 build/obj/testdyn.o
 .debug_ranges  0x00001218      0x130 build/obj/testqueues.o
 .debug_ranges  0x00001348       0xd8 build/obj/testbmk.o
 .debug_ranges  0x00001420       0x50 build/obj/hal.o
 .debug_ranges  0x00001470       0xf8 build/obj/adc.o
 .debug_ranges  0x00001568       0x88 build/obj/pwm.o
 .debug_ranges  0x000015f0       0xc8 build/obj/serial.o
 .debug_ranges  0x000016b8      0x130 build/obj/spi.o
 .debug_ranges  0x000017e8       0x70 build/obj/tm.o
 .debug_ranges  0x00001858       0x58 build/obj/stm32_dma.o
 .debug_ranges  0x000018b0       0x38 build/obj/hal_lld.o
 .debug_ranges  0x000018e8       0xa0 build/obj/adc_lld.o
 .debug_ranges  0x00001988       0x68 build/obj/pwm_lld.o
 .debug_ranges  0x000019f0       0x60 build/obj/serial_lld.o
 .debug_ranges  0x00001a50       0x68 build/obj/spi_lld.o
 .debug_ranges  0x00001ab8      0x140 build/obj/pal_lld.o
 .debug_ranges  0x00001bf8       0x18 build/obj/board.o
 .debug_ranges  0x00001c10       0x18 build/obj/main.o

.debug_line     0x00000000     0x72e9
 .debug_line    0x00000000      0x115 build/obj/crt0.o
 .debug_line    0x00000115       0x5e build/obj/vectors.o
 .debug_line    0x00000173      0x1dd build/obj/chcore_v7m.o
 .debug_line    0x00000350       0xe8 build/obj/nvic.o
 .debug_line    0x00000438      0x1d0 build/obj/chsys.o
 .debug_line    0x00000608      0x149 build/obj/chvt.o
 .debug_line    0x00000751      0x29a build/obj/chschd.o
 .debug_line    0x000009eb      0x334 build/obj/chthreads.o
 .debug_line    0x00000d1f      0x209 build/obj/chdynamic.o
 .debug_line    0x00000f28      0x150 build/obj/chregistry.o
 .debug_line    0x00001078      0x2e1 build/obj/chsem.o
 .debug_line    0x00001359      0x320 build/obj/chmtx.o
 .debug_line    0x00001679      0x259 build/obj/chcond.o
 .debug_line    0x000018d2      0x2ca build/obj/chevents.o
 .debug_line    0x00001b9c      0x183 build/obj/chmsg.o
 .debug_line    0x00001d1f      0x251 build/obj/chmboxes.o
 .debug_line    0x00001f70      0x366 build/obj/chqueues.o
 .debug_line    0x000022d6      0x138 build/obj/chmemcore.o
 .debug_line    0x0000240e      0x24a build/obj/chheap.o
 .debug_line    0x00002658      0x18c build/obj/chmempools.o
 .debug_line    0x000027e4      0x500 build/obj/test.o
 .debug_line    0x00002ce4      0x214 build/obj/testthd.o
 .debug_line    0x00002ef8      0x2e5 build/obj/testsem.o
 .debug_line    0x000031dd      0x4af build/obj/testmtx.o
 .debug_line    0x0000368c      0x1a3 build/obj/testmsg.o
 .debug_line    0x0000382f      0x226 build/obj/testmbox.o
 .debug_line    0x00003a55      0x2a4 build/obj/testevt.o
 .debug_line    0x00003cf9      0x1df build/obj/testheap.o
 .debug_line    0x00003ed8      0x185 build/obj/testpools.o
 .debug_line    0x0000405d      0x2e2 build/obj/testdyn.o
 .debug_line    0x0000433f      0x263 build/obj/testqueues.o
 .debug_line    0x000045a2      0x5a2 build/obj/testbmk.o
 .debug_line    0x00004b44      0x251 build/obj/hal.o
 .debug_line    0x00004d95      0x344 build/obj/adc.o
 .debug_line    0x000050d9      0x19f build/obj/pwm.o
 .debug_line    0x00005278      0x36f build/obj/serial.o
 .debug_line    0x000055e7      0x395 build/obj/spi.o
 .debug_line    0x0000597c      0x1a8 build/obj/tm.o
 .debug_line    0x00005b24      0x28b build/obj/stm32_dma.o
 .debug_line    0x00005daf      0x1c6 build/obj/hal_lld.o
 .debug_line    0x00005f75      0x3f7 build/obj/adc_lld.o
 .debug_line    0x0000636c      0x277 build/obj/pwm_lld.o
 .debug_line    0x000065e3      0x314 build/obj/serial_lld.o
 .debug_line    0x000068f7      0x3da build/obj/spi_lld.o
 .debug_line    0x00006cd1      0x1b7 build/obj/pal_lld.o
 .debug_line    0x00006e88      0x14e build/obj/board.o
 .debug_line    0x00006fd6      0x313 build/obj/main.o

.debug_str      0x00000000     0x2ca1
 .debug_str     0x00000000      0x1ed build/obj/crt0.o
                                0x22c (size before relaxing)
 .debug_str     0x000001ed       0x4c build/obj/vectors.o
                                0x121 (size before relaxing)
 .debug_str     0x00000239      0x2d1 build/obj/chcore_v7m.o
                                0x3d3 (size before relaxing)
 .debug_str     0x0000050a       0x9e build/obj/nvic.o
                                0x201 (size before relaxing)
 .debug_str     0x000005a8      0x10d build/obj/chsys.o
                                0x3b3 (size before relaxing)
 .debug_str     0x000006b5       0x4c build/obj/chvt.o
                                0x1a6 (size before relaxing)
 .debug_str     0x00000701       0x9c build/obj/chschd.o
                                0x3ab (size before relaxing)
 .debug_str     0x0000079d       0xd3 build/obj/chthreads.o
                                0x445 (size before relaxing)
 .debug_str     0x00000870      0x113 build/obj/chdynamic.o
                                0x3b2 (size before relaxing)
 .debug_str     0x00000983       0x42 build/obj/chregistry.o
                                0x2cf (size before relaxing)
 .debug_str     0x000009c5       0xc8 build/obj/chsem.o
                                0x3be (size before relaxing)
 .debug_str     0x00000a8d       0x8a build/obj/chmtx.o
                                0x365 (size before relaxing)
 .debug_str     0x00000b17       0xb0 build/obj/chcond.o
                                0x3b2 (size before relaxing)
 .debug_str     0x00000bc7      0x179 build/obj/chevents.o
                                0x443 (size before relaxing)
 .debug_str     0x00000d40       0x3d build/obj/chmsg.o
                                0x2fd (size before relaxing)
 .debug_str     0x00000d7d       0xe2 build/obj/chmboxes.o
                                0x37c (size before relaxing)
 .debug_str     0x00000e5f      0x112 build/obj/chqueues.o
                                0x3e4 (size before relaxing)
 .debug_str     0x00000f71       0x70 build/obj/chmemcore.o
                                0x16d (size before relaxing)
 .debug_str     0x00000fe1       0x48 build/obj/chheap.o
                                0x339 (size before relaxing)
 .debug_str     0x00001029       0x45 build/obj/chmempools.o
                                0x1a3 (size before relaxing)
 .debug_str     0x0000106e      0x281 build/obj/test.o
                                0x5f8 (size before relaxing)
 .debug_str     0x000012ef       0x6d build/obj/testthd.o
                                0x466 (size before relaxing)
 .debug_str     0x0000135c       0xd6 build/obj/testsem.o
                                0x51c (size before relaxing)
 .debug_str     0x00001432      0x194 build/obj/testmtx.o
                                0x620 (size before relaxing)
 .debug_str     0x000015c6       0x2b build/obj/testmsg.o
                                0x359 (size before relaxing)
 .debug_str     0x000015f1       0x3f build/obj/testmbox.o
                                0x3c5 (size before relaxing)
 .debug_str     0x00001630       0x7f build/obj/testevt.o
                                0x573 (size before relaxing)
 .debug_str     0x000016af       0x44 build/obj/testheap.o
                                0x387 (size before relaxing)
 .debug_str     0x000016f3       0x4c build/obj/testpools.o
                                0x1ec (size before relaxing)
 .debug_str     0x0000173f       0x86 build/obj/testdyn.o
                                0x53b (size before relaxing)
 .debug_str     0x000017c5       0x6c build/obj/testqueues.o
                                0x4bb (size before relaxing)
 .debug_str     0x00001831      0x179 build/obj/testbmk.o
                                0x69a (size before relaxing)
 .debug_str     0x000019aa      0x163 build/obj/hal.o
                                0x26b (size before relaxing)
 .debug_str     0x00001b0d      0x324 build/obj/adc.o
                                0x632 (size before relaxing)
 .debug_str     0x00001e31      0x215 build/obj/pwm.o
                                0x344 (size before relaxing)
 .debug_str     0x00002046      0x1cf build/obj/serial.o
                                0x5d1 (size before relaxing)
 .debug_str     0x00002215      0x261 build/obj/spi.o
                                0x5f7 (size before relaxing)
 .debug_str     0x00002476       0x67 build/obj/tm.o
                                0x1be (size before relaxing)
 .debug_str     0x000024dd      0x434 build/obj/stm32_dma.o
                                0x5ee (size before relaxing)
 .debug_str     0x00002911       0xd1 build/obj/hal_lld.o
                                0x28e (size before relaxing)
 .debug_str     0x000029e2       0xa5 build/obj/adc_lld.o
                                0x942 (size before relaxing)
 .debug_str     0x00002a87       0x50 build/obj/pwm_lld.o
                                0x68b (size before relaxing)
 .debug_str     0x00002ad7       0x5d build/obj/serial_lld.o
                                0x87b (size before relaxing)
 .debug_str     0x00002b34       0xa8 build/obj/spi_lld.o
                                0x61d (size before relaxing)
 .debug_str     0x00002bdc       0x6a build/obj/pal_lld.o
                                0x2b5 (size before relaxing)
 .debug_str     0x00002c46       0x29 build/obj/board.o
                                0x1c3 (size before relaxing)
 .debug_str     0x00002c6f       0x32 build/obj/main.o
                                0x94b (size before relaxing)

.comment        0x00000000       0x11
 .comment       0x00000000       0x11 build/obj/crt0.o
                                 0x12 (size before relaxing)
 .comment       0x00000000       0x12 build/obj/vectors.o
 .comment       0x00000000       0x12 build/obj/chcore_v7m.o
 .comment       0x00000000       0x12 build/obj/nvic.o
 .comment       0x00000000       0x12 build/obj/chsys.o
 .comment       0x00000000       0x12 build/obj/chvt.o
 .comment       0x00000000       0x12 build/obj/chschd.o
 .comment       0x00000000       0x12 build/obj/chthreads.o
 .comment       0x00000000       0x12 build/obj/chdynamic.o
 .comment       0x00000000       0x12 build/obj/chregistry.o
 .comment       0x00000000       0x12 build/obj/chsem.o
 .comment       0x00000000       0x12 build/obj/chmtx.o
 .comment       0x00000000       0x12 build/obj/chcond.o
 .comment       0x00000000       0x12 build/obj/chevents.o
 .comment       0x00000000       0x12 build/obj/chmsg.o
 .comment       0x00000000       0x12 build/obj/chmboxes.o
 .comment       0x00000000       0x12 build/obj/chqueues.o
 .comment       0x00000000       0x12 build/obj/chmemcore.o
 .comment       0x00000000       0x12 build/obj/chheap.o
 .comment       0x00000000       0x12 build/obj/chmempools.o
 .comment       0x00000000       0x12 build/obj/test.o
 .comment       0x00000000       0x12 build/obj/testthd.o
 .comment       0x00000000       0x12 build/obj/testsem.o
 .comment       0x00000000       0x12 build/obj/testmtx.o
 .comment       0x00000000       0x12 build/obj/testmsg.o
 .comment       0x00000000       0x12 build/obj/testmbox.o
 .comment       0x00000000       0x12 build/obj/testevt.o
 .comment       0x00000000       0x12 build/obj/testheap.o
 .comment       0x00000000       0x12 build/obj/testpools.o
 .comment       0x00000000       0x12 build/obj/testdyn.o
 .comment       0x00000000       0x12 build/obj/testqueues.o
 .comment       0x00000000       0x12 build/obj/testbmk.o
 .comment       0x00000000       0x12 build/obj/hal.o
 .comment       0x00000000       0x12 build/obj/adc.o
 .comment       0x00000000       0x12 build/obj/pwm.o
 .comment       0x00000000       0x12 build/obj/serial.o
 .comment       0x00000000       0x12 build/obj/spi.o
 .comment       0x00000000       0x12 build/obj/tm.o
 .comment       0x00000000       0x12 build/obj/stm32_dma.o
 .comment       0x00000000       0x12 build/obj/hal_lld.o
 .comment       0x00000000       0x12 build/obj/adc_lld.o
 .comment       0x00000000       0x12 build/obj/pwm_lld.o
 .comment       0x00000000       0x12 build/obj/serial_lld.o
 .comment       0x00000000       0x12 build/obj/spi_lld.o
 .comment       0x00000000       0x12 build/obj/pal_lld.o
 .comment       0x00000000       0x12 build/obj/board.o
 .comment       0x00000000       0x12 build/obj/main.o

.ARM.attributes
                0x00000000       0x33
 .ARM.attributes
                0x00000000       0x33 build/obj/crt0.o
 .ARM.attributes
                0x00000033       0x33 build/obj/vectors.o
 .ARM.attributes
                0x00000066       0x33 build/obj/chcore_v7m.o
 .ARM.attributes
                0x00000099       0x33 build/obj/nvic.o
 .ARM.attributes
                0x000000cc       0x33 build/obj/chsys.o
 .ARM.attributes
                0x000000ff       0x33 build/obj/chvt.o
 .ARM.attributes
                0x00000132       0x33 build/obj/chschd.o
 .ARM.attributes
                0x00000165       0x33 build/obj/chthreads.o
 .ARM.attributes
                0x00000198       0x33 build/obj/chdynamic.o
 .ARM.attributes
                0x000001cb       0x33 build/obj/chregistry.o
 .ARM.attributes
                0x000001fe       0x33 build/obj/chsem.o
 .ARM.attributes
                0x00000231       0x33 build/obj/chmtx.o
 .ARM.attributes
                0x00000264       0x33 build/obj/chcond.o
 .ARM.attributes
                0x00000297       0x33 build/obj/chevents.o
 .ARM.attributes
                0x000002ca       0x33 build/obj/chmsg.o
 .ARM.attributes
                0x000002fd       0x33 build/obj/chmboxes.o
 .ARM.attributes
                0x00000330       0x33 build/obj/chqueues.o
 .ARM.attributes
                0x00000363       0x33 build/obj/chmemcore.o
 .ARM.attributes
                0x00000396       0x33 build/obj/chheap.o
 .ARM.attributes
                0x000003c9       0x33 build/obj/chmempools.o
 .ARM.attributes
                0x000003fc       0x33 build/obj/test.o
 .ARM.attributes
                0x0000042f       0x33 build/obj/testthd.o
 .ARM.attributes
                0x00000462       0x33 build/obj/testsem.o
 .ARM.attributes
                0x00000495       0x33 build/obj/testmtx.o
 .ARM.attributes
                0x000004c8       0x33 build/obj/testmsg.o
 .ARM.attributes
                0x000004fb       0x33 build/obj/testmbox.o
 .ARM.attributes
                0x0000052e       0x33 build/obj/testevt.o
 .ARM.attributes
                0x00000561       0x33 build/obj/testheap.o
 .ARM.attributes
                0x00000594       0x33 build/obj/testpools.o
 .ARM.attributes
                0x000005c7       0x33 build/obj/testdyn.o
 .ARM.attributes
                0x000005fa       0x33 build/obj/testqueues.o
 .ARM.attributes
                0x0000062d       0x33 build/obj/testbmk.o
 .ARM.attributes
                0x00000660       0x33 build/obj/hal.o
 .ARM.attributes
                0x00000693       0x33 build/obj/adc.o
 .ARM.attributes
                0x000006c6       0x33 build/obj/pwm.o
 .ARM.attributes
                0x000006f9       0x33 build/obj/serial.o
 .ARM.attributes
                0x0000072c       0x33 build/obj/spi.o
 .ARM.attributes
                0x0000075f       0x33 build/obj/tm.o
 .ARM.attributes
                0x00000792       0x33 build/obj/stm32_dma.o
 .ARM.attributes
                0x000007c5       0x33 build/obj/hal_lld.o
 .ARM.attributes
                0x000007f8       0x33 build/obj/adc_lld.o
 .ARM.attributes
                0x0000082b       0x33 build/obj/pwm_lld.o
 .ARM.attributes
                0x0000085e       0x33 build/obj/serial_lld.o
 .ARM.attributes
                0x00000891       0x33 build/obj/spi_lld.o
 .ARM.attributes
                0x000008c4       0x33 build/obj/pal_lld.o
 .ARM.attributes
                0x000008f7       0x33 build/obj/board.o
 .ARM.attributes
                0x0000092a       0x33 build/obj/main.o

.debug_frame    0x00000000     0x27c0
 .debug_frame   0x00000000       0x50 build/obj/crt0.o
 .debug_frame   0x00000050       0x20 build/obj/vectors.o
 .debug_frame   0x00000070       0x98 build/obj/chcore_v7m.o
 .debug_frame   0x00000108       0x5c build/obj/nvic.o
 .debug_frame   0x00000164       0x5c build/obj/chsys.o
 .debug_frame   0x000001c0       0x5c build/obj/chvt.o
 .debug_frame   0x0000021c       0xc8 build/obj/chschd.o
 .debug_frame   0x000002e4      0x160 build/obj/chthreads.o
 .debug_frame   0x00000444       0x80 build/obj/chdynamic.o
 .debug_frame   0x000004c4       0x3c build/obj/chregistry.o
 .debug_frame   0x00000500      0x130 build/obj/chsem.o
 .debug_frame   0x00000630       0xe4 build/obj/chmtx.o
 .debug_frame   0x00000714      0x11c build/obj/chcond.o
 .debug_frame   0x00000830      0x1c0 build/obj/chevents.o
 .debug_frame   0x000009f0       0x68 build/obj/chmsg.o
 .debug_frame   0x00000a58      0x154 build/obj/chmboxes.o
 .debug_frame   0x00000bac      0x170 build/obj/chqueues.o
 .debug_frame   0x00000d1c       0x50 build/obj/chmemcore.o
 .debug_frame   0x00000d6c       0x98 build/obj/chheap.o
 .debug_frame   0x00000e04       0x78 build/obj/chmempools.o
 .debug_frame   0x00000e7c      0x1dc build/obj/test.o
 .debug_frame   0x00001058       0xc4 build/obj/testthd.o
 .debug_frame   0x0000111c      0x138 build/obj/testsem.o
 .debug_frame   0x00001254      0x398 build/obj/testmtx.o
 .debug_frame   0x000015ec       0x48 build/obj/testmsg.o
 .debug_frame   0x00001634       0x48 build/obj/testmbox.o
 .debug_frame   0x0000167c      0x108 build/obj/testevt.o
 .debug_frame   0x00001784       0x44 build/obj/testheap.o
 .debug_frame   0x000017c8       0x50 build/obj/testpools.o
 .debug_frame   0x00001818       0xdc build/obj/testdyn.o
 .debug_frame   0x000018f4       0xc8 build/obj/testqueues.o
 .debug_frame   0x000019bc      0x2b8 build/obj/testbmk.o
 .debug_frame   0x00001c74       0x54 build/obj/hal.o
 .debug_frame   0x00001cc8      0x118 build/obj/adc.o
 .debug_frame   0x00001de0       0xb8 build/obj/pwm.o
 .debug_frame   0x00001e98      0x148 build/obj/serial.o
 .debug_frame   0x00001fe0      0x1a8 build/obj/spi.o
 .debug_frame   0x00002188       0x5c build/obj/tm.o
 .debug_frame   0x000021e4      0x134 build/obj/stm32_dma.o
 .debug_frame   0x00002318       0x38 build/obj/hal_lld.o
 .debug_frame   0x00002350      0x11c build/obj/adc_lld.o
 .debug_frame   0x0000246c       0xb4 build/obj/pwm_lld.o